<?xml version="1.0" encoding="ISO-8859-1" ?>
<link_info>
   <banner>TI ARM Linker PC v18.1.3.LTS</banner>
   <copyright>Copyright (c) 1996-2017 Texas Instruments Incorporated</copyright>
   <link_time>0x5c071eb9</link_time>
   <link_errors>0x0</link_errors>
   <output_file>226 Final Project.out</output_file>
   <entry_point>
      <name>_c_int00_noargs</name>
      <address>0x40ad</address>
   </entry_point>
   <input_file_list>
      <input_file id="fl-2">
         <path>.\</path>
         <kind>object</kind>
         <file>main.obj</file>
         <name>main.obj</name>
      </input_file>
      <input_file id="fl-3">
         <path>.\</path>
         <kind>object</kind>
         <file>startup_msp432p401r_ccs.obj</file>
         <name>startup_msp432p401r_ccs.obj</name>
      </input_file>
      <input_file id="fl-4">
         <path>.\</path>
         <kind>object</kind>
         <file>system_msp432p401r.obj</file>
         <name>system_msp432p401r.obj</name>
      </input_file>
      <input_file id="fl-8">
         <kind>object</kind>
         <file>&lt;internal&gt;</file>
         <name>&lt;internal&gt;</name>
      </input_file>
      <input_file id="fl-be">
         <path>C:\ti\ccsv8\tools\compiler\ti-cgt-arm_18.1.3.LTS\lib\</path>
         <kind>archive</kind>
         <file>rtsv7M4_T_le_v4SPD16_eabi.lib</file>
         <name>fd_add_t2.asm.obj</name>
      </input_file>
      <input_file id="fl-bf">
         <path>C:\ti\ccsv8\tools\compiler\ti-cgt-arm_18.1.3.LTS\lib\</path>
         <kind>archive</kind>
         <file>rtsv7M4_T_le_v4SPD16_eabi.lib</file>
         <name>fd_div_t2.asm.obj</name>
      </input_file>
      <input_file id="fl-c0">
         <path>C:\ti\ccsv8\tools\compiler\ti-cgt-arm_18.1.3.LTS\lib\</path>
         <kind>archive</kind>
         <file>rtsv7M4_T_le_v4SPD16_eabi.lib</file>
         <name>fd_mul_t2.asm.obj</name>
      </input_file>
      <input_file id="fl-c1">
         <path>C:\ti\ccsv8\tools\compiler\ti-cgt-arm_18.1.3.LTS\lib\</path>
         <kind>archive</kind>
         <file>rtsv7M4_T_le_v4SPD16_eabi.lib</file>
         <name>fd_toi_t2.asm.obj</name>
      </input_file>
      <input_file id="fl-c2">
         <path>C:\ti\ccsv8\tools\compiler\ti-cgt-arm_18.1.3.LTS\lib\</path>
         <kind>archive</kind>
         <file>rtsv7M4_T_le_v4SPD16_eabi.lib</file>
         <name>fd_tos_t2.asm.obj</name>
      </input_file>
      <input_file id="fl-c3">
         <path>C:\ti\ccsv8\tools\compiler\ti-cgt-arm_18.1.3.LTS\lib\</path>
         <kind>archive</kind>
         <file>rtsv7M4_T_le_v4SPD16_eabi.lib</file>
         <name>fs_tod_t2.asm.obj</name>
      </input_file>
      <input_file id="fl-c4">
         <path>C:\ti\ccsv8\tools\compiler\ti-cgt-arm_18.1.3.LTS\lib\</path>
         <kind>archive</kind>
         <file>rtsv7M4_T_le_v4SPD16_eabi.lib</file>
         <name>i_tofd_t2.asm.obj</name>
      </input_file>
      <input_file id="fl-c5">
         <path>C:\ti\ccsv8\tools\compiler\ti-cgt-arm_18.1.3.LTS\lib\</path>
         <kind>archive</kind>
         <file>rtsv7M4_T_le_v4SPD16_eabi.lib</file>
         <name>memcpy_t2.asm.obj</name>
      </input_file>
      <input_file id="fl-c6">
         <path>C:\ti\ccsv8\tools\compiler\ti-cgt-arm_18.1.3.LTS\lib\</path>
         <kind>archive</kind>
         <file>rtsv7M4_T_le_v4SPD16_eabi.lib</file>
         <name>copy_zero_init.c.obj</name>
      </input_file>
      <input_file id="fl-c7">
         <path>C:\ti\ccsv8\tools\compiler\ti-cgt-arm_18.1.3.LTS\lib\</path>
         <kind>archive</kind>
         <file>rtsv7M4_T_le_v4SPD16_eabi.lib</file>
         <name>copy_decompress_none.c.obj</name>
      </input_file>
      <input_file id="fl-c8">
         <path>C:\ti\ccsv8\tools\compiler\ti-cgt-arm_18.1.3.LTS\lib\</path>
         <kind>archive</kind>
         <file>rtsv7M4_T_le_v4SPD16_eabi.lib</file>
         <name>copy_decompress_lzss.c.obj</name>
      </input_file>
      <input_file id="fl-c9">
         <path>C:\ti\ccsv8\tools\compiler\ti-cgt-arm_18.1.3.LTS\lib\</path>
         <kind>archive</kind>
         <file>rtsv7M4_T_le_v4SPD16_eabi.lib</file>
         <name>printf.c.obj</name>
      </input_file>
      <input_file id="fl-ca">
         <path>C:\ti\ccsv8\tools\compiler\ti-cgt-arm_18.1.3.LTS\lib\</path>
         <kind>archive</kind>
         <file>rtsv7M4_T_le_v4SPD16_eabi.lib</file>
         <name>sprintf.c.obj</name>
      </input_file>
      <input_file id="fl-cb">
         <path>C:\ti\ccsv8\tools\compiler\ti-cgt-arm_18.1.3.LTS\lib\</path>
         <kind>archive</kind>
         <file>rtsv7M4_T_le_v4SPD16_eabi.lib</file>
         <name>boot_cortex_m.c.obj</name>
      </input_file>
      <input_file id="fl-cc">
         <path>C:\ti\ccsv8\tools\compiler\ti-cgt-arm_18.1.3.LTS\lib\</path>
         <kind>archive</kind>
         <file>rtsv7M4_T_le_v4SPD16_eabi.lib</file>
         <name>memset_t2.asm.obj</name>
      </input_file>
      <input_file id="fl-cd">
         <path>C:\ti\ccsv8\tools\compiler\ti-cgt-arm_18.1.3.LTS\lib\</path>
         <kind>archive</kind>
         <file>rtsv7M4_T_le_v4SPD16_eabi.lib</file>
         <name>autoinit.c.obj</name>
      </input_file>
      <input_file id="fl-ce">
         <path>C:\ti\ccsv8\tools\compiler\ti-cgt-arm_18.1.3.LTS\lib\</path>
         <kind>archive</kind>
         <file>rtsv7M4_T_le_v4SPD16_eabi.lib</file>
         <name>pre_init.c.obj</name>
      </input_file>
      <input_file id="fl-cf">
         <path>C:\ti\ccsv8\tools\compiler\ti-cgt-arm_18.1.3.LTS\lib\</path>
         <kind>archive</kind>
         <file>rtsv7M4_T_le_v4SPD16_eabi.lib</file>
         <name>cpy_tbl.c.obj</name>
      </input_file>
      <input_file id="fl-d0">
         <path>C:\ti\ccsv8\tools\compiler\ti-cgt-arm_18.1.3.LTS\lib\</path>
         <kind>archive</kind>
         <file>rtsv7M4_T_le_v4SPD16_eabi.lib</file>
         <name>exit.c.obj</name>
      </input_file>
      <input_file id="fl-d1">
         <path>C:\ti\ccsv8\tools\compiler\ti-cgt-arm_18.1.3.LTS\lib\</path>
         <kind>archive</kind>
         <file>rtsv7M4_T_le_v4SPD16_eabi.lib</file>
         <name>_lock.c.obj</name>
      </input_file>
      <input_file id="fl-d2">
         <path>C:\ti\ccsv8\tools\compiler\ti-cgt-arm_18.1.3.LTS\lib\</path>
         <kind>archive</kind>
         <file>rtsv7M4_T_le_v4SPD16_eabi.lib</file>
         <name>_printfi.c.obj</name>
      </input_file>
      <input_file id="fl-d3">
         <path>C:\ti\ccsv8\tools\compiler\ti-cgt-arm_18.1.3.LTS\lib\</path>
         <kind>archive</kind>
         <file>rtsv7M4_T_le_v4SPD16_eabi.lib</file>
         <name>args_main.c.obj</name>
      </input_file>
      <input_file id="fl-d4">
         <path>C:\ti\ccsv8\tools\compiler\ti-cgt-arm_18.1.3.LTS\lib\</path>
         <kind>archive</kind>
         <file>rtsv7M4_T_le_v4SPD16_eabi.lib</file>
         <name>atoi.c.obj</name>
      </input_file>
      <input_file id="fl-d5">
         <path>C:\ti\ccsv8\tools\compiler\ti-cgt-arm_18.1.3.LTS\lib\</path>
         <kind>archive</kind>
         <file>rtsv7M4_T_le_v4SPD16_eabi.lib</file>
         <name>ctype.c.obj</name>
      </input_file>
      <input_file id="fl-d6">
         <path>C:\ti\ccsv8\tools\compiler\ti-cgt-arm_18.1.3.LTS\lib\</path>
         <kind>archive</kind>
         <file>rtsv7M4_T_le_v4SPD16_eabi.lib</file>
         <name>defs.c.obj</name>
      </input_file>
      <input_file id="fl-d7">
         <path>C:\ti\ccsv8\tools\compiler\ti-cgt-arm_18.1.3.LTS\lib\</path>
         <kind>archive</kind>
         <file>rtsv7M4_T_le_v4SPD16_eabi.lib</file>
         <name>fputc.c.obj</name>
      </input_file>
      <input_file id="fl-d8">
         <path>C:\ti\ccsv8\tools\compiler\ti-cgt-arm_18.1.3.LTS\lib\</path>
         <kind>archive</kind>
         <file>rtsv7M4_T_le_v4SPD16_eabi.lib</file>
         <name>fputs.c.obj</name>
      </input_file>
      <input_file id="fl-d9">
         <path>C:\ti\ccsv8\tools\compiler\ti-cgt-arm_18.1.3.LTS\lib\</path>
         <kind>archive</kind>
         <file>rtsv7M4_T_le_v4SPD16_eabi.lib</file>
         <name>ltoa.c.obj</name>
      </input_file>
      <input_file id="fl-da">
         <path>C:\ti\ccsv8\tools\compiler\ti-cgt-arm_18.1.3.LTS\lib\</path>
         <kind>archive</kind>
         <file>rtsv7M4_T_le_v4SPD16_eabi.lib</file>
         <name>memccpy.c.obj</name>
      </input_file>
      <input_file id="fl-db">
         <path>C:\ti\ccsv8\tools\compiler\ti-cgt-arm_18.1.3.LTS\lib\</path>
         <kind>archive</kind>
         <file>rtsv7M4_T_le_v4SPD16_eabi.lib</file>
         <name>memchr.c.obj</name>
      </input_file>
      <input_file id="fl-dc">
         <path>C:\ti\ccsv8\tools\compiler\ti-cgt-arm_18.1.3.LTS\lib\</path>
         <kind>archive</kind>
         <file>rtsv7M4_T_le_v4SPD16_eabi.lib</file>
         <name>strchr.c.obj</name>
      </input_file>
      <input_file id="fl-dd">
         <path>C:\ti\ccsv8\tools\compiler\ti-cgt-arm_18.1.3.LTS\lib\</path>
         <kind>archive</kind>
         <file>rtsv7M4_T_le_v4SPD16_eabi.lib</file>
         <name>strlen.c.obj</name>
      </input_file>
      <input_file id="fl-de">
         <path>C:\ti\ccsv8\tools\compiler\ti-cgt-arm_18.1.3.LTS\lib\</path>
         <kind>archive</kind>
         <file>rtsv7M4_T_le_v4SPD16_eabi.lib</file>
         <name>write.c.obj</name>
      </input_file>
      <input_file id="fl-df">
         <path>C:\ti\ccsv8\tools\compiler\ti-cgt-arm_18.1.3.LTS\lib\</path>
         <kind>archive</kind>
         <file>rtsv7M4_T_le_v4SPD16_eabi.lib</file>
         <name>errno.c.obj</name>
      </input_file>
      <input_file id="fl-e0">
         <path>C:\ti\ccsv8\tools\compiler\ti-cgt-arm_18.1.3.LTS\lib\</path>
         <kind>archive</kind>
         <file>rtsv7M4_T_le_v4SPD16_eabi.lib</file>
         <name>s_frexp.c.obj</name>
      </input_file>
      <input_file id="fl-e1">
         <path>C:\ti\ccsv8\tools\compiler\ti-cgt-arm_18.1.3.LTS\lib\</path>
         <kind>archive</kind>
         <file>rtsv7M4_T_le_v4SPD16_eabi.lib</file>
         <name>s_scalbn.c.obj</name>
      </input_file>
      <input_file id="fl-e2">
         <path>C:\ti\ccsv8\tools\compiler\ti-cgt-arm_18.1.3.LTS\lib\</path>
         <kind>archive</kind>
         <file>rtsv7M4_T_le_v4SPD16_eabi.lib</file>
         <name>wcslen.c.obj</name>
      </input_file>
      <input_file id="fl-e3">
         <path>C:\ti\ccsv8\tools\compiler\ti-cgt-arm_18.1.3.LTS\lib\</path>
         <kind>archive</kind>
         <file>rtsv7M4_T_le_v4SPD16_eabi.lib</file>
         <name>s_copysign.c.obj</name>
      </input_file>
      <input_file id="fl-e4">
         <path>C:\ti\ccsv8\tools\compiler\ti-cgt-arm_18.1.3.LTS\lib\</path>
         <kind>archive</kind>
         <file>rtsv7M4_T_le_v4SPD16_eabi.lib</file>
         <name>ull_div_t2.asm.obj</name>
      </input_file>
      <input_file id="fl-e5">
         <path>C:\ti\ccsv8\tools\compiler\ti-cgt-arm_18.1.3.LTS\lib\</path>
         <kind>archive</kind>
         <file>rtsv7M4_T_le_v4SPD16_eabi.lib</file>
         <name>fd_cmp_t2.asm.obj</name>
      </input_file>
      <input_file id="fl-e6">
         <path>C:\ti\ccsv8\tools\compiler\ti-cgt-arm_18.1.3.LTS\lib\</path>
         <kind>archive</kind>
         <file>rtsv7M4_T_le_v4SPD16_eabi.lib</file>
         <name>_io_perm.c.obj</name>
      </input_file>
      <input_file id="fl-e7">
         <path>C:\ti\ccsv8\tools\compiler\ti-cgt-arm_18.1.3.LTS\lib\</path>
         <kind>archive</kind>
         <file>rtsv7M4_T_le_v4SPD16_eabi.lib</file>
         <name>fflush.c.obj</name>
      </input_file>
      <input_file id="fl-e8">
         <path>C:\ti\ccsv8\tools\compiler\ti-cgt-arm_18.1.3.LTS\lib\</path>
         <kind>archive</kind>
         <file>rtsv7M4_T_le_v4SPD16_eabi.lib</file>
         <name>fseek.c.obj</name>
      </input_file>
      <input_file id="fl-e9">
         <path>C:\ti\ccsv8\tools\compiler\ti-cgt-arm_18.1.3.LTS\lib\</path>
         <kind>archive</kind>
         <file>rtsv7M4_T_le_v4SPD16_eabi.lib</file>
         <name>lseek.c.obj</name>
      </input_file>
      <input_file id="fl-ea">
         <path>C:\ti\ccsv8\tools\compiler\ti-cgt-arm_18.1.3.LTS\lib\</path>
         <kind>archive</kind>
         <file>rtsv7M4_T_le_v4SPD16_eabi.lib</file>
         <name>setvbuf.c.obj</name>
      </input_file>
      <input_file id="fl-eb">
         <path>C:\ti\ccsv8\tools\compiler\ti-cgt-arm_18.1.3.LTS\lib\</path>
         <kind>archive</kind>
         <file>rtsv7M4_T_le_v4SPD16_eabi.lib</file>
         <name>hostclose.c.obj</name>
      </input_file>
      <input_file id="fl-ec">
         <path>C:\ti\ccsv8\tools\compiler\ti-cgt-arm_18.1.3.LTS\lib\</path>
         <kind>archive</kind>
         <file>rtsv7M4_T_le_v4SPD16_eabi.lib</file>
         <name>hostlseek.c.obj</name>
      </input_file>
      <input_file id="fl-ed">
         <path>C:\ti\ccsv8\tools\compiler\ti-cgt-arm_18.1.3.LTS\lib\</path>
         <kind>archive</kind>
         <file>rtsv7M4_T_le_v4SPD16_eabi.lib</file>
         <name>hostopen.c.obj</name>
      </input_file>
      <input_file id="fl-ee">
         <path>C:\ti\ccsv8\tools\compiler\ti-cgt-arm_18.1.3.LTS\lib\</path>
         <kind>archive</kind>
         <file>rtsv7M4_T_le_v4SPD16_eabi.lib</file>
         <name>hostread.c.obj</name>
      </input_file>
      <input_file id="fl-ef">
         <path>C:\ti\ccsv8\tools\compiler\ti-cgt-arm_18.1.3.LTS\lib\</path>
         <kind>archive</kind>
         <file>rtsv7M4_T_le_v4SPD16_eabi.lib</file>
         <name>hostrename.c.obj</name>
      </input_file>
      <input_file id="fl-f0">
         <path>C:\ti\ccsv8\tools\compiler\ti-cgt-arm_18.1.3.LTS\lib\</path>
         <kind>archive</kind>
         <file>rtsv7M4_T_le_v4SPD16_eabi.lib</file>
         <name>hostunlink.c.obj</name>
      </input_file>
      <input_file id="fl-f1">
         <path>C:\ti\ccsv8\tools\compiler\ti-cgt-arm_18.1.3.LTS\lib\</path>
         <kind>archive</kind>
         <file>rtsv7M4_T_le_v4SPD16_eabi.lib</file>
         <name>hostwrite.c.obj</name>
      </input_file>
      <input_file id="fl-f2">
         <path>C:\ti\ccsv8\tools\compiler\ti-cgt-arm_18.1.3.LTS\lib\</path>
         <kind>archive</kind>
         <file>rtsv7M4_T_le_v4SPD16_eabi.lib</file>
         <name>trgmsg.c.obj</name>
      </input_file>
      <input_file id="fl-f3">
         <path>C:\ti\ccsv8\tools\compiler\ti-cgt-arm_18.1.3.LTS\lib\</path>
         <kind>archive</kind>
         <file>rtsv7M4_T_le_v4SPD16_eabi.lib</file>
         <name>div0.asm.obj</name>
      </input_file>
      <input_file id="fl-f4">
         <path>C:\ti\ccsv8\tools\compiler\ti-cgt-arm_18.1.3.LTS\lib\</path>
         <kind>archive</kind>
         <file>rtsv7M4_T_le_v4SPD16_eabi.lib</file>
         <name>memory.c.obj</name>
      </input_file>
      <input_file id="fl-f5">
         <path>C:\ti\ccsv8\tools\compiler\ti-cgt-arm_18.1.3.LTS\lib\</path>
         <kind>archive</kind>
         <file>rtsv7M4_T_le_v4SPD16_eabi.lib</file>
         <name>fopen.c.obj</name>
      </input_file>
      <input_file id="fl-f6">
         <path>C:\ti\ccsv8\tools\compiler\ti-cgt-arm_18.1.3.LTS\lib\</path>
         <kind>archive</kind>
         <file>rtsv7M4_T_le_v4SPD16_eabi.lib</file>
         <name>open.c.obj</name>
      </input_file>
      <input_file id="fl-f7">
         <path>C:\ti\ccsv8\tools\compiler\ti-cgt-arm_18.1.3.LTS\lib\</path>
         <kind>archive</kind>
         <file>rtsv7M4_T_le_v4SPD16_eabi.lib</file>
         <name>strcpy.c.obj</name>
      </input_file>
      <input_file id="fl-f8">
         <path>C:\ti\ccsv8\tools\compiler\ti-cgt-arm_18.1.3.LTS\lib\</path>
         <kind>archive</kind>
         <file>rtsv7M4_T_le_v4SPD16_eabi.lib</file>
         <name>fclose.c.obj</name>
      </input_file>
      <input_file id="fl-f9">
         <path>C:\ti\ccsv8\tools\compiler\ti-cgt-arm_18.1.3.LTS\lib\</path>
         <kind>archive</kind>
         <file>rtsv7M4_T_le_v4SPD16_eabi.lib</file>
         <name>getdevice.c.obj</name>
      </input_file>
      <input_file id="fl-fa">
         <path>C:\ti\ccsv8\tools\compiler\ti-cgt-arm_18.1.3.LTS\lib\</path>
         <kind>archive</kind>
         <file>rtsv7M4_T_le_v4SPD16_eabi.lib</file>
         <name>remove.c.obj</name>
      </input_file>
      <input_file id="fl-fb">
         <path>C:\ti\ccsv8\tools\compiler\ti-cgt-arm_18.1.3.LTS\lib\</path>
         <kind>archive</kind>
         <file>rtsv7M4_T_le_v4SPD16_eabi.lib</file>
         <name>strcmp.c.obj</name>
      </input_file>
      <input_file id="fl-fc">
         <path>C:\ti\ccsv8\tools\compiler\ti-cgt-arm_18.1.3.LTS\lib\</path>
         <kind>archive</kind>
         <file>rtsv7M4_T_le_v4SPD16_eabi.lib</file>
         <name>strncpy.c.obj</name>
      </input_file>
      <input_file id="fl-fd">
         <path>C:\ti\ccsv8\tools\compiler\ti-cgt-arm_18.1.3.LTS\lib\</path>
         <kind>archive</kind>
         <file>rtsv7M4_T_le_v4SPD16_eabi.lib</file>
         <name>unlink.c.obj</name>
      </input_file>
      <input_file id="fl-fe">
         <path>C:\ti\ccsv8\tools\compiler\ti-cgt-arm_18.1.3.LTS\lib\</path>
         <kind>archive</kind>
         <file>rtsv7M4_T_le_v4SPD16_eabi.lib</file>
         <name>close.c.obj</name>
      </input_file>
   </input_file_list>
   <object_component_list>
      <object_component id="oc-23">
         <name>.intvecs:retain</name>
         <load_address>0x0</load_address>
         <run_address>0x0</run_address>
         <size>0xe4</size>
         <input_file_ref idref="fl-3"/>
      </object_component>
      <object_component id="oc-6d">
         <name>.text</name>
         <load_address>0xe4</load_address>
         <run_address>0xe4</run_address>
         <size>0x15b4</size>
         <input_file_ref idref="fl-2"/>
      </object_component>
      <object_component id="oc-175">
         <name>.text:__TI_printfi</name>
         <load_address>0x1698</load_address>
         <run_address>0x1698</run_address>
         <size>0xa5e</size>
         <input_file_ref idref="fl-d2"/>
      </object_component>
      <object_component id="oc-22e">
         <name>.text:_nop</name>
         <load_address>0x20f6</load_address>
         <run_address>0x20f6</run_address>
         <size>0x2</size>
         <input_file_ref idref="fl-d1"/>
      </object_component>
      <object_component id="oc-a9">
         <name>.text</name>
         <load_address>0x20f8</load_address>
         <run_address>0x20f8</run_address>
         <size>0x334</size>
         <input_file_ref idref="fl-4"/>
      </object_component>
      <object_component id="oc-20a">
         <name>.text:_pconv_a</name>
         <load_address>0x242c</load_address>
         <run_address>0x242c</run_address>
         <size>0x270</size>
         <input_file_ref idref="fl-d2"/>
      </object_component>
      <object_component id="oc-1f8">
         <name>.text:_pconv_g</name>
         <load_address>0x269c</load_address>
         <run_address>0x269c</run_address>
         <size>0x1d0</size>
         <input_file_ref idref="fl-d2"/>
      </object_component>
      <object_component id="oc-de">
         <name>.text</name>
         <load_address>0x286c</load_address>
         <run_address>0x286c</run_address>
         <size>0x1b6</size>
         <input_file_ref idref="fl-be"/>
      </object_component>
      <object_component id="oc-306">
         <name>.text</name>
         <load_address>0x2a22</load_address>
         <run_address>0x2a22</run_address>
         <size>0x2</size>
         <input_file_ref idref="fl-f3"/>
      </object_component>
      <object_component id="oc-204">
         <name>.text:_pconv_e</name>
         <load_address>0x2a24</load_address>
         <run_address>0x2a24</run_address>
         <size>0x13c</size>
         <input_file_ref idref="fl-d2"/>
      </object_component>
      <object_component id="oc-ed">
         <name>.text</name>
         <load_address>0x2b60</load_address>
         <run_address>0x2b60</run_address>
         <size>0x136</size>
         <input_file_ref idref="fl-bf"/>
      </object_component>
      <object_component id="oc-292">
         <name>.text:fcvt</name>
         <load_address>0x2c98</load_address>
         <run_address>0x2c98</run_address>
         <size>0x120</size>
         <input_file_ref idref="fl-d2"/>
      </object_component>
      <object_component id="oc-23c">
         <name>.text:fputs</name>
         <load_address>0x2db8</load_address>
         <run_address>0x2db8</run_address>
         <size>0x114</size>
         <input_file_ref idref="fl-d8"/>
      </object_component>
      <object_component id="oc-2a6">
         <name>.text:scalbn</name>
         <load_address>0x2ecc</load_address>
         <run_address>0x2ecc</run_address>
         <size>0x110</size>
         <input_file_ref idref="fl-e1"/>
      </object_component>
      <object_component id="oc-d9">
         <name>.text</name>
         <load_address>0x2fdc</load_address>
         <run_address>0x2fdc</run_address>
         <size>0xfc</size>
         <input_file_ref idref="fl-c0"/>
      </object_component>
      <object_component id="oc-33c">
         <name>.text:setvbuf</name>
         <load_address>0x30d8</load_address>
         <run_address>0x30d8</run_address>
         <size>0xdc</size>
         <input_file_ref idref="fl-ea"/>
      </object_component>
      <object_component id="oc-36a">
         <name>.text:free</name>
         <load_address>0x31b4</load_address>
         <run_address>0x31b4</run_address>
         <size>0xd8</size>
         <input_file_ref idref="fl-f4"/>
      </object_component>
      <object_component id="oc-1ed">
         <name>.text:_ltostr</name>
         <load_address>0x328c</load_address>
         <run_address>0x328c</run_address>
         <size>0xb1</size>
         <input_file_ref idref="fl-d2"/>
      </object_component>
      <object_component id="oc-37">
         <name>.text</name>
         <load_address>0x333e</load_address>
         <run_address>0x333e</run_address>
         <size>0x9c</size>
         <input_file_ref idref="fl-c5"/>
      </object_component>
      <object_component id="oc-273">
         <name>.text</name>
         <load_address>0x33da</load_address>
         <run_address>0x33da</run_address>
         <size>0x96</size>
         <input_file_ref idref="fl-e4"/>
      </object_component>
      <object_component id="oc-243">
         <name>.text:fputc</name>
         <load_address>0x3470</load_address>
         <run_address>0x3470</run_address>
         <size>0x8c</size>
         <input_file_ref idref="fl-d7"/>
      </object_component>
      <object_component id="oc-1f3">
         <name>.text:__aeabi_cdcmple</name>
         <load_address>0x34fc</load_address>
         <run_address>0x34fc</run_address>
         <size>0x86</size>
         <input_file_ref idref="fl-e5"/>
      </object_component>
      <object_component id="oc-27a">
         <name>.text:__aeabi_cdrcmple</name>
         <load_address>0x3582</load_address>
         <run_address>0x3582</run_address>
         <size>0x86</size>
         <input_file_ref idref="fl-e5"/>
      </object_component>
      <object_component id="oc-91">
         <name>.text</name>
         <load_address>0x3608</load_address>
         <run_address>0x3608</run_address>
         <size>0x7a</size>
         <input_file_ref idref="fl-cc"/>
      </object_component>
      <object_component id="oc-370">
         <name>.text:malloc</name>
         <load_address>0x3684</load_address>
         <run_address>0x3684</run_address>
         <size>0x78</size>
         <input_file_ref idref="fl-f4"/>
      </object_component>
      <object_component id="oc-3b5">
         <name>.text:__TI_closefile</name>
         <load_address>0x36fc</load_address>
         <run_address>0x36fc</run_address>
         <size>0x74</size>
         <input_file_ref idref="fl-f8"/>
      </object_component>
      <object_component id="oc-28b">
         <name>.text:_mcpy</name>
         <load_address>0x3770</load_address>
         <run_address>0x3770</run_address>
         <size>0x6e</size>
         <input_file_ref idref="fl-d2"/>
      </object_component>
      <object_component id="oc-e3">
         <name>.text</name>
         <load_address>0x37de</load_address>
         <run_address>0x37de</run_address>
         <size>0x6e</size>
         <input_file_ref idref="fl-c2"/>
      </object_component>
      <object_component id="oc-3d9">
         <name>.text:HOSTlseek</name>
         <load_address>0x384c</load_address>
         <run_address>0x384c</run_address>
         <size>0x68</size>
         <input_file_ref idref="fl-ec"/>
      </object_component>
      <object_component id="oc-3e5">
         <name>.text:HOSTrename</name>
         <load_address>0x38b4</load_address>
         <run_address>0x38b4</run_address>
         <size>0x68</size>
         <input_file_ref idref="fl-ef"/>
      </object_component>
      <object_component id="oc-14">
         <name>.text:decompress:lzss:__TI_decompress_lzss</name>
         <load_address>0x391c</load_address>
         <run_address>0x391c</run_address>
         <size>0x68</size>
         <input_file_ref idref="fl-c8"/>
      </object_component>
      <object_component id="oc-b5">
         <name>.text:printf</name>
         <load_address>0x3984</load_address>
         <run_address>0x3984</run_address>
         <size>0x68</size>
         <input_file_ref idref="fl-c9"/>
      </object_component>
      <object_component id="oc-2a0">
         <name>.text:frexp</name>
         <load_address>0x39ec</load_address>
         <run_address>0x39ec</run_address>
         <size>0x64</size>
         <input_file_ref idref="fl-e0"/>
      </object_component>
      <object_component id="oc-336">
         <name>.text:fseek</name>
         <load_address>0x3a50</load_address>
         <run_address>0x3a50</run_address>
         <size>0x64</size>
         <input_file_ref idref="fl-e8"/>
      </object_component>
      <object_component id="oc-2d7">
         <name>.text:__TI_wrt_ok</name>
         <load_address>0x3ab4</load_address>
         <run_address>0x3ab4</run_address>
         <size>0x62</size>
         <input_file_ref idref="fl-e6"/>
      </object_component>
      <object_component id="oc-3c1">
         <name>.text:HOSTopen</name>
         <load_address>0x3b18</load_address>
         <run_address>0x3b18</run_address>
         <size>0x60</size>
         <input_file_ref idref="fl-ed"/>
      </object_component>
      <object_component id="oc-3f4">
         <name>.text:close</name>
         <load_address>0x3b78</load_address>
         <run_address>0x3b78</run_address>
         <size>0x5c</size>
         <input_file_ref idref="fl-fe"/>
      </object_component>
      <object_component id="oc-3cd">
         <name>.text:HOSTread</name>
         <load_address>0x3bd4</load_address>
         <run_address>0x3bd4</run_address>
         <size>0x58</size>
         <input_file_ref idref="fl-ee"/>
      </object_component>
      <object_component id="oc-3d3">
         <name>.text:HOSTwrite</name>
         <load_address>0x3c2c</load_address>
         <run_address>0x3c2c</run_address>
         <size>0x58</size>
         <input_file_ref idref="fl-f1"/>
      </object_component>
      <object_component id="oc-1fe">
         <name>.text:_pconv_f</name>
         <load_address>0x3c84</load_address>
         <run_address>0x3c84</run_address>
         <size>0x56</size>
         <input_file_ref idref="fl-d2"/>
      </object_component>
      <object_component id="oc-27f">
         <name>.text:ltoa</name>
         <load_address>0x3cda</load_address>
         <run_address>0x3cda</run_address>
         <size>0x54</size>
         <input_file_ref idref="fl-d9"/>
      </object_component>
      <object_component id="oc-285">
         <name>.text:_ecpy</name>
         <load_address>0x3d2e</load_address>
         <run_address>0x3d2e</run_address>
         <size>0x52</size>
         <input_file_ref idref="fl-d2"/>
      </object_component>
      <object_component id="oc-2e3">
         <name>.text:__TI_doflush</name>
         <load_address>0x3d80</load_address>
         <run_address>0x3d80</run_address>
         <size>0x4c</size>
         <input_file_ref idref="fl-e7"/>
      </object_component>
      <object_component id="oc-1e7">
         <name>.text:atoi</name>
         <load_address>0x3dcc</load_address>
         <run_address>0x3dcc</run_address>
         <size>0x4c</size>
         <input_file_ref idref="fl-d4"/>
      </object_component>
      <object_component id="oc-138">
         <name>.text:exit</name>
         <load_address>0x3e18</load_address>
         <run_address>0x3e18</run_address>
         <size>0x48</size>
         <input_file_ref idref="fl-d0"/>
      </object_component>
      <object_component id="oc-f2">
         <name>.text</name>
         <load_address>0x3e60</load_address>
         <run_address>0x3e60</run_address>
         <size>0x48</size>
         <input_file_ref idref="fl-c1"/>
      </object_component>
      <object_component id="oc-3c7">
         <name>.text:HOSTclose</name>
         <load_address>0x3ea8</load_address>
         <run_address>0x3ea8</run_address>
         <size>0x44</size>
         <input_file_ref idref="fl-eb"/>
      </object_component>
      <object_component id="oc-3df">
         <name>.text:HOSTunlink</name>
         <load_address>0x3eec</load_address>
         <run_address>0x3eec</run_address>
         <size>0x44</size>
         <input_file_ref idref="fl-f0"/>
      </object_component>
      <object_component id="oc-13e">
         <name>.text:__TI_auto_init_nobinit_nopinit:__TI_auto_init_nobinit_nopinit</name>
         <load_address>0x3f30</load_address>
         <run_address>0x3f30</run_address>
         <size>0x44</size>
         <input_file_ref idref="fl-cd"/>
      </object_component>
      <object_component id="oc-429">
         <name>.text:getdevice</name>
         <load_address>0x3f74</load_address>
         <run_address>0x3f74</run_address>
         <size>0x44</size>
         <input_file_ref idref="fl-f9"/>
      </object_component>
      <object_component id="oc-bb">
         <name>.text:sprintf</name>
         <load_address>0x3fb8</load_address>
         <run_address>0x3fb8</run_address>
         <size>0x40</size>
         <input_file_ref idref="fl-ca"/>
      </object_component>
      <object_component id="oc-298">
         <name>.text:_fcpy</name>
         <load_address>0x3ff8</load_address>
         <run_address>0x3ff8</run_address>
         <size>0x3e</size>
         <input_file_ref idref="fl-d2"/>
      </object_component>
      <object_component id="oc-3aa">
         <name>.text:minsert</name>
         <load_address>0x4038</load_address>
         <run_address>0x4038</run_address>
         <size>0x3c</size>
         <input_file_ref idref="fl-f4"/>
      </object_component>
      <object_component id="oc-405">
         <name>.text:__TI_writemsg</name>
         <load_address>0x4074</load_address>
         <run_address>0x4074</run_address>
         <size>0x38</size>
         <input_file_ref idref="fl-f2"/>
      </object_component>
      <object_component id="oc-55">
         <name>.text:_c_int00_noargs:_c_int00_noargs</name>
         <load_address>0x40ac</load_address>
         <run_address>0x40ac</run_address>
         <size>0x38</size>
         <input_file_ref idref="fl-cb"/>
      </object_component>
      <object_component id="oc-39e">
         <name>.text:minit</name>
         <load_address>0x40e4</load_address>
         <run_address>0x40e4</run_address>
         <size>0x38</size>
         <input_file_ref idref="fl-f4"/>
      </object_component>
      <object_component id="oc-b0">
         <name>.text</name>
         <load_address>0x411c</load_address>
         <run_address>0x411c</run_address>
         <size>0x38</size>
         <input_file_ref idref="fl-c3"/>
      </object_component>
      <object_component id="oc-44b">
         <name>.text:strncpy</name>
         <load_address>0x4154</load_address>
         <run_address>0x4154</run_address>
         <size>0x36</size>
         <input_file_ref idref="fl-fc"/>
      </object_component>
      <object_component id="oc-376">
         <name>.text:__TI_cleanup</name>
         <load_address>0x418c</load_address>
         <run_address>0x418c</run_address>
         <size>0x34</size>
         <input_file_ref idref="fl-f5"/>
      </object_component>
      <object_component id="oc-40b">
         <name>.text:__TI_readmsg</name>
         <load_address>0x41c0</load_address>
         <run_address>0x41c0</run_address>
         <size>0x34</size>
         <input_file_ref idref="fl-f2"/>
      </object_component>
      <object_component id="oc-451">
         <name>.text:finddevice</name>
         <load_address>0x41f4</load_address>
         <run_address>0x41f4</run_address>
         <size>0x30</size>
         <input_file_ref idref="fl-f9"/>
      </object_component>
      <object_component id="oc-e8">
         <name>.text</name>
         <load_address>0x4224</load_address>
         <run_address>0x4224</run_address>
         <size>0x2e</size>
         <input_file_ref idref="fl-c4"/>
      </object_component>
      <object_component id="oc-3fa">
         <name>.text:unlink</name>
         <load_address>0x4254</load_address>
         <run_address>0x4254</run_address>
         <size>0x2c</size>
         <input_file_ref idref="fl-fd"/>
      </object_component>
      <object_component id="oc-362">
         <name>.text:lseek</name>
         <load_address>0x4280</load_address>
         <run_address>0x4280</run_address>
         <size>0x28</size>
         <input_file_ref idref="fl-e9"/>
      </object_component>
      <object_component id="oc-3a4">
         <name>.text:mremove</name>
         <load_address>0x42a8</load_address>
         <run_address>0x42a8</run_address>
         <size>0x28</size>
         <input_file_ref idref="fl-f4"/>
      </object_component>
      <object_component id="oc-2e9">
         <name>.text:write</name>
         <load_address>0x42d0</load_address>
         <run_address>0x42d0</run_address>
         <size>0x28</size>
         <input_file_ref idref="fl-de"/>
      </object_component>
      <object_component id="oc-2dd">
         <name>.text:memchr</name>
         <load_address>0x42f8</load_address>
         <run_address>0x42f8</run_address>
         <size>0x20</size>
         <input_file_ref idref="fl-db"/>
      </object_component>
      <object_component id="oc-210">
         <name>.text:memccpy</name>
         <load_address>0x4318</load_address>
         <run_address>0x4318</run_address>
         <size>0x1c</size>
         <input_file_ref idref="fl-da"/>
      </object_component>
      <object_component id="oc-194">
         <name>.text:_outs</name>
         <load_address>0x4334</load_address>
         <run_address>0x4334</run_address>
         <size>0x18</size>
         <input_file_ref idref="fl-ca"/>
      </object_component>
      <object_component id="oc-468">
         <name>.text:strcmp</name>
         <load_address>0x434c</load_address>
         <run_address>0x434c</run_address>
         <size>0x18</size>
         <input_file_ref idref="fl-fb"/>
      </object_component>
      <object_component id="oc-2ac">
         <name>.text:strchr</name>
         <load_address>0x4364</load_address>
         <run_address>0x4364</run_address>
         <size>0x16</size>
         <input_file_ref idref="fl-dc"/>
      </object_component>
      <object_component id="oc-31a">
         <name>.text:copysign</name>
         <load_address>0x437a</load_address>
         <run_address>0x437a</run_address>
         <size>0x14</size>
         <input_file_ref idref="fl-e3"/>
      </object_component>
      <object_component id="oc-41f">
         <name>.text:strcpy</name>
         <load_address>0x438e</load_address>
         <run_address>0x438e</run_address>
         <size>0x14</size>
         <input_file_ref idref="fl-f7"/>
      </object_component>
      <object_component id="oc-1e1">
         <name>.text:strlen</name>
         <load_address>0x43a2</load_address>
         <run_address>0x43a2</run_address>
         <size>0x14</size>
         <input_file_ref idref="fl-dd"/>
      </object_component>
      <object_component id="oc-43">
         <name>.text:decompress:ZI:__TI_zero_init_nomemset:__TI_zero_init_nomemset</name>
         <load_address>0x43b6</load_address>
         <run_address>0x43b6</run_address>
         <size>0x12</size>
         <input_file_ref idref="fl-c6"/>
      </object_component>
      <object_component id="oc-216">
         <name>.text:wcslen</name>
         <load_address>0x43c8</load_address>
         <run_address>0x43c8</run_address>
         <size>0x12</size>
         <input_file_ref idref="fl-e2"/>
      </object_component>
      <object_component id="oc-1a">
         <name>.text:decompress:none:__TI_decompress_none</name>
         <load_address>0x43da</load_address>
         <run_address>0x43da</run_address>
         <size>0xe</size>
         <input_file_ref idref="fl-c7"/>
      </object_component>
      <object_component id="oc-67">
         <name>.text</name>
         <load_address>0x43e8</load_address>
         <run_address>0x43e8</run_address>
         <size>0xe</size>
         <input_file_ref idref="fl-3"/>
      </object_component>
      <object_component id="oc-19a">
         <name>.text:_outc</name>
         <load_address>0x43f6</load_address>
         <run_address>0x43f6</run_address>
         <size>0xa</size>
         <input_file_ref idref="fl-ca"/>
      </object_component>
      <object_component id="oc-21c">
         <name>.text:__aeabi_errno_addr</name>
         <load_address>0x4400</load_address>
         <run_address>0x4400</run_address>
         <size>0x8</size>
         <input_file_ref idref="fl-df"/>
      </object_component>
      <object_component id="oc-187">
         <name>.text:_outc</name>
         <load_address>0x4408</load_address>
         <run_address>0x4408</run_address>
         <size>0x4</size>
         <input_file_ref idref="fl-c9"/>
      </object_component>
      <object_component id="oc-181">
         <name>.text:_outs</name>
         <load_address>0x440c</load_address>
         <run_address>0x440c</run_address>
         <size>0x4</size>
         <input_file_ref idref="fl-c9"/>
      </object_component>
      <object_component id="oc-97">
         <name>.text:_system_pre_init</name>
         <load_address>0x4410</load_address>
         <run_address>0x4410</run_address>
         <size>0x4</size>
         <input_file_ref idref="fl-ce"/>
      </object_component>
      <object_component id="oc-132">
         <name>.text:abort:abort</name>
         <load_address>0x4414</load_address>
         <run_address>0x4414</run_address>
         <size>0x4</size>
         <input_file_ref idref="fl-d0"/>
      </object_component>
      <object_component id="oc-26e">
         <name>.const:.string:_ctypes_</name>
         <load_address>0x4418</load_address>
         <run_address>0x4418</run_address>
         <size>0x101</size>
         <input_file_ref idref="fl-d5"/>
      </object_component>
      <object_component id="oc-cb">
         <name>.const:.string:$P$T0$1</name>
         <load_address>0x4519</load_address>
         <run_address>0x4519</run_address>
         <size>0xf</size>
         <input_file_ref idref="fl-2"/>
      </object_component>
      <object_component id="oc-d1">
         <name>.const:.string:$P$T2$3</name>
         <load_address>0x4528</load_address>
         <run_address>0x4528</run_address>
         <size>0xf</size>
         <input_file_ref idref="fl-2"/>
      </object_component>
      <object_component id="oc-d4">
         <name>.const:.string:$P$T3$4</name>
         <load_address>0x4537</load_address>
         <run_address>0x4537</run_address>
         <size>0xe</size>
         <input_file_ref idref="fl-2"/>
      </object_component>
      <object_component id="oc-ce">
         <name>.const:.string:$P$T1$2</name>
         <load_address>0x4545</load_address>
         <run_address>0x4545</run_address>
         <size>0x7</size>
         <input_file_ref idref="fl-2"/>
      </object_component>
      <object_component id="oc-4a6">
         <name>.cinit..data.load</name>
         <load_address>0x4550</load_address>
         <run_address>0x4550</run_address>
         <size>0x85</size>
      </object_component>
      <object_component id="oc-4a4">
         <name>__TI_handler_table</name>
         <load_address>0x45d8</load_address>
         <run_address>0x45d8</run_address>
         <size>0xc</size>
      </object_component>
      <object_component id="oc-4a7">
         <name>.cinit..bss.load</name>
         <load_address>0x45e8</load_address>
         <run_address>0x45e8</run_address>
         <size>0x8</size>
      </object_component>
      <object_component id="oc-4a5">
         <name>__TI_cinit_table</name>
         <load_address>0x45f0</load_address>
         <run_address>0x45f0</run_address>
         <size>0x10</size>
      </object_component>
      <object_component id="oc-479">
         <name>.binit</name>
         <load_address>0x0</load_address>
         <run_address>0x0</run_address>
         <size>0x0</size>
      </object_component>
      <object_component id="oc-c4">
         <name>.data</name>
         <load_address>0x20000830</load_address>
         <run_address>0x20000830</run_address>
         <size>0x30</size>
         <input_file_ref idref="fl-2"/>
      </object_component>
      <object_component id="oc-f7">
         <name>.data:temperature</name>
         <load_address>0x20000890</load_address>
         <run_address>0x20000890</run_address>
         <size>0x5</size>
         <input_file_ref idref="fl-2"/>
      </object_component>
      <object_component id="oc-170">
         <name>.data</name>
         <load_address>0x2000089c</load_address>
         <run_address>0x2000089c</run_address>
         <size>0x4</size>
         <input_file_ref idref="fl-4"/>
      </object_component>
      <object_component id="oc-1c3">
         <name>.data:$O1$$</name>
         <load_address>0x20000870</load_address>
         <run_address>0x20000870</run_address>
         <size>0xc</size>
         <input_file_ref idref="fl-d0"/>
      </object_component>
      <object_component id="oc-17b">
         <name>.data:$O1$$</name>
         <load_address>0x20000888</load_address>
         <run_address>0x20000888</run_address>
         <size>0x8</size>
         <input_file_ref idref="fl-d1"/>
      </object_component>
      <object_component id="oc-17e">
         <name>.data:_ftable</name>
         <load_address>0x20000678</load_address>
         <run_address>0x20000678</run_address>
         <size>0xf0</size>
         <input_file_ref idref="fl-d6"/>
      </object_component>
      <object_component id="oc-3bb">
         <name>.data</name>
         <load_address>0x20000860</load_address>
         <run_address>0x20000860</run_address>
         <size>0x10</size>
         <input_file_ref idref="fl-d6"/>
      </object_component>
      <object_component id="oc-389">
         <name>.data:_device</name>
         <load_address>0x20000768</load_address>
         <run_address>0x20000768</run_address>
         <size>0x78</size>
         <input_file_ref idref="fl-de"/>
      </object_component>
      <object_component id="oc-348">
         <name>.data:_stream</name>
         <load_address>0x200007e0</load_address>
         <run_address>0x200007e0</run_address>
         <size>0x50</size>
         <input_file_ref idref="fl-de"/>
      </object_component>
      <object_component id="oc-2bc">
         <name>.data</name>
         <load_address>0x20000898</load_address>
         <run_address>0x20000898</run_address>
         <size>0x4</size>
         <input_file_ref idref="fl-df"/>
      </object_component>
      <object_component id="oc-3b0">
         <name>.data:$O1$$</name>
         <load_address>0x2000087c</load_address>
         <run_address>0x2000087c</run_address>
         <size>0xc</size>
         <input_file_ref idref="fl-f4"/>
      </object_component>
      <object_component id="oc-fa">
         <name>.bss</name>
         <uninitialized>true</uninitialized>
         <run_address>0x20000670</run_address>
         <size>0x2</size>
         <input_file_ref idref="fl-2"/>
      </object_component>
      <object_component id="oc-433">
         <name>.bss:_CIOBUF_</name>
         <uninitialized>true</uninitialized>
         <run_address>0x20000400</run_address>
         <size>0x120</size>
         <input_file_ref idref="fl-f2"/>
      </object_component>
      <object_component id="oc-c7">
         <name>.common:hours</name>
         <uninitialized>true</uninitialized>
         <run_address>0x20000672</run_address>
         <size>0x1</size>
      </object_component>
      <object_component id="oc-c8">
         <name>.common:mins</name>
         <uninitialized>true</uninitialized>
         <run_address>0x20000673</run_address>
         <size>0x1</size>
      </object_component>
      <object_component id="oc-c9">
         <name>.common:secs</name>
         <uninitialized>true</uninitialized>
         <run_address>0x20000674</run_address>
         <size>0x1</size>
      </object_component>
      <object_component id="oc-ca">
         <name>.common:time</name>
         <uninitialized>true</uninitialized>
         <run_address>0x200005f4</run_address>
         <size>0x34</size>
      </object_component>
      <object_component id="oc-d7">
         <name>.common:timeSET</name>
         <uninitialized>true</uninitialized>
         <run_address>0x20000628</run_address>
         <size>0x34</size>
      </object_component>
      <object_component id="oc-d8">
         <name>.common:alarmSET</name>
         <uninitialized>true</uninitialized>
         <run_address>0x200005c0</run_address>
         <size>0x34</size>
      </object_component>
      <object_component id="oc-fd">
         <name>.common:nADC</name>
         <uninitialized>true</uninitialized>
         <run_address>0x20000664</run_address>
         <size>0x4</size>
      </object_component>
      <object_component id="oc-fe">
         <name>.common:nADC2</name>
         <uninitialized>true</uninitialized>
         <run_address>0x20000668</run_address>
         <size>0x4</size>
      </object_component>
      <object_component id="oc-c1">
         <name>.common:pwmLCD</name>
         <uninitialized>true</uninitialized>
         <run_address>0x2000066c</run_address>
         <size>0x4</size>
      </object_component>
      <object_component id="oc-400">
         <name>.common:__TI_tmpnams</name>
         <uninitialized>true</uninitialized>
         <run_address>0x20000520</run_address>
         <size>0xa0</size>
      </object_component>
      <object_component id="oc-411">
         <name>.common:parmbuf</name>
         <uninitialized>true</uninitialized>
         <run_address>0x2000065c</run_address>
         <size>0x8</size>
      </object_component>
      <object_component id="oc-29">
         <name>.sysmem</name>
         <uninitialized>true</uninitialized>
         <run_address>0x20000000</run_address>
         <size>0x8</size>
         <input_file_ref idref="fl-f4"/>
      </object_component>
      <object_component id="oc-4a9">
         <name>.sysmem</name>
         <uninitialized>true</uninitialized>
         <run_address>0x20000000</run_address>
         <size>0x0</size>
      </object_component>
      <object_component id="oc-26">
         <name>.stack</name>
         <uninitialized>true</uninitialized>
         <run_address>0x2000fe00</run_address>
         <size>0x4</size>
         <input_file_ref idref="fl-cb"/>
      </object_component>
      <object_component id="oc-4a8">
         <name>.stack</name>
         <uninitialized>true</uninitialized>
         <run_address>0x2000fe00</run_address>
         <size>0x0</size>
      </object_component>
      <object_component id="oc-c2">
         <name>.debug_info</name>
         <load_address>0x0</load_address>
         <run_address>0x0</run_address>
         <size>0x707</size>
         <input_file_ref idref="fl-2"/>
      </object_component>
      <object_component id="oc-c5">
         <name>.debug_info</name>
         <load_address>0x707</load_address>
         <run_address>0x707</run_address>
         <size>0x30e</size>
         <input_file_ref idref="fl-2"/>
      </object_component>
      <object_component id="oc-fb">
         <name>.debug_info</name>
         <load_address>0xa15</load_address>
         <run_address>0xa15</run_address>
         <size>0xd6</size>
         <input_file_ref idref="fl-2"/>
      </object_component>
      <object_component id="oc-f8">
         <name>.debug_info</name>
         <load_address>0xaeb</load_address>
         <run_address>0xaeb</run_address>
         <size>0xe1</size>
         <input_file_ref idref="fl-2"/>
      </object_component>
      <object_component id="oc-cc">
         <name>.debug_info</name>
         <load_address>0xbcc</load_address>
         <run_address>0xbcc</run_address>
         <size>0xd9</size>
         <input_file_ref idref="fl-2"/>
      </object_component>
      <object_component id="oc-cf">
         <name>.debug_info</name>
         <load_address>0xca5</load_address>
         <run_address>0xca5</run_address>
         <size>0xd9</size>
         <input_file_ref idref="fl-2"/>
      </object_component>
      <object_component id="oc-d2">
         <name>.debug_info</name>
         <load_address>0xd7e</load_address>
         <run_address>0xd7e</run_address>
         <size>0xd9</size>
         <input_file_ref idref="fl-2"/>
      </object_component>
      <object_component id="oc-d5">
         <name>.debug_info</name>
         <load_address>0xe57</load_address>
         <run_address>0xe57</run_address>
         <size>0xd9</size>
         <input_file_ref idref="fl-2"/>
      </object_component>
      <object_component id="oc-6e">
         <name>.debug_info</name>
         <load_address>0xf30</load_address>
         <run_address>0xf30</run_address>
         <size>0x198b</size>
         <input_file_ref idref="fl-2"/>
      </object_component>
      <object_component id="oc-1a4">
         <name>.debug_info</name>
         <load_address>0x28bb</load_address>
         <run_address>0x28bb</run_address>
         <size>0x1055</size>
         <input_file_ref idref="fl-2"/>
      </object_component>
      <object_component id="oc-10a">
         <name>.debug_info</name>
         <load_address>0x3910</load_address>
         <run_address>0x3910</run_address>
         <size>0x37e2</size>
         <input_file_ref idref="fl-2"/>
      </object_component>
      <object_component id="oc-111">
         <name>.debug_info</name>
         <load_address>0x70f2</load_address>
         <run_address>0x70f2</run_address>
         <size>0x26b</size>
         <input_file_ref idref="fl-2"/>
      </object_component>
      <object_component id="oc-32">
         <name>.debug_info</name>
         <load_address>0x735d</load_address>
         <run_address>0x735d</run_address>
         <size>0x84</size>
         <input_file_ref idref="fl-2"/>
      </object_component>
      <object_component id="oc-1bd">
         <name>.debug_info</name>
         <load_address>0x73e1</load_address>
         <run_address>0x73e1</run_address>
         <size>0x297</size>
         <input_file_ref idref="fl-2"/>
      </object_component>
      <object_component id="oc-105">
         <name>.debug_info</name>
         <load_address>0x7678</load_address>
         <run_address>0x7678</run_address>
         <size>0xbb</size>
         <input_file_ref idref="fl-2"/>
      </object_component>
      <object_component id="oc-18f">
         <name>.debug_info</name>
         <load_address>0x7733</load_address>
         <run_address>0x7733</run_address>
         <size>0x2c</size>
         <input_file_ref idref="fl-2"/>
      </object_component>
      <object_component id="oc-100">
         <name>.debug_info</name>
         <load_address>0x775f</load_address>
         <run_address>0x775f</run_address>
         <size>0x63</size>
         <input_file_ref idref="fl-2"/>
      </object_component>
      <object_component id="oc-75">
         <name>.debug_info</name>
         <load_address>0x77c2</load_address>
         <run_address>0x77c2</run_address>
         <size>0x2d2</size>
         <input_file_ref idref="fl-3"/>
      </object_component>
      <object_component id="oc-24">
         <name>.debug_info</name>
         <load_address>0x7a94</load_address>
         <run_address>0x7a94</run_address>
         <size>0xfe</size>
         <input_file_ref idref="fl-3"/>
      </object_component>
      <object_component id="oc-68">
         <name>.debug_info</name>
         <load_address>0x7b92</load_address>
         <run_address>0x7b92</run_address>
         <size>0x1c5</size>
         <input_file_ref idref="fl-3"/>
      </object_component>
      <object_component id="oc-171">
         <name>.debug_info</name>
         <load_address>0x7d57</load_address>
         <run_address>0x7d57</run_address>
         <size>0xf7</size>
         <input_file_ref idref="fl-4"/>
      </object_component>
      <object_component id="oc-aa">
         <name>.debug_info</name>
         <load_address>0x7e4e</load_address>
         <run_address>0x7e4e</run_address>
         <size>0x269</size>
         <input_file_ref idref="fl-4"/>
      </object_component>
      <object_component id="oc-e1">
         <name>.debug_info</name>
         <load_address>0x80b7</load_address>
         <run_address>0x80b7</run_address>
         <size>0x144</size>
         <input_file_ref idref="fl-be"/>
      </object_component>
      <object_component id="oc-ee">
         <name>.debug_info</name>
         <load_address>0x81fb</load_address>
         <run_address>0x81fb</run_address>
         <size>0x132</size>
         <input_file_ref idref="fl-bf"/>
      </object_component>
      <object_component id="oc-da">
         <name>.debug_info</name>
         <load_address>0x832d</load_address>
         <run_address>0x832d</run_address>
         <size>0x132</size>
         <input_file_ref idref="fl-c0"/>
      </object_component>
      <object_component id="oc-f4">
         <name>.debug_info</name>
         <load_address>0x845f</load_address>
         <run_address>0x845f</run_address>
         <size>0x126</size>
         <input_file_ref idref="fl-c1"/>
      </object_component>
      <object_component id="oc-e6">
         <name>.debug_info</name>
         <load_address>0x8585</load_address>
         <run_address>0x8585</run_address>
         <size>0x136</size>
         <input_file_ref idref="fl-c2"/>
      </object_component>
      <object_component id="oc-b1">
         <name>.debug_info</name>
         <load_address>0x86bb</load_address>
         <run_address>0x86bb</run_address>
         <size>0x124</size>
         <input_file_ref idref="fl-c3"/>
      </object_component>
      <object_component id="oc-e9">
         <name>.debug_info</name>
         <load_address>0x87df</load_address>
         <run_address>0x87df</run_address>
         <size>0x124</size>
         <input_file_ref idref="fl-c4"/>
      </object_component>
      <object_component id="oc-3a">
         <name>.debug_info</name>
         <load_address>0x8903</load_address>
         <run_address>0x8903</run_address>
         <size>0x111</size>
         <input_file_ref idref="fl-c5"/>
      </object_component>
      <object_component id="oc-90">
         <name>.debug_info</name>
         <load_address>0x8a14</load_address>
         <run_address>0x8a14</run_address>
         <size>0x313</size>
         <input_file_ref idref="fl-c6"/>
      </object_component>
      <object_component id="oc-45">
         <name>.debug_info</name>
         <load_address>0x8d27</load_address>
         <run_address>0x8d27</run_address>
         <size>0x1b4</size>
         <input_file_ref idref="fl-c6"/>
      </object_component>
      <object_component id="oc-8b">
         <name>.debug_info</name>
         <load_address>0x8edb</load_address>
         <run_address>0x8edb</run_address>
         <size>0x46</size>
         <input_file_ref idref="fl-c6"/>
      </object_component>
      <object_component id="oc-129">
         <name>.debug_info</name>
         <load_address>0x8f21</load_address>
         <run_address>0x8f21</run_address>
         <size>0x2c</size>
         <input_file_ref idref="fl-c6"/>
      </object_component>
      <object_component id="oc-42">
         <name>.debug_info</name>
         <load_address>0x8f4d</load_address>
         <run_address>0x8f4d</run_address>
         <size>0x29d</size>
         <input_file_ref idref="fl-c7"/>
      </object_component>
      <object_component id="oc-1d">
         <name>.debug_info</name>
         <load_address>0x91ea</load_address>
         <run_address>0x91ea</run_address>
         <size>0x1df</size>
         <input_file_ref idref="fl-c7"/>
      </object_component>
      <object_component id="oc-3d">
         <name>.debug_info</name>
         <load_address>0x93c9</load_address>
         <run_address>0x93c9</run_address>
         <size>0x46</size>
         <input_file_ref idref="fl-c7"/>
      </object_component>
      <object_component id="oc-83">
         <name>.debug_info</name>
         <load_address>0x940f</load_address>
         <run_address>0x940f</run_address>
         <size>0x2c</size>
         <input_file_ref idref="fl-c7"/>
      </object_component>
      <object_component id="oc-81">
         <name>.debug_info</name>
         <load_address>0x943b</load_address>
         <run_address>0x943b</run_address>
         <size>0x293</size>
         <input_file_ref idref="fl-c8"/>
      </object_component>
      <object_component id="oc-16">
         <name>.debug_info</name>
         <load_address>0x96ce</load_address>
         <run_address>0x96ce</run_address>
         <size>0x245</size>
         <input_file_ref idref="fl-c8"/>
      </object_component>
      <object_component id="oc-2d">
         <name>.debug_info</name>
         <load_address>0x9913</load_address>
         <run_address>0x9913</run_address>
         <size>0x60</size>
         <input_file_ref idref="fl-c8"/>
      </object_component>
      <object_component id="oc-122">
         <name>.debug_info</name>
         <load_address>0x9973</load_address>
         <run_address>0x9973</run_address>
         <size>0x46</size>
         <input_file_ref idref="fl-c8"/>
      </object_component>
      <object_component id="oc-7c">
         <name>.debug_info</name>
         <load_address>0x99b9</load_address>
         <run_address>0x99b9</run_address>
         <size>0x39</size>
         <input_file_ref idref="fl-c8"/>
      </object_component>
      <object_component id="oc-18e">
         <name>.debug_info</name>
         <load_address>0x99f2</load_address>
         <run_address>0x99f2</run_address>
         <size>0x3da</size>
         <input_file_ref idref="fl-c9"/>
      </object_component>
      <object_component id="oc-188">
         <name>.debug_info</name>
         <load_address>0x9dcc</load_address>
         <run_address>0x9dcc</run_address>
         <size>0x14c</size>
         <input_file_ref idref="fl-c9"/>
      </object_component>
      <object_component id="oc-182">
         <name>.debug_info</name>
         <load_address>0x9f18</load_address>
         <run_address>0x9f18</run_address>
         <size>0x15b</size>
         <input_file_ref idref="fl-c9"/>
      </object_component>
      <object_component id="oc-b8">
         <name>.debug_info</name>
         <load_address>0xa073</load_address>
         <run_address>0xa073</run_address>
         <size>0x1a1</size>
         <input_file_ref idref="fl-c9"/>
      </object_component>
      <object_component id="oc-24c">
         <name>.debug_info</name>
         <load_address>0xa214</load_address>
         <run_address>0xa214</run_address>
         <size>0xb2</size>
         <input_file_ref idref="fl-c9"/>
      </object_component>
      <object_component id="oc-1a1">
         <name>.debug_info</name>
         <load_address>0xa2c6</load_address>
         <run_address>0xa2c6</run_address>
         <size>0x328</size>
         <input_file_ref idref="fl-ca"/>
      </object_component>
      <object_component id="oc-bc">
         <name>.debug_info</name>
         <load_address>0xa5ee</load_address>
         <run_address>0xa5ee</run_address>
         <size>0x1c6</size>
         <input_file_ref idref="fl-ca"/>
      </object_component>
      <object_component id="oc-196">
         <name>.debug_info</name>
         <load_address>0xa7b4</load_address>
         <run_address>0xa7b4</run_address>
         <size>0x182</size>
         <input_file_ref idref="fl-ca"/>
      </object_component>
      <object_component id="oc-19d">
         <name>.debug_info</name>
         <load_address>0xa936</load_address>
         <run_address>0xa936</run_address>
         <size>0x162</size>
         <input_file_ref idref="fl-ca"/>
      </object_component>
      <object_component id="oc-2c3">
         <name>.debug_info</name>
         <load_address>0xaa98</load_address>
         <run_address>0xaa98</run_address>
         <size>0x2c</size>
         <input_file_ref idref="fl-ca"/>
      </object_component>
      <object_component id="oc-27">
         <name>.debug_info</name>
         <load_address>0xaac4</load_address>
         <run_address>0xaac4</run_address>
         <size>0x100</size>
         <input_file_ref idref="fl-cb"/>
      </object_component>
      <object_component id="oc-57">
         <name>.debug_info</name>
         <load_address>0xabc4</load_address>
         <run_address>0xabc4</run_address>
         <size>0x1a4</size>
         <input_file_ref idref="fl-cb"/>
      </object_component>
      <object_component id="oc-92">
         <name>.debug_info</name>
         <load_address>0xad68</load_address>
         <run_address>0xad68</run_address>
         <size>0x13f</size>
         <input_file_ref idref="fl-cc"/>
      </object_component>
      <object_component id="oc-1ca">
         <name>.debug_info</name>
         <load_address>0xaea7</load_address>
         <run_address>0xaea7</run_address>
         <size>0x547</size>
         <input_file_ref idref="fl-cd"/>
      </object_component>
      <object_component id="oc-13f">
         <name>.debug_info</name>
         <load_address>0xb3ee</load_address>
         <run_address>0xb3ee</run_address>
         <size>0x19b</size>
         <input_file_ref idref="fl-cd"/>
      </object_component>
      <object_component id="oc-25b">
         <name>.debug_info</name>
         <load_address>0xb589</load_address>
         <run_address>0xb589</run_address>
         <size>0x39</size>
         <input_file_ref idref="fl-cd"/>
      </object_component>
      <object_component id="oc-2f3">
         <name>.debug_info</name>
         <load_address>0xb5c2</load_address>
         <run_address>0xb5c2</run_address>
         <size>0x39</size>
         <input_file_ref idref="fl-cd"/>
      </object_component>
      <object_component id="oc-260">
         <name>.debug_info</name>
         <load_address>0xb5fb</load_address>
         <run_address>0xb5fb</run_address>
         <size>0x39</size>
         <input_file_ref idref="fl-cd"/>
      </object_component>
      <object_component id="oc-265">
         <name>.debug_info</name>
         <load_address>0xb634</load_address>
         <run_address>0xb634</run_address>
         <size>0xcd</size>
         <input_file_ref idref="fl-cd"/>
      </object_component>
      <object_component id="oc-98">
         <name>.debug_info</name>
         <load_address>0xb701</load_address>
         <run_address>0xb701</run_address>
         <size>0x148</size>
         <input_file_ref idref="fl-ce"/>
      </object_component>
      <object_component id="oc-1c7">
         <name>.debug_info</name>
         <load_address>0xb849</load_address>
         <run_address>0xb849</run_address>
         <size>0x3a2</size>
         <input_file_ref idref="fl-d0"/>
      </object_component>
      <object_component id="oc-1c4">
         <name>.debug_info</name>
         <load_address>0xbbeb</load_address>
         <run_address>0xbbeb</run_address>
         <size>0x185</size>
         <input_file_ref idref="fl-d0"/>
      </object_component>
      <object_component id="oc-133">
         <name>.debug_info</name>
         <load_address>0xbd70</load_address>
         <run_address>0xbd70</run_address>
         <size>0x117</size>
         <input_file_ref idref="fl-d0"/>
      </object_component>
      <object_component id="oc-139">
         <name>.debug_info</name>
         <load_address>0xbe87</load_address>
         <run_address>0xbe87</run_address>
         <size>0x179</size>
         <input_file_ref idref="fl-d0"/>
      </object_component>
      <object_component id="oc-236">
         <name>.debug_info</name>
         <load_address>0xc000</load_address>
         <run_address>0xc000</run_address>
         <size>0x2be</size>
         <input_file_ref idref="fl-d1"/>
      </object_component>
      <object_component id="oc-17c">
         <name>.debug_info</name>
         <load_address>0xc2be</load_address>
         <run_address>0xc2be</run_address>
         <size>0x113</size>
         <input_file_ref idref="fl-d1"/>
      </object_component>
      <object_component id="oc-231">
         <name>.debug_info</name>
         <load_address>0xc3d1</load_address>
         <run_address>0xc3d1</run_address>
         <size>0x123</size>
         <input_file_ref idref="fl-d1"/>
      </object_component>
      <object_component id="oc-223">
         <name>.debug_info</name>
         <load_address>0xc4f4</load_address>
         <run_address>0xc4f4</run_address>
         <size>0x8a6</size>
         <input_file_ref idref="fl-d2"/>
      </object_component>
      <object_component id="oc-1ef">
         <name>.debug_info</name>
         <load_address>0xcd9a</load_address>
         <run_address>0xcd9a</run_address>
         <size>0x213</size>
         <input_file_ref idref="fl-d2"/>
      </object_component>
      <object_component id="oc-287">
         <name>.debug_info</name>
         <load_address>0xcfad</load_address>
         <run_address>0xcfad</run_address>
         <size>0x1a8</size>
         <input_file_ref idref="fl-d2"/>
      </object_component>
      <object_component id="oc-28d">
         <name>.debug_info</name>
         <load_address>0xd155</load_address>
         <run_address>0xd155</run_address>
         <size>0x210</size>
         <input_file_ref idref="fl-d2"/>
      </object_component>
      <object_component id="oc-1fa">
         <name>.debug_info</name>
         <load_address>0xd365</load_address>
         <run_address>0xd365</run_address>
         <size>0x3b0</size>
         <input_file_ref idref="fl-d2"/>
      </object_component>
      <object_component id="oc-294">
         <name>.debug_info</name>
         <load_address>0xd715</load_address>
         <run_address>0xd715</run_address>
         <size>0x2fa</size>
         <input_file_ref idref="fl-d2"/>
      </object_component>
      <object_component id="oc-29a">
         <name>.debug_info</name>
         <load_address>0xda0f</load_address>
         <run_address>0xda0f</run_address>
         <size>0x20a</size>
         <input_file_ref idref="fl-d2"/>
      </object_component>
      <object_component id="oc-200">
         <name>.debug_info</name>
         <load_address>0xdc19</load_address>
         <run_address>0xdc19</run_address>
         <size>0x20a</size>
         <input_file_ref idref="fl-d2"/>
      </object_component>
      <object_component id="oc-206">
         <name>.debug_info</name>
         <load_address>0xde23</load_address>
         <run_address>0xde23</run_address>
         <size>0x2f9</size>
         <input_file_ref idref="fl-d2"/>
      </object_component>
      <object_component id="oc-20c">
         <name>.debug_info</name>
         <load_address>0xe11c</load_address>
         <run_address>0xe11c</run_address>
         <size>0x4a5</size>
         <input_file_ref idref="fl-d2"/>
      </object_component>
      <object_component id="oc-177">
         <name>.debug_info</name>
         <load_address>0xe5c1</load_address>
         <run_address>0xe5c1</run_address>
         <size>0x5cd</size>
         <input_file_ref idref="fl-d2"/>
      </object_component>
      <object_component id="oc-224">
         <name>.debug_info</name>
         <load_address>0xeb8e</load_address>
         <run_address>0xeb8e</run_address>
         <size>0x86</size>
         <input_file_ref idref="fl-d2"/>
      </object_component>
      <object_component id="oc-2c8">
         <name>.debug_info</name>
         <load_address>0xec14</load_address>
         <run_address>0xec14</run_address>
         <size>0x39</size>
         <input_file_ref idref="fl-d2"/>
      </object_component>
      <object_component id="oc-331">
         <name>.debug_info</name>
         <load_address>0xec4d</load_address>
         <run_address>0xec4d</run_address>
         <size>0xb6</size>
         <input_file_ref idref="fl-d2"/>
      </object_component>
      <object_component id="oc-2cd">
         <name>.debug_info</name>
         <load_address>0xed03</load_address>
         <run_address>0xed03</run_address>
         <size>0x46</size>
         <input_file_ref idref="fl-d2"/>
      </object_component>
      <object_component id="oc-229">
         <name>.debug_info</name>
         <load_address>0xed49</load_address>
         <run_address>0xed49</run_address>
         <size>0x46</size>
         <input_file_ref idref="fl-d2"/>
      </object_component>
      <object_component id="oc-272">
         <name>.debug_info</name>
         <load_address>0xed8f</load_address>
         <run_address>0xed8f</run_address>
         <size>0x2ae</size>
         <input_file_ref idref="fl-d4"/>
      </object_component>
      <object_component id="oc-1e8">
         <name>.debug_info</name>
         <load_address>0xf03d</load_address>
         <run_address>0xf03d</run_address>
         <size>0x171</size>
         <input_file_ref idref="fl-d4"/>
      </object_component>
      <object_component id="oc-303">
         <name>.debug_info</name>
         <load_address>0xf1ae</load_address>
         <run_address>0xf1ae</run_address>
         <size>0xee</size>
         <input_file_ref idref="fl-d5"/>
      </object_component>
      <object_component id="oc-26f">
         <name>.debug_info</name>
         <load_address>0xf29c</load_address>
         <run_address>0xf29c</run_address>
         <size>0xfa</size>
         <input_file_ref idref="fl-d5"/>
      </object_component>
      <object_component id="oc-23a">
         <name>.debug_info</name>
         <load_address>0xf396</load_address>
         <run_address>0xf396</run_address>
         <size>0x139</size>
         <input_file_ref idref="fl-d6"/>
      </object_component>
      <object_component id="oc-17f">
         <name>.debug_info</name>
         <load_address>0xf4cf</load_address>
         <run_address>0xf4cf</run_address>
         <size>0xf7</size>
         <input_file_ref idref="fl-d6"/>
      </object_component>
      <object_component id="oc-3bc">
         <name>.debug_info</name>
         <load_address>0xf5c6</load_address>
         <run_address>0xf5c6</run_address>
         <size>0x184</size>
         <input_file_ref idref="fl-d6"/>
      </object_component>
      <object_component id="oc-2f2">
         <name>.debug_info</name>
         <load_address>0xf74a</load_address>
         <run_address>0xf74a</run_address>
         <size>0x378</size>
         <input_file_ref idref="fl-d7"/>
      </object_component>
      <object_component id="oc-247">
         <name>.debug_info</name>
         <load_address>0xfac2</load_address>
         <run_address>0xfac2</run_address>
         <size>0x1df</size>
         <input_file_ref idref="fl-d7"/>
      </object_component>
      <object_component id="oc-2f0">
         <name>.debug_info</name>
         <load_address>0xfca1</load_address>
         <run_address>0xfca1</run_address>
         <size>0x3f1</size>
         <input_file_ref idref="fl-d8"/>
      </object_component>
      <object_component id="oc-23f">
         <name>.debug_info</name>
         <load_address>0x10092</load_address>
         <run_address>0x10092</run_address>
         <size>0x2d7</size>
         <input_file_ref idref="fl-d8"/>
      </object_component>
      <object_component id="oc-30e">
         <name>.debug_info</name>
         <load_address>0x10369</load_address>
         <run_address>0x10369</run_address>
         <size>0x290</size>
         <input_file_ref idref="fl-d9"/>
      </object_component>
      <object_component id="oc-280">
         <name>.debug_info</name>
         <load_address>0x105f9</load_address>
         <run_address>0x105f9</run_address>
         <size>0x1c2</size>
         <input_file_ref idref="fl-d9"/>
      </object_component>
      <object_component id="oc-2b4">
         <name>.debug_info</name>
         <load_address>0x107bb</load_address>
         <run_address>0x107bb</run_address>
         <size>0x28b</size>
         <input_file_ref idref="fl-da"/>
      </object_component>
      <object_component id="oc-211">
         <name>.debug_info</name>
         <load_address>0x10a46</load_address>
         <run_address>0x10a46</run_address>
         <size>0x1ab</size>
         <input_file_ref idref="fl-da"/>
      </object_component>
      <object_component id="oc-345">
         <name>.debug_info</name>
         <load_address>0x10bf1</load_address>
         <run_address>0x10bf1</run_address>
         <size>0x29a</size>
         <input_file_ref idref="fl-db"/>
      </object_component>
      <object_component id="oc-2de">
         <name>.debug_info</name>
         <load_address>0x10e8b</load_address>
         <run_address>0x10e8b</run_address>
         <size>0x242</size>
         <input_file_ref idref="fl-db"/>
      </object_component>
      <object_component id="oc-323">
         <name>.debug_info</name>
         <load_address>0x110cd</load_address>
         <run_address>0x110cd</run_address>
         <size>0x28f</size>
         <input_file_ref idref="fl-dc"/>
      </object_component>
      <object_component id="oc-2af">
         <name>.debug_info</name>
         <load_address>0x1135c</load_address>
         <run_address>0x1135c</run_address>
         <size>0x247</size>
         <input_file_ref idref="fl-dc"/>
      </object_component>
      <object_component id="oc-26d">
         <name>.debug_info</name>
         <load_address>0x115a3</load_address>
         <run_address>0x115a3</run_address>
         <size>0x284</size>
         <input_file_ref idref="fl-dd"/>
      </object_component>
      <object_component id="oc-1e2">
         <name>.debug_info</name>
         <load_address>0x11827</load_address>
         <run_address>0x11827</run_address>
         <size>0x22a</size>
         <input_file_ref idref="fl-dd"/>
      </object_component>
      <object_component id="oc-34c">
         <name>.debug_info</name>
         <load_address>0x11a51</load_address>
         <run_address>0x11a51</run_address>
         <size>0x4c5</size>
         <input_file_ref idref="fl-de"/>
      </object_component>
      <object_component id="oc-38a">
         <name>.debug_info</name>
         <load_address>0x11f16</load_address>
         <run_address>0x11f16</run_address>
         <size>0xf8</size>
         <input_file_ref idref="fl-de"/>
      </object_component>
      <object_component id="oc-349">
         <name>.debug_info</name>
         <load_address>0x1200e</load_address>
         <run_address>0x1200e</run_address>
         <size>0xf8</size>
         <input_file_ref idref="fl-de"/>
      </object_component>
      <object_component id="oc-2ea">
         <name>.debug_info</name>
         <load_address>0x12106</load_address>
         <run_address>0x12106</run_address>
         <size>0x184</size>
         <input_file_ref idref="fl-de"/>
      </object_component>
      <object_component id="oc-390">
         <name>.debug_info</name>
         <load_address>0x1228a</load_address>
         <run_address>0x1228a</run_address>
         <size>0x120</size>
         <input_file_ref idref="fl-de"/>
      </object_component>
      <object_component id="oc-395">
         <name>.debug_info</name>
         <load_address>0x123aa</load_address>
         <run_address>0x123aa</run_address>
         <size>0x2c</size>
         <input_file_ref idref="fl-de"/>
      </object_component>
      <object_component id="oc-2c0">
         <name>.debug_info</name>
         <load_address>0x123d6</load_address>
         <run_address>0x123d6</run_address>
         <size>0x27e</size>
         <input_file_ref idref="fl-df"/>
      </object_component>
      <object_component id="oc-2bd">
         <name>.debug_info</name>
         <load_address>0x12654</load_address>
         <run_address>0x12654</run_address>
         <size>0x103</size>
         <input_file_ref idref="fl-df"/>
      </object_component>
      <object_component id="oc-21d">
         <name>.debug_info</name>
         <load_address>0x12757</load_address>
         <run_address>0x12757</run_address>
         <size>0x143</size>
         <input_file_ref idref="fl-df"/>
      </object_component>
      <object_component id="oc-314">
         <name>.debug_info</name>
         <load_address>0x1289a</load_address>
         <run_address>0x1289a</run_address>
         <size>0x28f</size>
         <input_file_ref idref="fl-e0"/>
      </object_component>
      <object_component id="oc-2a3">
         <name>.debug_info</name>
         <load_address>0x12b29</load_address>
         <run_address>0x12b29</run_address>
         <size>0x18a</size>
         <input_file_ref idref="fl-e0"/>
      </object_component>
      <object_component id="oc-358">
         <name>.debug_info</name>
         <load_address>0x12cb3</load_address>
         <run_address>0x12cb3</run_address>
         <size>0x39</size>
         <input_file_ref idref="fl-e0"/>
      </object_component>
      <object_component id="oc-315">
[...]
         <object_component_ref idref="oc-55"/>
      </symbol>
      <symbol id="sm-3d9">
         <name>__aeabi_memset</name>
         <value>0x360b</value>
         <object_component_ref idref="oc-91"/>
      </symbol>
      <symbol id="sm-3da">
         <name>memset</name>
         <value>0x3611</value>
         <object_component_ref idref="oc-91"/>
      </symbol>
      <symbol id="sm-3db">
         <name>__aeabi_memset8</name>
         <value>0x360b</value>
         <object_component_ref idref="oc-91"/>
      </symbol>
      <symbol id="sm-3dc">
         <name>__aeabi_memset4</name>
         <value>0x360b</value>
         <object_component_ref idref="oc-91"/>
      </symbol>
      <symbol id="sm-3dd">
         <name>__aeabi_memclr8</name>
         <value>0x3609</value>
         <object_component_ref idref="oc-91"/>
      </symbol>
      <symbol id="sm-3de">
         <name>__aeabi_memclr4</name>
         <value>0x3609</value>
         <object_component_ref idref="oc-91"/>
      </symbol>
      <symbol id="sm-3df">
         <name>__aeabi_memclr</name>
         <value>0x3609</value>
         <object_component_ref idref="oc-91"/>
      </symbol>
      <symbol id="sm-407">
         <name>__TI_auto_init_nobinit_nopinit</name>
         <value>0x3f31</value>
         <object_component_ref idref="oc-13e"/>
      </symbol>
      <symbol id="sm-411">
         <name>_system_pre_init</name>
         <value>0x4411</value>
         <object_component_ref idref="oc-97"/>
      </symbol>
      <symbol id="sm-438">
         <name>C$$EXIT</name>
         <value>0x4415</value>
         <object_component_ref idref="oc-132"/>
      </symbol>
      <symbol id="sm-439">
         <name>abort</name>
         <value>0x4415</value>
         <object_component_ref idref="oc-132"/>
      </symbol>
      <symbol id="sm-43a">
         <name>__TI_dtors_ptr</name>
         <value>0x20000874</value>
         <object_component_ref idref="oc-1c3"/>
      </symbol>
      <symbol id="sm-43b">
         <name>__TI_cleanup_ptr</name>
         <value>0x20000870</value>
         <object_component_ref idref="oc-1c3"/>
      </symbol>
      <symbol id="sm-43c">
         <name>__TI_enable_exit_profile_output</name>
         <value>0x20000878</value>
         <object_component_ref idref="oc-1c3"/>
      </symbol>
      <symbol id="sm-43d">
         <name>exit</name>
         <value>0x3e19</value>
         <object_component_ref idref="oc-138"/>
      </symbol>
      <symbol id="sm-452">
         <name>_nop</name>
         <value>0x20f7</value>
         <object_component_ref idref="oc-22e"/>
      </symbol>
      <symbol id="sm-453">
         <name>_lock</name>
         <value>0x20000888</value>
         <object_component_ref idref="oc-17b"/>
      </symbol>
      <symbol id="sm-454">
         <name>_unlock</name>
         <value>0x2000088c</value>
         <object_component_ref idref="oc-17b"/>
      </symbol>
      <symbol id="sm-5b9">
         <name>__TI_printfi</name>
         <value>0x1699</value>
         <object_component_ref idref="oc-175"/>
      </symbol>
      <symbol id="sm-5d0">
         <name>atoi</name>
         <value>0x3dcd</value>
         <object_component_ref idref="oc-1e7"/>
      </symbol>
      <symbol id="sm-5db">
         <name>_ctypes_</name>
         <value>0x4418</value>
         <object_component_ref idref="oc-26e"/>
      </symbol>
      <symbol id="sm-5f0">
         <name>__TI_tmpnams</name>
         <value>0x20000520</value>
      </symbol>
      <symbol id="sm-5f1">
         <name>__aeabi_stdout</name>
         <value>0x20000868</value>
         <object_component_ref idref="oc-3bb"/>
      </symbol>
      <symbol id="sm-5f2">
         <name>__aeabi_stderr</name>
         <value>0x2000086c</value>
         <object_component_ref idref="oc-3bb"/>
      </symbol>
      <symbol id="sm-5f3">
         <name>__aeabi_stdin</name>
         <value>0x20000864</value>
         <object_component_ref idref="oc-3bb"/>
      </symbol>
      <symbol id="sm-5f4">
         <name>_ftable</name>
         <value>0x20000678</value>
         <object_component_ref idref="oc-17e"/>
      </symbol>
      <symbol id="sm-5f5">
         <name>__TI_ft_end</name>
         <value>0x20000860</value>
         <object_component_ref idref="oc-3bb"/>
      </symbol>
      <symbol id="sm-60a">
         <name>putc</name>
         <value>0x3471</value>
         <object_component_ref idref="oc-243"/>
      </symbol>
      <symbol id="sm-60b">
         <name>fputc</name>
         <value>0x3471</value>
         <object_component_ref idref="oc-243"/>
      </symbol>
      <symbol id="sm-629">
         <name>fputs</name>
         <value>0x2db9</value>
         <object_component_ref idref="oc-23c"/>
      </symbol>
      <symbol id="sm-638">
         <name>ltoa</name>
         <value>0x3cdb</value>
         <object_component_ref idref="oc-27f"/>
      </symbol>
      <symbol id="sm-648">
         <name>memccpy</name>
         <value>0x4319</value>
         <object_component_ref idref="oc-210"/>
      </symbol>
      <symbol id="sm-658">
         <name>memchr</name>
         <value>0x42f9</value>
         <object_component_ref idref="oc-2dd"/>
      </symbol>
      <symbol id="sm-668">
         <name>strchr</name>
         <value>0x4365</value>
         <object_component_ref idref="oc-2ac"/>
      </symbol>
      <symbol id="sm-676">
         <name>strlen</name>
         <value>0x43a3</value>
         <object_component_ref idref="oc-1e1"/>
      </symbol>
      <symbol id="sm-69c">
         <name>_stream</name>
         <value>0x200007e0</value>
         <object_component_ref idref="oc-348"/>
      </symbol>
      <symbol id="sm-69d">
         <name>_device</name>
         <value>0x20000768</value>
         <object_component_ref idref="oc-389"/>
      </symbol>
      <symbol id="sm-69e">
         <name>write</name>
         <value>0x42d1</value>
         <object_component_ref idref="oc-2e9"/>
      </symbol>
      <symbol id="sm-6b4">
         <name>__aeabi_errno_addr</name>
         <value>0x4401</value>
         <object_component_ref idref="oc-21c"/>
      </symbol>
      <symbol id="sm-6b5">
         <name>errno</name>
         <value>0x20000898</value>
         <object_component_ref idref="oc-2bc"/>
      </symbol>
      <symbol id="sm-6d5">
         <name>frexpl</name>
         <value>0x39ed</value>
         <object_component_ref idref="oc-2a0"/>
      </symbol>
      <symbol id="sm-6d6">
         <name>frexp</name>
         <value>0x39ed</value>
         <object_component_ref idref="oc-2a0"/>
      </symbol>
      <symbol id="sm-6f3">
         <name>scalbn</name>
         <value>0x2ecd</value>
         <object_component_ref idref="oc-2a6"/>
      </symbol>
      <symbol id="sm-6f4">
         <name>scalbnl</name>
         <value>0x2ecd</value>
         <object_component_ref idref="oc-2a6"/>
      </symbol>
      <symbol id="sm-6f5">
         <name>ldexpl</name>
         <value>0x2ecd</value>
         <object_component_ref idref="oc-2a6"/>
      </symbol>
      <symbol id="sm-6f6">
         <name>ldexp</name>
         <value>0x2ecd</value>
         <object_component_ref idref="oc-2a6"/>
      </symbol>
      <symbol id="sm-70f">
         <name>wcslen</name>
         <value>0x43c9</value>
         <object_component_ref idref="oc-216"/>
      </symbol>
      <symbol id="sm-719">
         <name>copysign</name>
         <value>0x437b</value>
         <object_component_ref idref="oc-31a"/>
      </symbol>
      <symbol id="sm-71a">
         <name>copysignl</name>
         <value>0x437b</value>
         <object_component_ref idref="oc-31a"/>
      </symbol>
      <symbol id="sm-727">
         <name>__aeabi_uldivmod</name>
         <value>0x33db</value>
         <object_component_ref idref="oc-273"/>
      </symbol>
      <symbol id="sm-749">
         <name>__aeabi_cdcmpeq</name>
         <value>0x34fd</value>
         <object_component_ref idref="oc-1f3"/>
      </symbol>
      <symbol id="sm-74a">
         <name>__aeabi_cdcmple</name>
         <value>0x34fd</value>
         <object_component_ref idref="oc-1f3"/>
      </symbol>
      <symbol id="sm-74b">
         <name>__aeabi_cdrcmple</name>
         <value>0x3583</value>
         <object_component_ref idref="oc-27a"/>
      </symbol>
      <symbol id="sm-763">
         <name>__TI_wrt_ok</name>
         <value>0x3ab5</value>
         <object_component_ref idref="oc-2d7"/>
      </symbol>
      <symbol id="sm-773">
         <name>__TI_doflush</name>
         <value>0x3d81</value>
         <object_component_ref idref="oc-2e3"/>
      </symbol>
      <symbol id="sm-785">
         <name>fseek</name>
         <value>0x3a51</value>
         <object_component_ref idref="oc-336"/>
      </symbol>
      <symbol id="sm-795">
         <name>lseek</name>
         <value>0x4281</value>
         <object_component_ref idref="oc-362"/>
      </symbol>
      <symbol id="sm-7b1">
         <name>setvbuf</name>
         <value>0x30d9</value>
         <object_component_ref idref="oc-33c"/>
      </symbol>
      <symbol id="sm-7c2">
         <name>HOSTclose</name>
         <value>0x3ea9</value>
         <object_component_ref idref="oc-3c7"/>
      </symbol>
      <symbol id="sm-7d3">
         <name>HOSTlseek</name>
         <value>0x384d</value>
         <object_component_ref idref="oc-3d9"/>
      </symbol>
      <symbol id="sm-7e5">
         <name>parmbuf</name>
         <value>0x2000065c</value>
      </symbol>
      <symbol id="sm-7e6">
         <name>HOSTopen</name>
         <value>0x3b19</value>
         <object_component_ref idref="oc-3c1"/>
      </symbol>
      <symbol id="sm-7f7">
         <name>HOSTread</name>
         <value>0x3bd5</value>
         <object_component_ref idref="oc-3cd"/>
      </symbol>
      <symbol id="sm-808">
         <name>HOSTrename</name>
         <value>0x38b5</value>
         <object_component_ref idref="oc-3e5"/>
      </symbol>
      <symbol id="sm-819">
         <name>HOSTunlink</name>
         <value>0x3eed</value>
         <object_component_ref idref="oc-3df"/>
      </symbol>
      <symbol id="sm-82a">
         <name>HOSTwrite</name>
         <value>0x3c2d</value>
         <object_component_ref idref="oc-3d3"/>
      </symbol>
      <symbol id="sm-84e">
         <name>__TI_readmsg</name>
         <value>0x41c1</value>
         <object_component_ref idref="oc-40b"/>
      </symbol>
      <symbol id="sm-84f">
         <name>C$$IO$$</name>
         <value>0x40a3</value>
         <object_component_ref idref="oc-405"/>
      </symbol>
      <symbol id="sm-850">
         <name>__CIOBUF_</name>
         <value>0x20000400</value>
         <object_component_ref idref="oc-433"/>
      </symbol>
      <symbol id="sm-851">
         <name>__TI_writemsg</name>
         <value>0x4075</value>
         <object_component_ref idref="oc-405"/>
      </symbol>
      <symbol id="sm-85b">
         <name>__aeabi_idiv0</name>
         <value>0x2a23</value>
         <object_component_ref idref="oc-306"/>
      </symbol>
      <symbol id="sm-85c">
         <name>__aeabi_ldiv0</name>
         <value>0x2a23</value>
         <object_component_ref idref="oc-306"/>
      </symbol>
      <symbol id="sm-8d7">
         <name>_sys_memory</name>
         <value>0x20000000</value>
         <object_component_ref idref="oc-29"/>
      </symbol>
      <symbol id="sm-8d8">
         <name>free</name>
         <value>0x31b5</value>
         <object_component_ref idref="oc-36a"/>
      </symbol>
      <symbol id="sm-8d9">
         <name>malloc</name>
         <value>0x3685</value>
         <object_component_ref idref="oc-370"/>
      </symbol>
      <symbol id="sm-8da">
         <name>minit</name>
         <value>0x40e5</value>
         <object_component_ref idref="oc-39e"/>
      </symbol>
      <symbol id="sm-8ea">
         <name>__TI_cleanup</name>
         <value>0x418d</value>
         <object_component_ref idref="oc-376"/>
      </symbol>
      <symbol id="sm-8f9">
         <name>strcpy</name>
         <value>0x438f</value>
         <object_component_ref idref="oc-41f"/>
      </symbol>
      <symbol id="sm-90e">
         <name>__TI_closefile</name>
         <value>0x36fd</value>
         <object_component_ref idref="oc-3b5"/>
      </symbol>
      <symbol id="sm-931">
         <name>finddevice</name>
         <value>0x41f5</value>
         <object_component_ref idref="oc-451"/>
      </symbol>
      <symbol id="sm-932">
         <name>getdevice</name>
         <value>0x3f75</value>
         <object_component_ref idref="oc-429"/>
      </symbol>
      <symbol id="sm-942">
         <name>strcmp</name>
         <value>0x434d</value>
         <object_component_ref idref="oc-468"/>
      </symbol>
      <symbol id="sm-952">
         <name>strncpy</name>
         <value>0x4155</value>
         <object_component_ref idref="oc-44b"/>
      </symbol>
      <symbol id="sm-962">
         <name>unlink</name>
         <value>0x4255</value>
         <object_component_ref idref="oc-3fa"/>
      </symbol>
      <symbol id="sm-976">
         <name>close</name>
         <value>0x3b79</value>
         <object_component_ref idref="oc-3f4"/>
      </symbol>
      <symbol id="sm-977">
         <name>__TI_static_base__</name>
         <value>0x0</value>
      </symbol>
      <symbol id="sm-97a">
         <name>__mpu_init</name>
         <value>0x0</value>
      </symbol>
      <symbol id="sm-97b">
         <name>_system_post_cinit</name>
         <value>0x0</value>
      </symbol>
      <symbol id="sm-97c">
         <name>NMI_Handler</name>
         <value>0x43f5</value>
      </symbol>
      <symbol id="sm-97d">
         <name>HardFault_Handler</name>
         <value>0x43f5</value>
      </symbol>
      <symbol id="sm-97e">
         <name>MemManage_Handler</name>
         <value>0x43f5</value>
      </symbol>
      <symbol id="sm-97f">
         <name>BusFault_Handler</name>
         <value>0x43f5</value>
      </symbol>
      <symbol id="sm-980">
         <name>UsageFault_Handler</name>
         <value>0x43f5</value>
      </symbol>
      <symbol id="sm-981">
         <name>SVC_Handler</name>
         <value>0x43f5</value>
      </symbol>
      <symbol id="sm-982">
         <name>DebugMon_Handler</name>
         <value>0x43f5</value>
      </symbol>
      <symbol id="sm-983">
         <name>PendSV_Handler</name>
         <value>0x43f5</value>
      </symbol>
      <symbol id="sm-984">
         <name>SysTick_Handler</name>
         <value>0x43f5</value>
      </symbol>
      <symbol id="sm-985">
         <name>PSS_IRQHandler</name>
         <value>0x43f5</value>
      </symbol>
      <symbol id="sm-986">
         <name>CS_IRQHandler</name>
         <value>0x43f5</value>
      </symbol>
      <symbol id="sm-987">
         <name>PCM_IRQHandler</name>
         <value>0x43f5</value>
      </symbol>
      <symbol id="sm-988">
         <name>WDT_A_IRQHandler</name>
         <value>0x43f5</value>
      </symbol>
      <symbol id="sm-989">
         <name>FPU_IRQHandler</name>
         <value>0x43f5</value>
      </symbol>
      <symbol id="sm-98a">
         <name>FLCTL_IRQHandler</name>
         <value>0x43f5</value>
      </symbol>
      <symbol id="sm-98b">
         <name>COMP_E0_IRQHandler</name>
         <value>0x43f5</value>
      </symbol>
      <symbol id="sm-98c">
         <name>COMP_E1_IRQHandler</name>
         <value>0x43f5</value>
      </symbol>
      <symbol id="sm-98d">
         <name>TA0_0_IRQHandler</name>
         <value>0x43f5</value>
      </symbol>
      <symbol id="sm-98e">
         <name>TA0_N_IRQHandler</name>
         <value>0x43f5</value>
      </symbol>
      <symbol id="sm-98f">
         <name>TA1_0_IRQHandler</name>
         <value>0x43f5</value>
      </symbol>
      <symbol id="sm-990">
         <name>TA1_N_IRQHandler</name>
         <value>0x43f5</value>
      </symbol>
      <symbol id="sm-991">
         <name>TA2_0_IRQHandler</name>
         <value>0x1371</value>
      </symbol>
      <symbol id="sm-992">
         <name>TA2_N_IRQHandler</name>
         <value>0x43f5</value>
      </symbol>
      <symbol id="sm-993">
         <name>TA3_0_IRQHandler</name>
         <value>0x43f5</value>
      </symbol>
      <symbol id="sm-994">
         <name>TA3_N_IRQHandler</name>
         <value>0x43f5</value>
      </symbol>
      <symbol id="sm-995">
         <name>EUSCIA0_IRQHandler</name>
         <value>0x43f5</value>
      </symbol>
      <symbol id="sm-996">
         <name>EUSCIA1_IRQHandler</name>
         <value>0x43f5</value>
      </symbol>
      <symbol id="sm-997">
         <name>EUSCIA2_IRQHandler</name>
         <value>0x43f5</value>
      </symbol>
      <symbol id="sm-998">
         <name>EUSCIA3_IRQHandler</name>
         <value>0x43f5</value>
      </symbol>
      <symbol id="sm-999">
         <name>EUSCIB0_IRQHandler</name>
         <value>0x43f5</value>
      </symbol>
      <symbol id="sm-99a">
         <name>EUSCIB1_IRQHandler</name>
         <value>0x43f5</value>
      </symbol>
      <symbol id="sm-99b">
         <name>EUSCIB2_IRQHandler</name>
         <value>0x43f5</value>
      </symbol>
      <symbol id="sm-99c">
         <name>EUSCIB3_IRQHandler</name>
         <value>0x43f5</value>
      </symbol>
      <symbol id="sm-99d">
         <name>ADC14_IRQHandler</name>
         <value>0x43f5</value>
      </symbol>
      <symbol id="sm-99e">
         <name>T32_INT1_IRQHandler</name>
         <value>0x43f5</value>
      </symbol>
      <symbol id="sm-99f">
         <name>T32_INT2_IRQHandler</name>
         <value>0x43f5</value>
      </symbol>
      <symbol id="sm-9a0">
         <name>T32_INTC_IRQHandler</name>
         <value>0x43f5</value>
      </symbol>
      <symbol id="sm-9a1">
         <name>AES256_IRQHandler</name>
         <value>0x43f5</value>
      </symbol>
      <symbol id="sm-9a2">
         <name>RTC_C_IRQHandler</name>
         <value>0x12e9</value>
      </symbol>
      <symbol id="sm-9a3">
         <name>DMA_ERR_IRQHandler</name>
         <value>0x43f5</value>
      </symbol>
      <symbol id="sm-9a4">
         <name>DMA_INT3_IRQHandler</name>
         <value>0x43f5</value>
      </symbol>
      <symbol id="sm-9a5">
         <name>DMA_INT2_IRQHandler</name>
         <value>0x43f5</value>
      </symbol>
      <symbol id="sm-9a6">
         <name>DMA_INT1_IRQHandler</name>
         <value>0x43f5</value>
      </symbol>
      <symbol id="sm-9a7">
         <name>DMA_INT0_IRQHandler</name>
         <value>0x43f5</value>
      </symbol>
      <symbol id="sm-9a8">
         <name>PORT1_IRQHandler</name>
         <value>0x133f</value>
      </symbol>
      <symbol id="sm-9a9">
         <name>PORT2_IRQHandler</name>
         <value>0x43f5</value>
      </symbol>
      <symbol id="sm-9aa">
         <name>PORT3_IRQHandler</name>
         <value>0x43f5</value>
      </symbol>
      <symbol id="sm-9ab">
         <name>PORT4_IRQHandler</name>
         <value>0x43f5</value>
      </symbol>
      <symbol id="sm-9ac">
         <name>PORT5_IRQHandler</name>
         <value>0x43f5</value>
      </symbol>
      <symbol id="sm-9ad">
         <name>PORT6_IRQHandler</name>
         <value>0x43f5</value>
      </symbol>
      <symbol id="sm-9ae">
         <name>remove</name>
         <value>0x4255</value>
      </symbol>
   </symbol_table>
   <title>Link successful</title>
</link_info>
