******************************************************************************
                  TI ARM Linker PC v18.1.3                     
******************************************************************************
>> Linked Mon Dec  3 17:39:44 2018

OUTPUT FILE NAME:   <226 Final Project.out>
ENTRY POINT SYMBOL: "_c_int00_noargs"  address: 0000343d


MEMORY CONFIGURATION

         name            origin    length      used     unused   attr    fill
----------------------  --------  ---------  --------  --------  ----  --------
  MAIN                  00000000   00040000  00003724  0003c8dc  R  X
  INFO                  00200000   00004000  00000000  00004000  R  X
  SRAM_CODE             01000000   00010000  000002e9  0000fd17  RW X
  SRAM_DATA             20000000   00010000  000002e9  0000fd17  RW  


SEGMENT ALLOCATION MAP

run origin  load origin   length   init length attrs members
----------  ----------- ---------- ----------- ----- -------
00000000    00000000    00003728   00003728    r-x
  00000000    00000000    000000e4   000000e4    r-- .intvecs
  000000e4    000000e4    000034c4   000034c4    r-x .text
  000035a8    000035a8    00000134   00000134    r-- .const
  000036e0    000036e0    00000048   00000048    r-- .cinit
20000000    20000000    000000ec   00000000    rw-
  20000000    20000000    000000ad   00000000    rw- .bss
  200000b0    200000b0    0000003c   00000000    rw- .data
2000fe00    2000fe00    00000200   00000000    rw-
  2000fe00    2000fe00    00000200   00000000    rw- .stack


SECTION ALLOCATION MAP

 output                                  attributes/
section   page    origin      length       input sections
--------  ----  ----------  ----------   ----------------
.intvecs   0    00000000    000000e4     
                  00000000    000000e4     startup_msp432p401r_ccs.obj (.intvecs:retain)

.text      0    000000e4    000034c4     
                  000000e4    000012c4     main.obj (.text)
                  000013a8    00000a5e     rtsv7M4_T_le_v4SPD16_eabi.lib : _printfi.c.obj (.text:__TI_printfi)
                  00001e06    00000002                                   : div0.asm.obj (.text)
                  00001e08    00000334     system_msp432p401r.obj (.text)
                  0000213c    00000270     rtsv7M4_T_le_v4SPD16_eabi.lib : _printfi.c.obj (.text:_pconv_a)
                  000023ac    000001d0                                   : _printfi.c.obj (.text:_pconv_g)
                  0000257c    000001b6                                   : fd_add_t2.asm.obj (.text)
                  00002732    00000002     --HOLE-- [fill = 0]
                  00002734    0000013c                                   : _printfi.c.obj (.text:_pconv_e)
                  00002870    00000136                                   : fd_div_t2.asm.obj (.text)
                  000029a6    00000002     --HOLE-- [fill = 0]
                  000029a8    00000120                                   : _printfi.c.obj (.text:fcvt)
                  00002ac8    00000110                                   : s_scalbn.c.obj (.text:scalbn)
                  00002bd8    000000fc                                   : fd_mul_t2.asm.obj (.text)
                  00002cd4    000000b1                                   : _printfi.c.obj (.text:_ltostr)
                  00002d85    00000001     --HOLE-- [fill = 0]
                  00002d86    0000009c                                   : memcpy_t2.asm.obj (.text)
                  00002e22    00000096                                   : ull_div_t2.asm.obj (.text)
                  00002eb8    00000086                                   : fd_cmp_t2.asm.obj (.text:__aeabi_cdcmple)
                  00002f3e    00000086                                   : fd_cmp_t2.asm.obj (.text:__aeabi_cdrcmple)
                  00002fc4    0000007a                                   : memset_t2.asm.obj (.text)
                  0000303e    0000006e                                   : _printfi.c.obj (.text:_mcpy)
                  000030ac    0000006e                                   : fd_tos_t2.asm.obj (.text)
                  0000311a    00000068                                   : copy_decompress_lzss.c.obj (.text:decompress:lzss:__TI_decompress_lzss)
                  00003182    00000002     --HOLE-- [fill = 0]
                  00003184    00000064                                   : s_frexp.c.obj (.text:frexp)
                  000031e8    00000056                                   : _printfi.c.obj (.text:_pconv_f)
                  0000323e    00000054                                   : ltoa.c.obj (.text:ltoa)
                  00003292    00000052                                   : _printfi.c.obj (.text:_ecpy)
                  000032e4    0000004c                                   : atoi.c.obj (.text:atoi)
                  00003330    00000048                                   : fd_toi_t2.asm.obj (.text)
                  00003378    00000044                                   : autoinit.c.obj (.text:__TI_auto_init_nobinit_nopinit:__TI_auto_init_nobinit_nopinit)
                  000033bc    00000040                                   : sprintf.c.obj (.text:sprintf)
                  000033fc    0000003e                                   : _printfi.c.obj (.text:_fcpy)
                  0000343a    00000002     --HOLE-- [fill = 0]
                  0000343c    00000038                                   : boot_cortex_m.c.obj (.text:_c_int00_noargs:_c_int00_noargs)
                  00003474    00000038                                   : fs_tod_t2.asm.obj (.text)
                  000034ac    0000002e                                   : i_tofd_t2.asm.obj (.text)
                  000034da    0000001c                                   : memccpy.c.obj (.text:memccpy)
                  000034f6    00000018                                   : sprintf.c.obj (.text:_outs)
                  0000350e    00000016                                   : strchr.c.obj (.text:strchr)
                  00003524    00000014                                   : s_copysign.c.obj (.text:copysign)
                  00003538    00000014                                   : strlen.c.obj (.text:strlen)
                  0000354c    00000012                                   : copy_zero_init.c.obj (.text:decompress:ZI:__TI_zero_init_nomemset:__TI_zero_init_nomemset)
                  0000355e    00000012                                   : wcslen.c.obj (.text:wcslen)
                  00003570    0000000e                                   : copy_decompress_none.c.obj (.text:decompress:none:__TI_decompress_none)
                  0000357e    0000000e     startup_msp432p401r_ccs.obj (.text)
                  0000358c    0000000a     rtsv7M4_T_le_v4SPD16_eabi.lib : sprintf.c.obj (.text:_outc)
                  00003596    00000002     --HOLE-- [fill = 0]
                  00003598    00000008                                   : errno.c.obj (.text:__aeabi_errno_addr)
                  000035a0    00000004                                   : pre_init.c.obj (.text:_system_pre_init)
                  000035a4    00000004                                   : exit.c.obj (.text:abort:abort)

.const     0    000035a8    00000134     
                  000035a8    00000101     rtsv7M4_T_le_v4SPD16_eabi.lib : ctype.c.obj (.const:.string:_ctypes_)
                  000036a9    0000000f     main.obj (.const:.string:$P$T0$1)
                  000036b8    0000000f     main.obj (.const:.string:$P$T2$3)
                  000036c7    0000000e     main.obj (.const:.string:$P$T3$4)
                  000036d5    00000007     main.obj (.const:.string:$P$T1$2)

.cinit     0    000036e0    00000048     
                  000036e0    0000001e     (.cinit..data.load) [load image, compression = lzss]
                  000036fe    00000002     --HOLE-- [fill = 0]
                  00003700    0000000c     (__TI_handler_table)
                  0000370c    00000004     --HOLE-- [fill = 0]
                  00003710    00000008     (.cinit..bss.load) [load image, compression = zero_init]
                  00003718    00000010     (__TI_cinit_table)

.init_array 
*          0    00000000    00000000     UNINITIALIZED

.binit     0    00000000    00000000     

.bss       0    20000000    000000ad     UNINITIALIZED
                  20000000    00000034     (.common:alarmSET)
                  20000034    00000034     (.common:time)
                  20000068    00000034     (.common:timeSET)
                  2000009c    00000004     (.common:nADC)
                  200000a0    00000004     (.common:nADC2)
                  200000a4    00000004     (.common:pwmLCD)
                  200000a8    00000002     main.obj (.bss)
                  200000aa    00000001     (.common:hours)
                  200000ab    00000001     (.common:mins)
                  200000ac    00000001     (.common:secs)

.data      0    200000b0    0000003c     UNINITIALIZED
                  200000b0    0000002c     main.obj (.data)
                  200000dc    00000005     main.obj (.data:temperature)
                  200000e1    00000003     --HOLE--
                  200000e4    00000004     rtsv7M4_T_le_v4SPD16_eabi.lib : errno.c.obj (.data)
                  200000e8    00000004     system_msp432p401r.obj (.data)

.stack     0    2000fe00    00000200     UNINITIALIZED
                  2000fe00    00000004     rtsv7M4_T_le_v4SPD16_eabi.lib : boot_cortex_m.c.obj (.stack)
                  2000fe04    000001fc     --HOLE--

MODULE SUMMARY

       Module                        code    ro data   rw data
       ------                        ----    -------   -------
    .\
       main.obj                      4804    51        444    
       system_msp432p401r.obj        820     0         8      
       startup_msp432p401r_ccs.obj   14      228       0      
    +--+-----------------------------+-------+---------+---------+
       Total:                        5638    279       452    
                                                              
    C:\ti\ccsv8\tools\compiler\ti-cgt-arm_18.1.3.LTS\lib\rtsv7M4_T_le_v4SPD16_eabi.lib
       _printfi.c.obj                4863    0         0      
       fd_add_t2.asm.obj             438     0         0      
       fd_div_t2.asm.obj             310     0         0      
       s_scalbn.c.obj                272     0         0      
       fd_cmp_t2.asm.obj             268     0         0      
       ctype.c.obj                   0       257       0      
       fd_mul_t2.asm.obj             252     0         0      
       memcpy_t2.asm.obj             156     0         0      
       ull_div_t2.asm.obj            150     0         0      
       memset_t2.asm.obj             122     0         0      
       fd_tos_t2.asm.obj             110     0         0      
       copy_decompress_lzss.c.obj    104     0         0      
       s_frexp.c.obj                 100     0         0      
       sprintf.c.obj                 98      0         0      
       ltoa.c.obj                    84      0         0      
       atoi.c.obj                    76      0         0      
       fd_toi_t2.asm.obj             72      0         0      
       autoinit.c.obj                68      0         0      
       boot_cortex_m.c.obj           56      0         0      
       fs_tod_t2.asm.obj             56      0         0      
       i_tofd_t2.asm.obj             46      0         0      
       memccpy.c.obj                 28      0         0      
       strchr.c.obj                  22      0         0      
       s_copysign.c.obj              20      0         0      
       strlen.c.obj                  20      0         0      
       copy_zero_init.c.obj          18      0         0      
       wcslen.c.obj                  18      0         0      
       errno.c.obj                   8       0         8      
       copy_decompress_none.c.obj    14      0         0      
       exit.c.obj                    4       0         0      
       pre_init.c.obj                4       0         0      
       div0.asm.obj                  2       0         0      
    +--+-----------------------------+-------+---------+---------+
       Total:                        7859    257       8      
                                                              
       Stack:                        0       0         1024   
       Linker Generated:             0       66        0      
    +--+-----------------------------+-------+---------+---------+
       Grand Total:                  13497   602       1484   


LINKER GENERATED COPY TABLES

__TI_cinit_table @ 00003718 records: 2, size/record: 8, table size: 16
	.data: load addr=000036e0, load size=0000001e bytes, run addr=200000b0, run size=0000003c bytes, compression=lzss
	.bss: load addr=00003710, load size=00000008 bytes, run addr=20000000, run size=000000ad bytes, compression=zero_init


LINKER GENERATED HANDLER TABLE

__TI_handler_table @ 00003700 records: 3, size/record: 4, table size: 12
	index: 0, handler: __TI_decompress_lzss
	index: 1, handler: __TI_decompress_none
	index: 2, handler: __TI_zero_init


GLOBAL SYMBOLS: SORTED ALPHABETICALLY BY Name 

address   name                          
-------   ----                          
0000358b  ADC14_IRQHandler              
000007ff  ADC14_init                    
0000358b  AES256_IRQHandler             
0000358b  BusFault_Handler              
000035a5  C$$EXIT                       
0000358b  COMP_E0_IRQHandler            
0000358b  COMP_E1_IRQHandler            
0000358b  CS_IRQHandler                 
0000358b  DMA_ERR_IRQHandler            
0000358b  DMA_INT0_IRQHandler           
0000358b  DMA_INT1_IRQHandler           
0000358b  DMA_INT2_IRQHandler           
0000358b  DMA_INT3_IRQHandler           
0000358b  DebugMon_Handler              
0000358b  Default_Handler               
0000358b  EUSCIA0_IRQHandler            
0000358b  EUSCIA1_IRQHandler            
0000358b  EUSCIA2_IRQHandler            
0000358b  EUSCIA3_IRQHandler            
0000358b  EUSCIB0_IRQHandler            
0000358b  EUSCIB1_IRQHandler            
0000358b  EUSCIB2_IRQHandler            
0000358b  EUSCIB3_IRQHandler            
0000358b  FLCTL_IRQHandler              
0000358b  FPU_IRQHandler                
0000358b  HardFault_Handler             
00000729  LCD_init                      
0000068d  LEDinit                       
0000358b  MemManage_Handler             
0000358b  NMI_Handler                   
0000358b  PCM_IRQHandler                
00001053  PORT1_IRQHandler              
00001053  PORT1_IRQHandler              
0000358b  PORT2_IRQHandler              
0000358b  PORT3_IRQHandler              
0000358b  PORT4_IRQHandler              
0000358b  PORT5_IRQHandler              
0000358b  PORT6_IRQHandler              
0000358b  PSS_IRQHandler                
0000358b  PendSV_Handler                
000007c1  PortADC_init                  
0000114d  PulseEnablePin                
00000ff1  RTC_C_IRQHandler              
00000ff1  RTC_C_IRQHandler              
00000833  RTC_Init                      
0000357f  Reset_Handler                 
0000358b  SVC_Handler                   
0000358b  SysTick_Handler               
200000e8  SystemCoreClock               
00001e09  SystemCoreClockUpdate         
00002081  SystemInit                    
0000358b  T32_INT1_IRQHandler           
0000358b  T32_INT2_IRQHandler           
0000358b  T32_INTC_IRQHandler           
0000358b  TA0_0_IRQHandler              
0000358b  TA0_N_IRQHandler              
0000358b  TA1_0_IRQHandler              
0000358b  TA1_N_IRQHandler              
00001085  TA2_0_IRQHandler              
00001085  TA2_0_IRQHandler              
0000358b  TA2_N_IRQHandler              
0000358b  TA3_0_IRQHandler              
0000358b  TA3_N_IRQHandler              
0000358b  UsageFault_Handler            
4000480c  WDTCTL_SYM                    
0000358b  WDT_A_IRQHandler              
200000bc  XM                            
20010000  __STACK_END                   
00000200  __STACK_SIZE                  
00003718  __TI_CINIT_Base               
00003728  __TI_CINIT_Limit              
00003700  __TI_Handler_Table_Base       
0000370c  __TI_Handler_Table_Limit      
00003379  __TI_auto_init_nobinit_nopinit
0000311b  __TI_decompress_lzss          
00003571  __TI_decompress_none          
ffffffff  __TI_pprof_out_hndl           
000013a9  __TI_printfi                  
ffffffff  __TI_prof_data_size           
ffffffff  __TI_prof_data_start          
00000000  __TI_static_base__            
0000354d  __TI_zero_init_nomemset       
00002eb9  __aeabi_cdcmpeq               
00002eb9  __aeabi_cdcmple               
00002f3f  __aeabi_cdrcmple              
000030ad  __aeabi_d2f                   
00003331  __aeabi_d2iz                  
00002587  __aeabi_dadd                  
00002871  __aeabi_ddiv                  
00002bd9  __aeabi_dmul                  
0000257d  __aeabi_dsub                  
00003599  __aeabi_errno_addr            
00003475  __aeabi_f2d                   
000034ad  __aeabi_i2d                   
00001e07  __aeabi_idiv0                 
00001e07  __aeabi_ldiv0                 
00002fc5  __aeabi_memclr                
00002fc5  __aeabi_memclr4               
00002fc5  __aeabi_memclr8               
00002d87  __aeabi_memcpy                
00002d87  __aeabi_memcpy4               
00002d87  __aeabi_memcpy8               
00002fc7  __aeabi_memset                
00002fc7  __aeabi_memset4               
00002fc7  __aeabi_memset8               
00002e23  __aeabi_uldivmod              
ffffffff  __binit__                     
ffffffff  __c_args__                    
UNDEFED   __mpu_init                    
2000fe00  __stack                       
0000343d  _c_int00_noargs               
000035a8  _ctypes_                      
UNDEFED   _system_post_cinit            
000035a1  _system_pre_init              
000035a5  abort                         
20000000  alarmSET                      
200000b4  alarm_update                  
00000ce9  alarmdisplay                  
000032e5  atoi                          
ffffffff  binit                         
00000545  buttoninit                    
00003525  copysign                      
00003525  copysignl                     
0000121b  dataWrite                     
000012e1  debounceDOWN                  
00001285  debounceSETALARM              
00001241  debounceSETTIME               
00001321  debounceUP                    
0000111f  delay_microsec                
000010f9  delay_ms                      
000008f5  displayinit                   
200000e4  errno                         
200000c8  fasttimestatus                
00003185  frexp                         
00003185  frexpl                        
200000aa  hours                         
00000000  interruptVectors              
00002ac9  ldexp                         
00002ac9  ldexpl                        
0000323f  ltoa                          
00000115  main                          
000034db  memccpy                       
00002d87  memcpy                        
00002fcd  memset                        
200000ab  mins                          
2000009c  nADC                          
200000a0  nADC2                         
200000d4  onoffstatus                   
000011b9  pushByte                      
0000118d  pushNibble                    
200000a4  pwmLCD                        
00000eef  readpwm                       
00000e39  readtemp                      
200000c4  realtimestatus                
00002ac9  scalbn                        
00002ac9  scalbnl                       
200000ac  secs                          
200000ba  setAhours                     
200000bb  setAmins                      
00000fb5  setalarm                      
200000d0  setalarmstatus                
200000b8  sethours                      
00000f8d  sethoursmins                  
200000b9  setmins                       
200000cc  settimestatus                 
200000d8  snoozestatus                  
00000881  speakerinit                   
000033bd  sprintf                       
0000350f  strchr                        
00003539  strlen                        
000010d9  systick_start                 
00000ddf  tempdisplay                   
200000dc  temperature                   
20000034  time                          
20000068  timeSET                       
200000b0  time_update                   
00000a89  timedisplay                   
00000bc1  timedisplaySET                
000008c1  timerAinterrupt_init          
200000c0  wakeup                        
0000355f  wcslen                        
00001201  write_command                 


GLOBAL SYMBOLS: SORTED BY Symbol Address 

address   name                          
-------   ----                          
00000000  __TI_static_base__            
00000000  interruptVectors              
00000115  main                          
00000200  __STACK_SIZE                  
00000545  buttoninit                    
0000068d  LEDinit                       
00000729  LCD_init                      
000007c1  PortADC_init                  
000007ff  ADC14_init                    
00000833  RTC_Init                      
00000881  speakerinit                   
000008c1  timerAinterrupt_init          
000008f5  displayinit                   
00000a89  timedisplay                   
00000bc1  timedisplaySET                
00000ce9  alarmdisplay                  
00000ddf  tempdisplay                   
00000e39  readtemp                      
00000eef  readpwm                       
00000f8d  sethoursmins                  
00000fb5  setalarm                      
00000ff1  RTC_C_IRQHandler              
00000ff1  RTC_C_IRQHandler              
00001053  PORT1_IRQHandler              
00001053  PORT1_IRQHandler              
00001085  TA2_0_IRQHandler              
00001085  TA2_0_IRQHandler              
000010d9  systick_start                 
000010f9  delay_ms                      
0000111f  delay_microsec                
0000114d  PulseEnablePin                
0000118d  pushNibble                    
000011b9  pushByte                      
00001201  write_command                 
0000121b  dataWrite                     
00001241  debounceSETTIME               
00001285  debounceSETALARM              
000012e1  debounceDOWN                  
00001321  debounceUP                    
000013a9  __TI_printfi                  
00001e07  __aeabi_idiv0                 
00001e07  __aeabi_ldiv0                 
00001e09  SystemCoreClockUpdate         
00002081  SystemInit                    
0000257d  __aeabi_dsub                  
00002587  __aeabi_dadd                  
00002871  __aeabi_ddiv                  
00002ac9  ldexp                         
00002ac9  ldexpl                        
00002ac9  scalbn                        
00002ac9  scalbnl                       
00002bd9  __aeabi_dmul                  
00002d87  __aeabi_memcpy                
00002d87  __aeabi_memcpy4               
00002d87  __aeabi_memcpy8               
00002d87  memcpy                        
00002e23  __aeabi_uldivmod              
00002eb9  __aeabi_cdcmpeq               
00002eb9  __aeabi_cdcmple               
00002f3f  __aeabi_cdrcmple              
00002fc5  __aeabi_memclr                
00002fc5  __aeabi_memclr4               
00002fc5  __aeabi_memclr8               
00002fc7  __aeabi_memset                
00002fc7  __aeabi_memset4               
00002fc7  __aeabi_memset8               
00002fcd  memset                        
000030ad  __aeabi_d2f                   
0000311b  __TI_decompress_lzss          
00003185  frexp                         
00003185  frexpl                        
0000323f  ltoa                          
000032e5  atoi                          
00003331  __aeabi_d2iz                  
00003379  __TI_auto_init_nobinit_nopinit
000033bd  sprintf                       
0000343d  _c_int00_noargs               
00003475  __aeabi_f2d                   
000034ad  __aeabi_i2d                   
000034db  memccpy                       
0000350f  strchr                        
00003525  copysign                      
00003525  copysignl                     
00003539  strlen                        
0000354d  __TI_zero_init_nomemset       
0000355f  wcslen                        
00003571  __TI_decompress_none          
0000357f  Reset_Handler                 
0000358b  ADC14_IRQHandler              
0000358b  AES256_IRQHandler             
0000358b  BusFault_Handler              
0000358b  COMP_E0_IRQHandler            
0000358b  COMP_E1_IRQHandler            
0000358b  CS_IRQHandler                 
0000358b  DMA_ERR_IRQHandler            
0000358b  DMA_INT0_IRQHandler           
0000358b  DMA_INT1_IRQHandler           
0000358b  DMA_INT2_IRQHandler           
0000358b  DMA_INT3_IRQHandler           
0000358b  DebugMon_Handler              
0000358b  Default_Handler               
0000358b  EUSCIA0_IRQHandler            
0000358b  EUSCIA1_IRQHandler            
0000358b  EUSCIA2_IRQHandler            
0000358b  EUSCIA3_IRQHandler            
0000358b  EUSCIB0_IRQHandler            
0000358b  EUSCIB1_IRQHandler            
0000358b  EUSCIB2_IRQHandler            
0000358b  EUSCIB3_IRQHandler            
0000358b  FLCTL_IRQHandler              
0000358b  FPU_IRQHandler                
0000358b  HardFault_Handler             
0000358b  MemManage_Handler             
0000358b  NMI_Handler                   
0000358b  PCM_IRQHandler                
0000358b  PORT2_IRQHandler              
0000358b  PORT3_IRQHandler              
0000358b  PORT4_IRQHandler              
0000358b  PORT5_IRQHandler              
0000358b  PORT6_IRQHandler              
0000358b  PSS_IRQHandler                
0000358b  PendSV_Handler                
0000358b  SVC_Handler                   
0000358b  SysTick_Handler               
0000358b  T32_INT1_IRQHandler           
0000358b  T32_INT2_IRQHandler           
0000358b  T32_INTC_IRQHandler           
0000358b  TA0_0_IRQHandler              
0000358b  TA0_N_IRQHandler              
0000358b  TA1_0_IRQHandler              
0000358b  TA1_N_IRQHandler              
0000358b  TA2_N_IRQHandler              
0000358b  TA3_0_IRQHandler              
0000358b  TA3_N_IRQHandler              
0000358b  UsageFault_Handler            
0000358b  WDT_A_IRQHandler              
00003599  __aeabi_errno_addr            
000035a1  _system_pre_init              
000035a5  C$$EXIT                       
000035a5  abort                         
000035a8  _ctypes_                      
00003700  __TI_Handler_Table_Base       
0000370c  __TI_Handler_Table_Limit      
00003718  __TI_CINIT_Base               
00003728  __TI_CINIT_Limit              
20000000  alarmSET                      
20000034  time                          
20000068  timeSET                       
2000009c  nADC                          
200000a0  nADC2                         
200000a4  pwmLCD                        
200000aa  hours                         
200000ab  mins                          
200000ac  secs                          
200000b0  time_update                   
200000b4  alarm_update                  
200000b8  sethours                      
200000b9  setmins                       
200000ba  setAhours                     
200000bb  setAmins                      
200000bc  XM                            
200000c0  wakeup                        
200000c4  realtimestatus                
200000c8  fasttimestatus                
200000cc  settimestatus                 
200000d0  setalarmstatus                
200000d4  onoffstatus                   
200000d8  snoozestatus                  
200000dc  temperature                   
200000e4  errno                         
200000e8  SystemCoreClock               
2000fe00  __stack                       
20010000  __STACK_END                   
4000480c  WDTCTL_SYM                    
ffffffff  __TI_pprof_out_hndl           
ffffffff  __TI_prof_data_size           
ffffffff  __TI_prof_data_start          
ffffffff  __binit__                     
ffffffff  __c_args__                    
ffffffff  binit                         
UNDEFED   __mpu_init                    
UNDEFED   _system_post_cinit            

[182 symbols]
