******************************************************************************
                  TI ARM Linker PC v18.1.3                     
******************************************************************************
>> Linked Thu Dec  6 23:30:55 2018

OUTPUT FILE NAME:   <226 Final Project.out>
ENTRY POINT SYMBOL: "_c_int00_noargs"  address: 000037f9


MEMORY CONFIGURATION

         name            origin    length      used     unused   attr    fill
----------------------  --------  ---------  --------  --------  ----  --------
  MAIN                  00000000   00040000  00003ae0  0003c520  R  X
  INFO                  00200000   00004000  00000000  00004000  R  X
  SRAM_CODE             01000000   00010000  000002f1  0000fd0f  RW X
  SRAM_DATA             20000000   00010000  000002f1  0000fd0f  RW  


SEGMENT ALLOCATION MAP

run origin  load origin   length   init length attrs members
----------  ----------- ---------- ----------- ----- -------
00000000    00000000    00003ae0   00003ae0    r-x
  00000000    00000000    000000e4   000000e4    r-- .intvecs
  000000e4    000000e4    00003880   00003880    r-x .text
  00003964    00003964    00000134   00000134    r-- .const
  00003a98    00003a98    00000048   00000048    r-- .cinit
20000000    20000000    000000f4   00000000    rw-
  20000000    20000000    000000ad   00000000    rw- .bss
  200000b0    200000b0    00000044   00000000    rw- .data
2000fe00    2000fe00    00000200   00000000    rw-
  2000fe00    2000fe00    00000200   00000000    rw- .stack


SECTION ALLOCATION MAP

 output                                  attributes/
section   page    origin      length       input sections
--------  ----  ----------  ----------   ----------------
.intvecs   0    00000000    000000e4     
                  00000000    000000e4     startup_msp432p401r_ccs.obj (.intvecs:retain)

.text      0    000000e4    00003880     
                  000000e4    00001680     main.obj (.text)
                  00001764    00000a5e     rtsv7M4_T_le_v4SPD16_eabi.lib : _printfi.c.obj (.text:__TI_printfi)
                  000021c2    00000002                                   : div0.asm.obj (.text)
                  000021c4    00000334     system_msp432p401r.obj (.text)
                  000024f8    00000270     rtsv7M4_T_le_v4SPD16_eabi.lib : _printfi.c.obj (.text:_pconv_a)
                  00002768    000001d0                                   : _printfi.c.obj (.text:_pconv_g)
                  00002938    000001b6                                   : fd_add_t2.asm.obj (.text)
                  00002aee    00000002     --HOLE-- [fill = 0]
                  00002af0    0000013c                                   : _printfi.c.obj (.text:_pconv_e)
                  00002c2c    00000136                                   : fd_div_t2.asm.obj (.text)
                  00002d62    00000002     --HOLE-- [fill = 0]
                  00002d64    00000120                                   : _printfi.c.obj (.text:fcvt)
                  00002e84    00000110                                   : s_scalbn.c.obj (.text:scalbn)
                  00002f94    000000fc                                   : fd_mul_t2.asm.obj (.text)
                  00003090    000000b1                                   : _printfi.c.obj (.text:_ltostr)
                  00003141    00000001     --HOLE-- [fill = 0]
                  00003142    0000009c                                   : memcpy_t2.asm.obj (.text)
                  000031de    00000096                                   : ull_div_t2.asm.obj (.text)
                  00003274    00000086                                   : fd_cmp_t2.asm.obj (.text:__aeabi_cdcmple)
                  000032fa    00000086                                   : fd_cmp_t2.asm.obj (.text:__aeabi_cdrcmple)
                  00003380    0000007a                                   : memset_t2.asm.obj (.text)
                  000033fa    0000006e                                   : _printfi.c.obj (.text:_mcpy)
                  00003468    0000006e                                   : fd_tos_t2.asm.obj (.text)
                  000034d6    00000068                                   : copy_decompress_lzss.c.obj (.text:decompress:lzss:__TI_decompress_lzss)
                  0000353e    00000002     --HOLE-- [fill = 0]
                  00003540    00000064                                   : s_frexp.c.obj (.text:frexp)
                  000035a4    00000056                                   : _printfi.c.obj (.text:_pconv_f)
                  000035fa    00000054                                   : ltoa.c.obj (.text:ltoa)
                  0000364e    00000052                                   : _printfi.c.obj (.text:_ecpy)
                  000036a0    0000004c                                   : atoi.c.obj (.text:atoi)
                  000036ec    00000048                                   : fd_toi_t2.asm.obj (.text)
                  00003734    00000044                                   : autoinit.c.obj (.text:__TI_auto_init_nobinit_nopinit:__TI_auto_init_nobinit_nopinit)
                  00003778    00000040                                   : sprintf.c.obj (.text:sprintf)
                  000037b8    0000003e                                   : _printfi.c.obj (.text:_fcpy)
                  000037f6    00000002     --HOLE-- [fill = 0]
                  000037f8    00000038                                   : boot_cortex_m.c.obj (.text:_c_int00_noargs:_c_int00_noargs)
                  00003830    00000038                                   : fs_tod_t2.asm.obj (.text)
                  00003868    0000002e                                   : i_tofd_t2.asm.obj (.text)
                  00003896    0000001c                                   : memccpy.c.obj (.text:memccpy)
                  000038b2    00000018                                   : sprintf.c.obj (.text:_outs)
                  000038ca    00000016                                   : strchr.c.obj (.text:strchr)
                  000038e0    00000014                                   : s_copysign.c.obj (.text:copysign)
                  000038f4    00000014                                   : strlen.c.obj (.text:strlen)
                  00003908    00000012                                   : copy_zero_init.c.obj (.text:decompress:ZI:__TI_zero_init_nomemset:__TI_zero_init_nomemset)
                  0000391a    00000012                                   : wcslen.c.obj (.text:wcslen)
                  0000392c    0000000e                                   : copy_decompress_none.c.obj (.text:decompress:none:__TI_decompress_none)
                  0000393a    0000000e     startup_msp432p401r_ccs.obj (.text)
                  00003948    0000000a     rtsv7M4_T_le_v4SPD16_eabi.lib : sprintf.c.obj (.text:_outc)
                  00003952    00000002     --HOLE-- [fill = 0]
                  00003954    00000008                                   : errno.c.obj (.text:__aeabi_errno_addr)
                  0000395c    00000004                                   : pre_init.c.obj (.text:_system_pre_init)
                  00003960    00000004                                   : exit.c.obj (.text:abort:abort)

.const     0    00003964    00000134     
                  00003964    00000101     rtsv7M4_T_le_v4SPD16_eabi.lib : ctype.c.obj (.const:.string:_ctypes_)
                  00003a65    0000000f     main.obj (.const:.string:$P$T0$1)
                  00003a74    0000000f     main.obj (.const:.string:$P$T2$3)
                  00003a83    0000000e     main.obj (.const:.string:$P$T3$4)
                  00003a91    00000007     main.obj (.const:.string:$P$T1$2)

.cinit     0    00003a98    00000048     
                  00003a98    0000001e     (.cinit..data.load) [load image, compression = lzss]
                  00003ab6    00000002     --HOLE-- [fill = 0]
                  00003ab8    0000000c     (__TI_handler_table)
                  00003ac4    00000004     --HOLE-- [fill = 0]
                  00003ac8    00000008     (.cinit..bss.load) [load image, compression = zero_init]
                  00003ad0    00000010     (__TI_cinit_table)

.init_array 
*          0    00000000    00000000     UNINITIALIZED

.binit     0    00000000    00000000     

.bss       0    20000000    000000ad     UNINITIALIZED
                  20000000    00000034     (.common:alarmSET)
                  20000034    00000034     (.common:time)
                  20000068    00000034     (.common:timeSET)
                  2000009c    00000004     (.common:nADC)
                  200000a0    00000004     (.common:nADC2)
                  200000a4    00000004     (.common:pwmLCD)
                  200000a8    00000002     main.obj (.bss)
                  200000aa    00000001     (.common:hours)
                  200000ab    00000001     (.common:mins)
                  200000ac    00000001     (.common:secs)

.data      0    200000b0    00000044     UNINITIALIZED
                  200000b0    00000034     main.obj (.data)
                  200000e4    00000005     main.obj (.data:temperature)
                  200000e9    00000003     --HOLE--
                  200000ec    00000004     rtsv7M4_T_le_v4SPD16_eabi.lib : errno.c.obj (.data)
                  200000f0    00000004     system_msp432p401r.obj (.data)

.stack     0    2000fe00    00000200     UNINITIALIZED
                  2000fe00    00000004     rtsv7M4_T_le_v4SPD16_eabi.lib : boot_cortex_m.c.obj (.stack)
                  2000fe04    000001fc     --HOLE--

MODULE SUMMARY

       Module                        code    ro data   rw data
       ------                        ----    -------   -------
    .\
       main.obj                      5760    51        460    
       system_msp432p401r.obj        820     0         8      
       startup_msp432p401r_ccs.obj   14      228       0      
    +--+-----------------------------+-------+---------+---------+
       Total:                        6594    279       468    
                                                              
    C:\ti\ccsv8\tools\compiler\ti-cgt-arm_18.1.3.LTS\lib\rtsv7M4_T_le_v4SPD16_eabi.lib
       _printfi.c.obj                4863    0         0      
       fd_add_t2.asm.obj             438     0         0      
       fd_div_t2.asm.obj             310     0         0      
       s_scalbn.c.obj                272     0         0      
       fd_cmp_t2.asm.obj             268     0         0      
       ctype.c.obj                   0       257       0      
       fd_mul_t2.asm.obj             252     0         0      
       memcpy_t2.asm.obj             156     0         0      
       ull_div_t2.asm.obj            150     0         0      
       memset_t2.asm.obj             122     0         0      
       fd_tos_t2.asm.obj             110     0         0      
       copy_decompress_lzss.c.obj    104     0         0      
       s_frexp.c.obj                 100     0         0      
       sprintf.c.obj                 98      0         0      
       ltoa.c.obj                    84      0         0      
       atoi.c.obj                    76      0         0      
       fd_toi_t2.asm.obj             72      0         0      
       autoinit.c.obj                68      0         0      
       boot_cortex_m.c.obj           56      0         0      
       fs_tod_t2.asm.obj             56      0         0      
       i_tofd_t2.asm.obj             46      0         0      
       memccpy.c.obj                 28      0         0      
       strchr.c.obj                  22      0         0      
       s_copysign.c.obj              20      0         0      
       strlen.c.obj                  20      0         0      
       copy_zero_init.c.obj          18      0         0      
       wcslen.c.obj                  18      0         0      
       errno.c.obj                   8       0         8      
       copy_decompress_none.c.obj    14      0         0      
       exit.c.obj                    4       0         0      
       pre_init.c.obj                4       0         0      
       div0.asm.obj                  2       0         0      
    +--+-----------------------------+-------+---------+---------+
       Total:                        7859    257       8      
                                                              
       Stack:                        0       0         1024   
       Linker Generated:             0       66        0      
    +--+-----------------------------+-------+---------+---------+
       Grand Total:                  14453   602       1500   


LINKER GENERATED COPY TABLES

__TI_cinit_table @ 00003ad0 records: 2, size/record: 8, table size: 16
	.data: load addr=00003a98, load size=0000001e bytes, run addr=200000b0, run size=00000044 bytes, compression=lzss
	.bss: load addr=00003ac8, load size=00000008 bytes, run addr=20000000, run size=000000ad bytes, compression=zero_init


LINKER GENERATED HANDLER TABLE

__TI_handler_table @ 00003ab8 records: 3, size/record: 4, table size: 12
	index: 0, handler: __TI_decompress_lzss
	index: 1, handler: __TI_decompress_none
	index: 2, handler: __TI_zero_init


GLOBAL SYMBOLS: SORTED ALPHABETICALLY BY Name 

address   name                          
-------   ----                          
00003947  ADC14_IRQHandler              
00000a71  ADC14_init                    
00003947  AES256_IRQHandler             
00003947  BusFault_Handler              
00003961  C$$EXIT                       
00003947  COMP_E0_IRQHandler            
00003947  COMP_E1_IRQHandler            
00003947  CS_IRQHandler                 
00003947  DMA_ERR_IRQHandler            
00003947  DMA_INT0_IRQHandler           
00003947  DMA_INT1_IRQHandler           
00003947  DMA_INT2_IRQHandler           
00003947  DMA_INT3_IRQHandler           
00003947  DebugMon_Handler              
00003947  Default_Handler               
00003947  EUSCIA0_IRQHandler            
00003947  EUSCIA1_IRQHandler            
00003947  EUSCIA2_IRQHandler            
00003947  EUSCIA3_IRQHandler            
00003947  EUSCIB0_IRQHandler            
00003947  EUSCIB1_IRQHandler            
00003947  EUSCIB2_IRQHandler            
00003947  EUSCIB3_IRQHandler            
00003947  FLCTL_IRQHandler              
00003947  FPU_IRQHandler                
00003947  HardFault_Handler             
00000995  LCD_init                      
000008fd  LEDinit                       
00003947  MemManage_Handler             
00003947  NMI_Handler                   
00003947  PCM_IRQHandler                
000013b3  PORT1_IRQHandler              
000013b3  PORT1_IRQHandler              
00003947  PORT2_IRQHandler              
00003947  PORT3_IRQHandler              
00003947  PORT4_IRQHandler              
00003947  PORT5_IRQHandler              
00003947  PORT6_IRQHandler              
00003947  PSS_IRQHandler                
00003947  PendSV_Handler                
00000a2d  PortADC_init                  
000014f5  PulseEnablePin                
0000135d  RTC_C_IRQHandler              
0000135d  RTC_C_IRQHandler              
00000aa3  RTC_Init                      
0000393b  Reset_Handler                 
00003947  SVC_Handler                   
00003947  SysTick_Handler               
200000f0  SystemCoreClock               
000021c5  SystemCoreClockUpdate         
0000243d  SystemInit                    
00001421  T32_INT1_IRQHandler           
00001421  T32_INT1_IRQHandler           
00003947  T32_INT2_IRQHandler           
00003947  T32_INTC_IRQHandler           
00003947  TA0_0_IRQHandler              
00003947  TA0_N_IRQHandler              
00003947  TA1_0_IRQHandler              
00003947  TA1_N_IRQHandler              
00003947  TA2_0_IRQHandler              
00003947  TA2_N_IRQHandler              
00003947  TA3_0_IRQHandler              
00003947  TA3_N_IRQHandler              
00003947  UsageFault_Handler            
4000480c  WDTCTL_SYM                    
00003947  WDT_A_IRQHandler              
200000bd  XM                            
20010000  __STACK_END                   
00000200  __STACK_SIZE                  
00003ad0  __TI_CINIT_Base               
00003ae0  __TI_CINIT_Limit              
00003ab8  __TI_Handler_Table_Base       
00003ac4  __TI_Handler_Table_Limit      
00003735  __TI_auto_init_nobinit_nopinit
000034d7  __TI_decompress_lzss          
0000392d  __TI_decompress_none          
ffffffff  __TI_pprof_out_hndl           
00001765  __TI_printfi                  
ffffffff  __TI_prof_data_size           
ffffffff  __TI_prof_data_start          
00000000  __TI_static_base__            
00003909  __TI_zero_init_nomemset       
00003275  __aeabi_cdcmpeq               
00003275  __aeabi_cdcmple               
000032fb  __aeabi_cdrcmple              
00003469  __aeabi_d2f                   
000036ed  __aeabi_d2iz                  
00002943  __aeabi_dadd                  
00002c2d  __aeabi_ddiv                  
00002f95  __aeabi_dmul                  
00002939  __aeabi_dsub                  
00003955  __aeabi_errno_addr            
00003831  __aeabi_f2d                   
00003869  __aeabi_i2d                   
000021c3  __aeabi_idiv0                 
000021c3  __aeabi_ldiv0                 
00003381  __aeabi_memclr                
00003381  __aeabi_memclr4               
00003381  __aeabi_memclr8               
00003143  __aeabi_memcpy                
00003143  __aeabi_memcpy4               
00003143  __aeabi_memcpy8               
00003383  __aeabi_memset                
00003383  __aeabi_memset4               
00003383  __aeabi_memset8               
000031df  __aeabi_uldivmod              
ffffffff  __binit__                     
ffffffff  __c_args__                    
UNDEFED   __mpu_init                    
2000fe00  __stack                       
000037f9  _c_int00_noargs               
00003964  _ctypes_                      
UNDEFED   _system_post_cinit            
0000395d  _system_pre_init              
00003961  abort                         
20000000  alarmSET                      
200000b4  alarm_update                  
00000f4d  alarmdisplay                  
00001079  alarmdisplaysnooze            
200000e0  alarmstatus                   
000036a1  atoi                          
ffffffff  binit                         
00000789  buttoninit                    
000038e1  copysign                      
000038e1  copysignl                     
000015bf  dataWrite                     
0000169d  debounceDOWN                  
00001635  debounceSETALARM              
000015e5  debounceSETTIME               
000016e9  debounceUP                    
000014c3  delay_microsec                
0000149d  delay_ms                      
00000b49  displayinit                   
200000ec  errno                         
200000c8  fasttimestatus                
00003541  frexp                         
00003541  frexpl                        
200000aa  hours                         
00000000  interruptVectors              
00002e85  ldexp                         
00002e85  ldexpl                        
000035fb  ltoa                          
00000115  main                          
00003897  memccpy                       
00003143  memcpy                        
00003389  memset                        
200000ab  mins                          
2000009c  nADC                          
200000a0  nADC2                         
200000d8  onoffstatus                   
200000d4  onoffstatus1                  
0000155d  pushByte                      
00001531  pushNibble                    
200000a4  pwmLCD                        
00001287  readpwm                       
000011d5  readtemp                      
200000c4  realtimestatus                
00002e85  scalbn                        
00002e85  scalbnl                       
200000ac  secs                          
200000ba  setAhours                     
200000bb  setAmins                      
00001331  setalarm                      
200000d0  setalarmstatus                
200000b8  sethours                      
0000131d  sethoursmins                  
200000b9  setmins                       
200000cc  settimestatus                 
200000bc  snoozemins                    
200000dc  snoozestatus                  
00000adb  speakerinit                   
00003779  sprintf                       
000038cb  strchr                        
000038f5  strlen                        
0000147b  systick_start                 
00001167  tempdisplay                   
200000e4  temperature                   
20000034  time                          
20000068  timeSET                       
200000b0  time_update                   
00000ced  timedisplay                   
00000e25  timedisplaySET                
00000b19  timer32interrupt_init         
200000c0  wakeup                        
0000391b  wcslen                        
000015a5  write_command                 


GLOBAL SYMBOLS: SORTED BY Symbol Address 

address   name                          
-------   ----                          
00000000  __TI_static_base__            
00000000  interruptVectors              
00000115  main                          
00000200  __STACK_SIZE                  
00000789  buttoninit                    
000008fd  LEDinit                       
00000995  LCD_init                      
00000a2d  PortADC_init                  
00000a71  ADC14_init                    
00000aa3  RTC_Init                      
00000adb  speakerinit                   
00000b19  timer32interrupt_init         
00000b49  displayinit                   
00000ced  timedisplay                   
00000e25  timedisplaySET                
00000f4d  alarmdisplay                  
00001079  alarmdisplaysnooze            
00001167  tempdisplay                   
000011d5  readtemp                      
00001287  readpwm                       
0000131d  sethoursmins                  
00001331  setalarm                      
0000135d  RTC_C_IRQHandler              
0000135d  RTC_C_IRQHandler              
000013b3  PORT1_IRQHandler              
000013b3  PORT1_IRQHandler              
00001421  T32_INT1_IRQHandler           
00001421  T32_INT1_IRQHandler           
0000147b  systick_start                 
0000149d  delay_ms                      
000014c3  delay_microsec                
000014f5  PulseEnablePin                
00001531  pushNibble                    
0000155d  pushByte                      
000015a5  write_command                 
000015bf  dataWrite                     
000015e5  debounceSETTIME               
00001635  debounceSETALARM              
0000169d  debounceDOWN                  
000016e9  debounceUP                    
00001765  __TI_printfi                  
000021c3  __aeabi_idiv0                 
000021c3  __aeabi_ldiv0                 
000021c5  SystemCoreClockUpdate         
0000243d  SystemInit                    
00002939  __aeabi_dsub                  
00002943  __aeabi_dadd                  
00002c2d  __aeabi_ddiv                  
00002e85  ldexp                         
00002e85  ldexpl                        
00002e85  scalbn                        
00002e85  scalbnl                       
00002f95  __aeabi_dmul                  
00003143  __aeabi_memcpy                
00003143  __aeabi_memcpy4               
00003143  __aeabi_memcpy8               
00003143  memcpy                        
000031df  __aeabi_uldivmod              
00003275  __aeabi_cdcmpeq               
00003275  __aeabi_cdcmple               
000032fb  __aeabi_cdrcmple              
00003381  __aeabi_memclr                
00003381  __aeabi_memclr4               
00003381  __aeabi_memclr8               
00003383  __aeabi_memset                
00003383  __aeabi_memset4               
00003383  __aeabi_memset8               
00003389  memset                        
00003469  __aeabi_d2f                   
000034d7  __TI_decompress_lzss          
00003541  frexp                         
00003541  frexpl                        
000035fb  ltoa                          
000036a1  atoi                          
000036ed  __aeabi_d2iz                  
00003735  __TI_auto_init_nobinit_nopinit
00003779  sprintf                       
000037f9  _c_int00_noargs               
00003831  __aeabi_f2d                   
00003869  __aeabi_i2d                   
00003897  memccpy                       
000038cb  strchr                        
000038e1  copysign                      
000038e1  copysignl                     
000038f5  strlen                        
00003909  __TI_zero_init_nomemset       
0000391b  wcslen                        
0000392d  __TI_decompress_none          
0000393b  Reset_Handler                 
00003947  ADC14_IRQHandler              
00003947  AES256_IRQHandler             
00003947  BusFault_Handler              
00003947  COMP_E0_IRQHandler            
00003947  COMP_E1_IRQHandler            
00003947  CS_IRQHandler                 
00003947  DMA_ERR_IRQHandler            
00003947  DMA_INT0_IRQHandler           
00003947  DMA_INT1_IRQHandler           
00003947  DMA_INT2_IRQHandler           
00003947  DMA_INT3_IRQHandler           
00003947  DebugMon_Handler              
00003947  Default_Handler               
00003947  EUSCIA0_IRQHandler            
00003947  EUSCIA1_IRQHandler            
00003947  EUSCIA2_IRQHandler            
00003947  EUSCIA3_IRQHandler            
00003947  EUSCIB0_IRQHandler            
00003947  EUSCIB1_IRQHandler            
00003947  EUSCIB2_IRQHandler            
00003947  EUSCIB3_IRQHandler            
00003947  FLCTL_IRQHandler              
00003947  FPU_IRQHandler                
00003947  HardFault_Handler             
00003947  MemManage_Handler             
00003947  NMI_Handler                   
00003947  PCM_IRQHandler                
00003947  PORT2_IRQHandler              
00003947  PORT3_IRQHandler              
00003947  PORT4_IRQHandler              
00003947  PORT5_IRQHandler              
00003947  PORT6_IRQHandler              
00003947  PSS_IRQHandler                
00003947  PendSV_Handler                
00003947  SVC_Handler                   
00003947  SysTick_Handler               
00003947  T32_INT2_IRQHandler           
00003947  T32_INTC_IRQHandler           
00003947  TA0_0_IRQHandler              
00003947  TA0_N_IRQHandler              
00003947  TA1_0_IRQHandler              
00003947  TA1_N_IRQHandler              
00003947  TA2_0_IRQHandler              
00003947  TA2_N_IRQHandler              
00003947  TA3_0_IRQHandler              
00003947  TA3_N_IRQHandler              
00003947  UsageFault_Handler            
00003947  WDT_A_IRQHandler              
00003955  __aeabi_errno_addr            
0000395d  _system_pre_init              
00003961  C$$EXIT                       
00003961  abort                         
00003964  _ctypes_                      
00003ab8  __TI_Handler_Table_Base       
00003ac4  __TI_Handler_Table_Limit      
00003ad0  __TI_CINIT_Base               
00003ae0  __TI_CINIT_Limit              
20000000  alarmSET                      
20000034  time                          
20000068  timeSET                       
2000009c  nADC                          
200000a0  nADC2                         
200000a4  pwmLCD                        
200000aa  hours                         
200000ab  mins                          
200000ac  secs                          
200000b0  time_update                   
200000b4  alarm_update                  
200000b8  sethours                      
200000b9  setmins                       
200000ba  setAhours                     
200000bb  setAmins                      
200000bc  snoozemins                    
200000bd  XM                            
200000c0  wakeup                        
200000c4  realtimestatus                
200000c8  fasttimestatus                
200000cc  settimestatus                 
200000d0  setalarmstatus                
200000d4  onoffstatus1                  
200000d8  onoffstatus                   
200000dc  snoozestatus                  
200000e0  alarmstatus                   
200000e4  temperature                   
200000ec  errno                         
200000f0  SystemCoreClock               
2000fe00  __stack                       
20010000  __STACK_END                   
4000480c  WDTCTL_SYM                    
ffffffff  __TI_pprof_out_hndl           
ffffffff  __TI_prof_data_size           
ffffffff  __TI_prof_data_start          
ffffffff  __binit__                     
ffffffff  __c_args__                    
ffffffff  binit                         
UNDEFED   __mpu_init                    
UNDEFED   _system_post_cinit            

[186 symbols]
