******************************************************************************
                  TI ARM Linker PC v18.1.3                     
******************************************************************************
>> Linked Wed Nov 28 18:06:45 2018

OUTPUT FILE NAME:   <226 Final Project.out>
ENTRY POINT SYMBOL: "_c_int00_noargs"  address: 00002495


MEMORY CONFIGURATION

         name            origin    length      used     unused   attr    fill
----------------------  --------  ---------  --------  --------  ----  --------
  MAIN                  00000000   00040000  00002741  0003d8bf  R  X
  INFO                  00200000   00004000  00000000  00004000  R  X
  SRAM_CODE             01000000   00010000  00000242  0000fdbe  RW X
  SRAM_DATA             20000000   00010000  00000242  0000fdbe  RW  


SEGMENT ALLOCATION MAP

run origin  load origin   length   init length attrs members
----------  ----------- ---------- ----------- ----- -------
00000000    00000000    00002748   00002748    r-x
  00000000    00000000    000000e4   000000e4    r-- .intvecs
  000000e4    000000e4    0000251c   0000251c    r-x .text
  00002600    00002600    00000111   00000111    r-- .const
  00002718    00002718    00000030   00000030    r-- .cinit
20000000    20000000    00000044   00000000    rw-
  20000000    20000000    0000003a   00000000    rw- .bss
  2000003c    2000003c    00000008   00000000    rw- .data
2000fe00    2000fe00    00000200   00000000    rw-
  2000fe00    2000fe00    00000200   00000000    rw- .stack


SECTION ALLOCATION MAP

 output                                  attributes/
section   page    origin      length       input sections
--------  ----  ----------  ----------   ----------------
.intvecs   0    00000000    000000e4     
                  00000000    000000e4     startup_msp432p401r_ccs.obj (.intvecs:retain)

.text      0    000000e4    0000251c     
                  000000e4    00000a5e     rtsv7M4_T_le_v4SPD16_eabi.lib : _printfi.c.obj (.text:__TI_printfi)
                  00000b42    00000002                                   : div0.asm.obj (.text)
                  00000b44    0000038c     main.obj (.text)
                  00000ed0    00000334     system_msp432p401r.obj (.text)
                  00001204    00000270     rtsv7M4_T_le_v4SPD16_eabi.lib : _printfi.c.obj (.text:_pconv_a)
                  00001474    000001d0                                   : _printfi.c.obj (.text:_pconv_g)
                  00001644    000001b6                                   : fd_add_t2.asm.obj (.text)
                  000017fa    00000002     --HOLE-- [fill = 0]
                  000017fc    0000013c                                   : _printfi.c.obj (.text:_pconv_e)
                  00001938    00000136                                   : fd_div_t2.asm.obj (.text)
                  00001a6e    00000002     --HOLE-- [fill = 0]
                  00001a70    00000120                                   : _printfi.c.obj (.text:fcvt)
                  00001b90    00000110                                   : s_scalbn.c.obj (.text:scalbn)
                  00001ca0    000000fc                                   : fd_mul_t2.asm.obj (.text)
                  00001d9c    000000b1                                   : _printfi.c.obj (.text:_ltostr)
                  00001e4d    00000001     --HOLE-- [fill = 0]
                  00001e4e    0000009c                                   : memcpy_t2.asm.obj (.text)
                  00001eea    00000096                                   : ull_div_t2.asm.obj (.text)
                  00001f80    00000086                                   : fd_cmp_t2.asm.obj (.text:__aeabi_cdcmple)
                  00002006    00000086                                   : fd_cmp_t2.asm.obj (.text:__aeabi_cdrcmple)
                  0000208c    0000007a                                   : memset_t2.asm.obj (.text)
                  00002106    0000006e                                   : _printfi.c.obj (.text:_mcpy)
                  00002174    00000068                                   : copy_decompress_lzss.c.obj (.text:decompress:lzss:__TI_decompress_lzss)
                  000021dc    00000064                                   : s_frexp.c.obj (.text:frexp)
                  00002240    00000056                                   : _printfi.c.obj (.text:_pconv_f)
                  00002296    00000054                                   : ltoa.c.obj (.text:ltoa)
                  000022ea    00000052                                   : _printfi.c.obj (.text:_ecpy)
                  0000233c    0000004c                                   : atoi.c.obj (.text:atoi)
                  00002388    00000048                                   : fd_toi_t2.asm.obj (.text)
                  000023d0    00000044                                   : autoinit.c.obj (.text:__TI_auto_init_nobinit_nopinit:__TI_auto_init_nobinit_nopinit)
                  00002414    00000040                                   : sprintf.c.obj (.text:sprintf)
                  00002454    0000003e                                   : _printfi.c.obj (.text:_fcpy)
                  00002492    00000002     --HOLE-- [fill = 0]
                  00002494    00000038                                   : boot_cortex_m.c.obj (.text:_c_int00_noargs:_c_int00_noargs)
                  000024cc    00000038                                   : fs_tod_t2.asm.obj (.text)
                  00002504    0000002e                                   : i_tofd_t2.asm.obj (.text)
                  00002532    0000001c                                   : memccpy.c.obj (.text:memccpy)
                  0000254e    00000018                                   : sprintf.c.obj (.text:_outs)
                  00002566    00000016                                   : strchr.c.obj (.text:strchr)
                  0000257c    00000014                                   : s_copysign.c.obj (.text:copysign)
                  00002590    00000014                                   : strlen.c.obj (.text:strlen)
                  000025a4    00000012                                   : copy_zero_init.c.obj (.text:decompress:ZI:__TI_zero_init_nomemset:__TI_zero_init_nomemset)
                  000025b6    00000012                                   : wcslen.c.obj (.text:wcslen)
                  000025c8    0000000e                                   : copy_decompress_none.c.obj (.text:decompress:none:__TI_decompress_none)
                  000025d6    0000000e     startup_msp432p401r_ccs.obj (.text)
                  000025e4    0000000a     rtsv7M4_T_le_v4SPD16_eabi.lib : sprintf.c.obj (.text:_outc)
                  000025ee    00000002     --HOLE-- [fill = 0]
                  000025f0    00000008                                   : errno.c.obj (.text:__aeabi_errno_addr)
                  000025f8    00000004                                   : pre_init.c.obj (.text:_system_pre_init)
                  000025fc    00000004                                   : exit.c.obj (.text:abort:abort)

.const     0    00002600    00000111     
                  00002600    00000101     rtsv7M4_T_le_v4SPD16_eabi.lib : ctype.c.obj (.const:.string:_ctypes_)
                  00002701    00000010     main.obj (.const:.string:$P$T0$1)

.cinit     0    00002718    00000030     
                  00002718    0000000c     (__TI_handler_table)
                  00002724    0000000b     (.cinit..data.load) [load image, compression = lzss]
                  0000272f    00000001     --HOLE-- [fill = 0]
                  00002730    00000008     (.cinit..bss.load) [load image, compression = zero_init]
                  00002738    00000010     (__TI_cinit_table)

.init_array 
*          0    00000000    00000000     UNINITIALIZED

.binit     0    00000000    00000000     

.bss       0    20000000    0000003a     UNINITIALIZED
                  20000000    00000034     (.common:line2)
                  20000034    00000004     (.common:nADC)
                  20000038    00000002     main.obj (.bss)

.data      0    2000003c    00000008     UNINITIALIZED
                  2000003c    00000004     rtsv7M4_T_le_v4SPD16_eabi.lib : errno.c.obj (.data)
                  20000040    00000004     system_msp432p401r.obj (.data)

.stack     0    2000fe00    00000200     UNINITIALIZED
                  2000fe00    00000004     rtsv7M4_T_le_v4SPD16_eabi.lib : boot_cortex_m.c.obj (.stack)
                  2000fe04    000001fc     --HOLE--

MODULE SUMMARY

       Module                        code   ro data   rw data
       ------                        ----   -------   -------
    .\
       main.obj                      908    16        116    
       system_msp432p401r.obj        820    0         8      
       startup_msp432p401r_ccs.obj   14     228       0      
    +--+-----------------------------+------+---------+---------+
       Total:                        1742   244       124    
                                                             
    C:\ti\ccsv8\tools\compiler\ti-cgt-arm_18.1.3.LTS\lib\rtsv7M4_T_le_v4SPD16_eabi.lib
       _printfi.c.obj                4863   0         0      
       fd_add_t2.asm.obj             438    0         0      
       fd_div_t2.asm.obj             310    0         0      
       s_scalbn.c.obj                272    0         0      
       fd_cmp_t2.asm.obj             268    0         0      
       ctype.c.obj                   0      257       0      
       fd_mul_t2.asm.obj             252    0         0      
       memcpy_t2.asm.obj             156    0         0      
       ull_div_t2.asm.obj            150    0         0      
       memset_t2.asm.obj             122    0         0      
       copy_decompress_lzss.c.obj    104    0         0      
       s_frexp.c.obj                 100    0         0      
       sprintf.c.obj                 98     0         0      
       ltoa.c.obj                    84     0         0      
       atoi.c.obj                    76     0         0      
       fd_toi_t2.asm.obj             72     0         0      
       autoinit.c.obj                68     0         0      
       boot_cortex_m.c.obj           56     0         0      
       fs_tod_t2.asm.obj             56     0         0      
       i_tofd_t2.asm.obj             46     0         0      
       memccpy.c.obj                 28     0         0      
       strchr.c.obj                  22     0         0      
       s_copysign.c.obj              20     0         0      
       strlen.c.obj                  20     0         0      
       copy_zero_init.c.obj          18     0         0      
       wcslen.c.obj                  18     0         0      
       errno.c.obj                   8      0         8      
       copy_decompress_none.c.obj    14     0         0      
       exit.c.obj                    4      0         0      
       pre_init.c.obj                4      0         0      
       div0.asm.obj                  2      0         0      
    +--+-----------------------------+------+---------+---------+
       Total:                        7749   257       8      
                                                             
       Stack:                        0      0         1024   
       Linker Generated:             0      47        0      
    +--+-----------------------------+------+---------+---------+
       Grand Total:                  9491   548       1156   


LINKER GENERATED COPY TABLES

__TI_cinit_table @ 00002738 records: 2, size/record: 8, table size: 16
	.data: load addr=00002724, load size=0000000b bytes, run addr=2000003c, run size=00000008 bytes, compression=lzss
	.bss: load addr=00002730, load size=00000008 bytes, run addr=20000000, run size=0000003a bytes, compression=zero_init


LINKER GENERATED HANDLER TABLE

__TI_handler_table @ 00002718 records: 3, size/record: 4, table size: 12
	index: 0, handler: __TI_decompress_lzss
	index: 1, handler: __TI_decompress_none
	index: 2, handler: __TI_zero_init


GLOBAL SYMBOLS: SORTED ALPHABETICALLY BY Name 

address   name                          
-------   ----                          
000025e3  ADC14_IRQHandler              
00000dc7  ADC14_init                    
000025e3  AES256_IRQHandler             
000025e3  BusFault_Handler              
000025fd  C$$EXIT                       
000025e3  COMP_E0_IRQHandler            
000025e3  COMP_E1_IRQHandler            
000025e3  CS_IRQHandler                 
000025e3  DMA_ERR_IRQHandler            
000025e3  DMA_INT0_IRQHandler           
000025e3  DMA_INT1_IRQHandler           
000025e3  DMA_INT2_IRQHandler           
000025e3  DMA_INT3_IRQHandler           
000025e3  DebugMon_Handler              
000025e3  Default_Handler               
000025e3  EUSCIA0_IRQHandler            
000025e3  EUSCIA1_IRQHandler            
000025e3  EUSCIA2_IRQHandler            
000025e3  EUSCIA3_IRQHandler            
000025e3  EUSCIB0_IRQHandler            
000025e3  EUSCIB1_IRQHandler            
000025e3  EUSCIB2_IRQHandler            
000025e3  EUSCIB3_IRQHandler            
000025e3  FLCTL_IRQHandler              
000025e3  FPU_IRQHandler                
000025e3  HardFault_Handler             
00000bc9  LCD_init                      
000025e3  MemManage_Handler             
000025e3  NMI_Handler                   
000025e3  PCM_IRQHandler                
000025e3  PORT1_IRQHandler              
000025e3  PORT2_IRQHandler              
000025e3  PORT3_IRQHandler              
000025e3  PORT4_IRQHandler              
000025e3  PORT5_IRQHandler              
000025e3  PORT6_IRQHandler              
000025e3  PSS_IRQHandler                
000025e3  PendSV_Handler                
00000da7  PortADC_init                  
00000c61  PulseEnablePin                
000025e3  RTC_C_IRQHandler              
000025d7  Reset_Handler                 
000025e3  SVC_Handler                   
000025e3  SysTick_Handler               
20000040  SystemCoreClock               
00000ed1  SystemCoreClockUpdate         
00001149  SystemInit                    
000025e3  T32_INT1_IRQHandler           
000025e3  T32_INT2_IRQHandler           
000025e3  T32_INTC_IRQHandler           
000025e3  TA0_0_IRQHandler              
000025e3  TA0_N_IRQHandler              
000025e3  TA1_0_IRQHandler              
000025e3  TA1_N_IRQHandler              
000025e3  TA2_0_IRQHandler              
000025e3  TA2_N_IRQHandler              
000025e3  TA3_0_IRQHandler              
000025e3  TA3_N_IRQHandler              
000025e3  UsageFault_Handler            
4000480c  WDTCTL_SYM                    
000025e3  WDT_A_IRQHandler              
20010000  __STACK_END                   
00000200  __STACK_SIZE                  
00002738  __TI_CINIT_Base               
00002748  __TI_CINIT_Limit              
00002718  __TI_Handler_Table_Base       
00002724  __TI_Handler_Table_Limit      
000023d1  __TI_auto_init_nobinit_nopinit
00002175  __TI_decompress_lzss          
000025c9  __TI_decompress_none          
ffffffff  __TI_pprof_out_hndl           
000000e5  __TI_printfi                  
ffffffff  __TI_prof_data_size           
ffffffff  __TI_prof_data_start          
00000000  __TI_static_base__            
000025a5  __TI_zero_init_nomemset       
00001f81  __aeabi_cdcmpeq               
00001f81  __aeabi_cdcmple               
00002007  __aeabi_cdrcmple              
00002389  __aeabi_d2iz                  
0000164f  __aeabi_dadd                  
00001939  __aeabi_ddiv                  
00001ca1  __aeabi_dmul                  
00001645  __aeabi_dsub                  
000025f1  __aeabi_errno_addr            
000024cd  __aeabi_f2d                   
00002505  __aeabi_i2d                   
00000b43  __aeabi_idiv0                 
00000b43  __aeabi_ldiv0                 
0000208d  __aeabi_memclr                
0000208d  __aeabi_memclr4               
0000208d  __aeabi_memclr8               
00001e4f  __aeabi_memcpy                
00001e4f  __aeabi_memcpy4               
00001e4f  __aeabi_memcpy8               
0000208f  __aeabi_memset                
0000208f  __aeabi_memset4               
0000208f  __aeabi_memset8               
00001eeb  __aeabi_uldivmod              
ffffffff  __binit__                     
ffffffff  __c_args__                    
UNDEFED   __mpu_init                    
2000fe00  __stack                       
00002495  _c_int00_noargs               
00002600  _ctypes_                      
UNDEFED   _system_post_cinit            
000025f9  _system_pre_init              
000025fd  abort                         
0000233d  atoi                          
ffffffff  binit                         
0000257d  copysign                      
0000257d  copysignl                     
00000d0f  dataWrite                     
00000ba3  delay_microsec                
00000b7d  delay_ms                      
2000003c  errno                         
000021dd  frexp                         
000021dd  frexpl                        
00000000  interruptVectors              
00001b91  ldexp                         
00001b91  ldexpl                        
20000000  line2                         
00002297  ltoa                          
00000b45  main                          
00002533  memccpy                       
00001e4f  memcpy                        
00002095  memset                        
20000034  nADC                          
00000cbd  pushByte                      
00000c95  pushNibble                    
00000df5  readtemp                      
00001b91  scalbn                        
00001b91  scalbnl                       
00002415  sprintf                       
00002567  strchr                        
00002591  strlen                        
00000b61  systick_start                 
00000d29  timedisplay                   
000025b7  wcslen                        
00000cf5  write_command                 


GLOBAL SYMBOLS: SORTED BY Symbol Address 

address   name                          
-------   ----                          
00000000  __TI_static_base__            
00000000  interruptVectors              
000000e5  __TI_printfi                  
00000200  __STACK_SIZE                  
00000b43  __aeabi_idiv0                 
00000b43  __aeabi_ldiv0                 
00000b45  main                          
00000b61  systick_start                 
00000b7d  delay_ms                      
00000ba3  delay_microsec                
00000bc9  LCD_init                      
00000c61  PulseEnablePin                
00000c95  pushNibble                    
00000cbd  pushByte                      
00000cf5  write_command                 
00000d0f  dataWrite                     
00000d29  timedisplay                   
00000da7  PortADC_init                  
00000dc7  ADC14_init                    
00000df5  readtemp                      
00000ed1  SystemCoreClockUpdate         
00001149  SystemInit                    
00001645  __aeabi_dsub                  
0000164f  __aeabi_dadd                  
00001939  __aeabi_ddiv                  
00001b91  ldexp                         
00001b91  ldexpl                        
00001b91  scalbn                        
00001b91  scalbnl                       
00001ca1  __aeabi_dmul                  
00001e4f  __aeabi_memcpy                
00001e4f  __aeabi_memcpy4               
00001e4f  __aeabi_memcpy8               
00001e4f  memcpy                        
00001eeb  __aeabi_uldivmod              
00001f81  __aeabi_cdcmpeq               
00001f81  __aeabi_cdcmple               
00002007  __aeabi_cdrcmple              
0000208d  __aeabi_memclr                
0000208d  __aeabi_memclr4               
0000208d  __aeabi_memclr8               
0000208f  __aeabi_memset                
0000208f  __aeabi_memset4               
0000208f  __aeabi_memset8               
00002095  memset                        
00002175  __TI_decompress_lzss          
000021dd  frexp                         
000021dd  frexpl                        
00002297  ltoa                          
0000233d  atoi                          
00002389  __aeabi_d2iz                  
000023d1  __TI_auto_init_nobinit_nopinit
00002415  sprintf                       
00002495  _c_int00_noargs               
000024cd  __aeabi_f2d                   
00002505  __aeabi_i2d                   
00002533  memccpy                       
00002567  strchr                        
0000257d  copysign                      
0000257d  copysignl                     
00002591  strlen                        
000025a5  __TI_zero_init_nomemset       
000025b7  wcslen                        
000025c9  __TI_decompress_none          
000025d7  Reset_Handler                 
000025e3  ADC14_IRQHandler              
000025e3  AES256_IRQHandler             
000025e3  BusFault_Handler              
000025e3  COMP_E0_IRQHandler            
000025e3  COMP_E1_IRQHandler            
000025e3  CS_IRQHandler                 
000025e3  DMA_ERR_IRQHandler            
000025e3  DMA_INT0_IRQHandler           
000025e3  DMA_INT1_IRQHandler           
000025e3  DMA_INT2_IRQHandler           
000025e3  DMA_INT3_IRQHandler           
000025e3  DebugMon_Handler              
000025e3  Default_Handler               
000025e3  EUSCIA0_IRQHandler            
000025e3  EUSCIA1_IRQHandler            
000025e3  EUSCIA2_IRQHandler            
000025e3  EUSCIA3_IRQHandler            
000025e3  EUSCIB0_IRQHandler            
000025e3  EUSCIB1_IRQHandler            
000025e3  EUSCIB2_IRQHandler            
000025e3  EUSCIB3_IRQHandler            
000025e3  FLCTL_IRQHandler              
000025e3  FPU_IRQHandler                
000025e3  HardFault_Handler             
000025e3  MemManage_Handler             
000025e3  NMI_Handler                   
000025e3  PCM_IRQHandler                
000025e3  PORT1_IRQHandler              
000025e3  PORT2_IRQHandler              
000025e3  PORT3_IRQHandler              
000025e3  PORT4_IRQHandler              
000025e3  PORT5_IRQHandler              
000025e3  PORT6_IRQHandler              
000025e3  PSS_IRQHandler                
000025e3  PendSV_Handler                
000025e3  RTC_C_IRQHandler              
000025e3  SVC_Handler                   
000025e3  SysTick_Handler               
000025e3  T32_INT1_IRQHandler           
000025e3  T32_INT2_IRQHandler           
000025e3  T32_INTC_IRQHandler           
000025e3  TA0_0_IRQHandler              
000025e3  TA0_N_IRQHandler              
000025e3  TA1_0_IRQHandler              
000025e3  TA1_N_IRQHandler              
000025e3  TA2_0_IRQHandler              
000025e3  TA2_N_IRQHandler              
000025e3  TA3_0_IRQHandler              
000025e3  TA3_N_IRQHandler              
000025e3  UsageFault_Handler            
000025e3  WDT_A_IRQHandler              
000025f1  __aeabi_errno_addr            
000025f9  _system_pre_init              
000025fd  C$$EXIT                       
000025fd  abort                         
00002600  _ctypes_                      
00002718  __TI_Handler_Table_Base       
00002724  __TI_Handler_Table_Limit      
00002738  __TI_CINIT_Base               
00002748  __TI_CINIT_Limit              
20000000  line2                         
20000034  nADC                          
2000003c  errno                         
20000040  SystemCoreClock               
2000fe00  __stack                       
20010000  __STACK_END                   
4000480c  WDTCTL_SYM                    
ffffffff  __TI_pprof_out_hndl           
ffffffff  __TI_prof_data_size           
ffffffff  __TI_prof_data_start          
ffffffff  __binit__                     
ffffffff  __c_args__                    
ffffffff  binit                         
UNDEFED   __mpu_init                    
UNDEFED   _system_post_cinit            

[140 symbols]
