******************************************************************************
                  TI ARM Linker PC v18.1.3                     
******************************************************************************
>> Linked Sun Dec  2 00:05:07 2018

OUTPUT FILE NAME:   <226 Final Project.out>
ENTRY POINT SYMBOL: "_c_int00_noargs"  address: 00002ded


MEMORY CONFIGURATION

         name            origin    length      used     unused   attr    fill
----------------------  --------  ---------  --------  --------  ----  --------
  MAIN                  00000000   00040000  000030d4  0003cf2c  R  X
  INFO                  00200000   00004000  00000000  00004000  R  X
  SRAM_CODE             01000000   00010000  0000027d  0000fd83  RW X
  SRAM_DATA             20000000   00010000  0000027d  0000fd83  RW  


SEGMENT ALLOCATION MAP

run origin  load origin   length   init length attrs members
----------  ----------- ---------- ----------- ----- -------
00000000    00000000    000030d8   000030d8    r-x
  00000000    00000000    000000e4   000000e4    r-- .intvecs
  000000e4    000000e4    00002e74   00002e74    r-x .text
  00002f58    00002f58    00000134   00000134    r-- .const
  00003090    00003090    00000048   00000048    r-- .cinit
20000000    20000000    00000080   00000000    rw-
  20000000    20000000    00000041   00000000    rw- .bss
  20000044    20000044    0000003c   00000000    rw- .data
2000fe00    2000fe00    00000200   00000000    rw-
  2000fe00    2000fe00    00000200   00000000    rw- .stack


SECTION ALLOCATION MAP

 output                                  attributes/
section   page    origin      length       input sections
--------  ----  ----------  ----------   ----------------
.intvecs   0    00000000    000000e4     
                  00000000    000000e4     startup_msp432p401r_ccs.obj (.intvecs:retain)

.text      0    000000e4    00002e74     
                  000000e4    00000c74     main.obj (.text)
                  00000d58    00000a5e     rtsv7M4_T_le_v4SPD16_eabi.lib : _printfi.c.obj (.text:__TI_printfi)
                  000017b6    00000002                                   : div0.asm.obj (.text)
                  000017b8    00000334     system_msp432p401r.obj (.text)
                  00001aec    00000270     rtsv7M4_T_le_v4SPD16_eabi.lib : _printfi.c.obj (.text:_pconv_a)
                  00001d5c    000001d0                                   : _printfi.c.obj (.text:_pconv_g)
                  00001f2c    000001b6                                   : fd_add_t2.asm.obj (.text)
                  000020e2    00000002     --HOLE-- [fill = 0]
                  000020e4    0000013c                                   : _printfi.c.obj (.text:_pconv_e)
                  00002220    00000136                                   : fd_div_t2.asm.obj (.text)
                  00002356    00000002     --HOLE-- [fill = 0]
                  00002358    00000120                                   : _printfi.c.obj (.text:fcvt)
                  00002478    00000110                                   : s_scalbn.c.obj (.text:scalbn)
                  00002588    000000fc                                   : fd_mul_t2.asm.obj (.text)
                  00002684    000000b1                                   : _printfi.c.obj (.text:_ltostr)
                  00002735    00000001     --HOLE-- [fill = 0]
                  00002736    0000009c                                   : memcpy_t2.asm.obj (.text)
                  000027d2    00000096                                   : ull_div_t2.asm.obj (.text)
                  00002868    00000086                                   : fd_cmp_t2.asm.obj (.text:__aeabi_cdcmple)
                  000028ee    00000086                                   : fd_cmp_t2.asm.obj (.text:__aeabi_cdrcmple)
                  00002974    0000007a                                   : memset_t2.asm.obj (.text)
                  000029ee    0000006e                                   : _printfi.c.obj (.text:_mcpy)
                  00002a5c    0000006e                                   : fd_tos_t2.asm.obj (.text)
                  00002aca    00000068                                   : copy_decompress_lzss.c.obj (.text:decompress:lzss:__TI_decompress_lzss)
                  00002b32    00000002     --HOLE-- [fill = 0]
                  00002b34    00000064                                   : s_frexp.c.obj (.text:frexp)
                  00002b98    00000056                                   : _printfi.c.obj (.text:_pconv_f)
                  00002bee    00000054                                   : ltoa.c.obj (.text:ltoa)
                  00002c42    00000052                                   : _printfi.c.obj (.text:_ecpy)
                  00002c94    0000004c                                   : atoi.c.obj (.text:atoi)
                  00002ce0    00000048                                   : fd_toi_t2.asm.obj (.text)
                  00002d28    00000044                                   : autoinit.c.obj (.text:__TI_auto_init_nobinit_nopinit:__TI_auto_init_nobinit_nopinit)
                  00002d6c    00000040                                   : sprintf.c.obj (.text:sprintf)
                  00002dac    0000003e                                   : _printfi.c.obj (.text:_fcpy)
                  00002dea    00000002     --HOLE-- [fill = 0]
                  00002dec    00000038                                   : boot_cortex_m.c.obj (.text:_c_int00_noargs:_c_int00_noargs)
                  00002e24    00000038                                   : fs_tod_t2.asm.obj (.text)
                  00002e5c    0000002e                                   : i_tofd_t2.asm.obj (.text)
                  00002e8a    0000001c                                   : memccpy.c.obj (.text:memccpy)
                  00002ea6    00000018                                   : sprintf.c.obj (.text:_outs)
                  00002ebe    00000016                                   : strchr.c.obj (.text:strchr)
                  00002ed4    00000014                                   : s_copysign.c.obj (.text:copysign)
                  00002ee8    00000014                                   : strlen.c.obj (.text:strlen)
                  00002efc    00000012                                   : copy_zero_init.c.obj (.text:decompress:ZI:__TI_zero_init_nomemset:__TI_zero_init_nomemset)
                  00002f0e    00000012                                   : wcslen.c.obj (.text:wcslen)
                  00002f20    0000000e                                   : copy_decompress_none.c.obj (.text:decompress:none:__TI_decompress_none)
                  00002f2e    0000000e     startup_msp432p401r_ccs.obj (.text)
                  00002f3c    0000000a     rtsv7M4_T_le_v4SPD16_eabi.lib : sprintf.c.obj (.text:_outc)
                  00002f46    00000002     --HOLE-- [fill = 0]
                  00002f48    00000008                                   : errno.c.obj (.text:__aeabi_errno_addr)
                  00002f50    00000004                                   : pre_init.c.obj (.text:_system_pre_init)
                  00002f54    00000004                                   : exit.c.obj (.text:abort:abort)

.const     0    00002f58    00000134     
                  00002f58    00000101     rtsv7M4_T_le_v4SPD16_eabi.lib : ctype.c.obj (.const:.string:_ctypes_)
                  00003059    0000000f     main.obj (.const:.string:$P$T0$1)
                  00003068    0000000f     main.obj (.const:.string:$P$T2$3)
                  00003077    0000000e     main.obj (.const:.string:$P$T3$4)
                  00003085    00000007     main.obj (.const:.string:$P$T1$2)

.cinit     0    00003090    00000048     
                  00003090    0000001e     (.cinit..data.load) [load image, compression = lzss]
                  000030ae    00000002     --HOLE-- [fill = 0]
                  000030b0    0000000c     (__TI_handler_table)
                  000030bc    00000004     --HOLE-- [fill = 0]
                  000030c0    00000008     (.cinit..bss.load) [load image, compression = zero_init]
                  000030c8    00000010     (__TI_cinit_table)

.init_array 
*          0    00000000    00000000     UNINITIALIZED

.binit     0    00000000    00000000     

.bss       0    20000000    00000041     UNINITIALIZED
                  20000000    00000034     (.common:time)
                  20000034    00000004     (.common:nADC)
                  20000038    00000004     (.common:nADC2)
                  2000003c    00000002     main.obj (.bss)
                  2000003e    00000001     (.common:hours)
                  2000003f    00000001     (.common:mins)
                  20000040    00000001     (.common:secs)

.data      0    20000044    0000003c     UNINITIALIZED
                  20000044    0000002c     main.obj (.data)
                  20000070    00000005     main.obj (.data:temperature)
                  20000075    00000003     --HOLE--
                  20000078    00000004     rtsv7M4_T_le_v4SPD16_eabi.lib : errno.c.obj (.data)
                  2000007c    00000004     system_msp432p401r.obj (.data)

.stack     0    2000fe00    00000200     UNINITIALIZED
                  2000fe00    00000004     rtsv7M4_T_le_v4SPD16_eabi.lib : boot_cortex_m.c.obj (.stack)
                  2000fe04    000001fc     --HOLE--

MODULE SUMMARY

       Module                        code    ro data   rw data
       ------                        ----    -------   -------
    .\
       main.obj                      3188    51        228    
       system_msp432p401r.obj        820     0         8      
       startup_msp432p401r_ccs.obj   14      228       0      
    +--+-----------------------------+-------+---------+---------+
       Total:                        4022    279       236    
                                                              
    C:\ti\ccsv8\tools\compiler\ti-cgt-arm_18.1.3.LTS\lib\rtsv7M4_T_le_v4SPD16_eabi.lib
       _printfi.c.obj                4863    0         0      
       fd_add_t2.asm.obj             438     0         0      
       fd_div_t2.asm.obj             310     0         0      
       s_scalbn.c.obj                272     0         0      
       fd_cmp_t2.asm.obj             268     0         0      
       ctype.c.obj                   0       257       0      
       fd_mul_t2.asm.obj             252     0         0      
       memcpy_t2.asm.obj             156     0         0      
       ull_div_t2.asm.obj            150     0         0      
       memset_t2.asm.obj             122     0         0      
       fd_tos_t2.asm.obj             110     0         0      
       copy_decompress_lzss.c.obj    104     0         0      
       s_frexp.c.obj                 100     0         0      
       sprintf.c.obj                 98      0         0      
       ltoa.c.obj                    84      0         0      
       atoi.c.obj                    76      0         0      
       fd_toi_t2.asm.obj             72      0         0      
       autoinit.c.obj                68      0         0      
       boot_cortex_m.c.obj           56      0         0      
       fs_tod_t2.asm.obj             56      0         0      
       i_tofd_t2.asm.obj             46      0         0      
       memccpy.c.obj                 28      0         0      
       strchr.c.obj                  22      0         0      
       s_copysign.c.obj              20      0         0      
       strlen.c.obj                  20      0         0      
       copy_zero_init.c.obj          18      0         0      
       wcslen.c.obj                  18      0         0      
       errno.c.obj                   8       0         8      
       copy_decompress_none.c.obj    14      0         0      
       exit.c.obj                    4       0         0      
       pre_init.c.obj                4       0         0      
       div0.asm.obj                  2       0         0      
    +--+-----------------------------+-------+---------+---------+
       Total:                        7859    257       8      
                                                              
       Stack:                        0       0         1024   
       Linker Generated:             0       66        0      
    +--+-----------------------------+-------+---------+---------+
       Grand Total:                  11881   602       1268   


LINKER GENERATED COPY TABLES

__TI_cinit_table @ 000030c8 records: 2, size/record: 8, table size: 16
	.data: load addr=00003090, load size=0000001e bytes, run addr=20000044, run size=0000003c bytes, compression=lzss
	.bss: load addr=000030c0, load size=00000008 bytes, run addr=20000000, run size=00000041 bytes, compression=zero_init


LINKER GENERATED HANDLER TABLE

__TI_handler_table @ 000030b0 records: 3, size/record: 4, table size: 12
	index: 0, handler: __TI_decompress_lzss
	index: 1, handler: __TI_decompress_none
	index: 2, handler: __TI_zero_init


GLOBAL SYMBOLS: SORTED ALPHABETICALLY BY Name 

address   name                          
-------   ----                          
00002f3b  ADC14_IRQHandler              
000004ad  ADC14_init                    
00002f3b  AES256_IRQHandler             
00002f3b  BusFault_Handler              
00002f55  C$$EXIT                       
00002f3b  COMP_E0_IRQHandler            
00002f3b  COMP_E1_IRQHandler            
00002f3b  CS_IRQHandler                 
00002f3b  DMA_ERR_IRQHandler            
00002f3b  DMA_INT0_IRQHandler           
00002f3b  DMA_INT1_IRQHandler           
00002f3b  DMA_INT2_IRQHandler           
00002f3b  DMA_INT3_IRQHandler           
00002f3b  DebugMon_Handler              
00002f3b  Default_Handler               
00002f3b  EUSCIA0_IRQHandler            
00002f3b  EUSCIA1_IRQHandler            
00002f3b  EUSCIA2_IRQHandler            
00002f3b  EUSCIA3_IRQHandler            
00002f3b  EUSCIB0_IRQHandler            
00002f3b  EUSCIB1_IRQHandler            
00002f3b  EUSCIB2_IRQHandler            
00002f3b  EUSCIB3_IRQHandler            
00002f3b  FLCTL_IRQHandler              
00002f3b  FPU_IRQHandler                
00002f3b  HardFault_Handler             
000003cd  LCD_init                      
00000331  LEDinit                       
00002f3b  MemManage_Handler             
00002f3b  NMI_Handler                   
00002f3b  PCM_IRQHandler                
00000a8d  PORT1_IRQHandler              
00000a8d  PORT1_IRQHandler              
00002f3b  PORT2_IRQHandler              
00002f3b  PORT3_IRQHandler              
00002f3b  PORT4_IRQHandler              
00002f3b  PORT5_IRQHandler              
00002f3b  PORT6_IRQHandler              
00002f3b  PSS_IRQHandler                
00002f3b  PendSV_Handler                
00000465  PortADC_init                  
00000bf5  PulseEnablePin                
00000a0d  RTC_C_IRQHandler              
00000a0d  RTC_C_IRQHandler              
00000509  RTC_Init                      
00002f2f  Reset_Handler                 
00002f3b  SVC_Handler                   
00002f3b  SysTick_Handler               
2000007c  SystemCoreClock               
000017b9  SystemCoreClockUpdate         
00001a31  SystemInit                    
00002f3b  T32_INT1_IRQHandler           
00002f3b  T32_INT2_IRQHandler           
00002f3b  T32_INTC_IRQHandler           
00002f3b  TA0_0_IRQHandler              
00002f3b  TA0_N_IRQHandler              
00002f3b  TA1_0_IRQHandler              
00002f3b  TA1_N_IRQHandler              
00000b1f  TA2_0_IRQHandler              
00000b1f  TA2_0_IRQHandler              
00002f3b  TA2_N_IRQHandler              
00002f3b  TA3_0_IRQHandler              
00002f3b  TA3_N_IRQHandler              
00002f3b  UsageFault_Handler            
4000480c  WDTCTL_SYM                    
00002f3b  WDT_A_IRQHandler              
2000004c  XM                            
20010000  __STACK_END                   
00000200  __STACK_SIZE                  
000030c8  __TI_CINIT_Base               
000030d8  __TI_CINIT_Limit              
000030b0  __TI_Handler_Table_Base       
000030bc  __TI_Handler_Table_Limit      
00002d29  __TI_auto_init_nobinit_nopinit
00002acb  __TI_decompress_lzss          
00002f21  __TI_decompress_none          
ffffffff  __TI_pprof_out_hndl           
00000d59  __TI_printfi                  
ffffffff  __TI_prof_data_size           
ffffffff  __TI_prof_data_start          
00000000  __TI_static_base__            
00002efd  __TI_zero_init_nomemset       
00002869  __aeabi_cdcmpeq               
00002869  __aeabi_cdcmple               
000028ef  __aeabi_cdrcmple              
00002a5d  __aeabi_d2f                   
00002ce1  __aeabi_d2iz                  
00001f37  __aeabi_dadd                  
00002221  __aeabi_ddiv                  
00002589  __aeabi_dmul                  
00001f2d  __aeabi_dsub                  
00002f49  __aeabi_errno_addr            
00002e25  __aeabi_f2d                   
00002e5d  __aeabi_i2d                   
000017b7  __aeabi_idiv0                 
000017b7  __aeabi_ldiv0                 
00002975  __aeabi_memclr                
00002975  __aeabi_memclr4               
00002975  __aeabi_memclr8               
00002737  __aeabi_memcpy                
00002737  __aeabi_memcpy4               
00002737  __aeabi_memcpy8               
00002977  __aeabi_memset                
00002977  __aeabi_memset4               
00002977  __aeabi_memset8               
000027d3  __aeabi_uldivmod              
ffffffff  __binit__                     
ffffffff  __c_args__                    
UNDEFED   __mpu_init                    
2000fe00  __stack                       
00002ded  _c_int00_noargs               
00002f58  _ctypes_                      
UNDEFED   _system_post_cinit            
00002f51  _system_pre_init              
00002f55  abort                         
20000048  alarm_update                  
00002c95  atoi                          
ffffffff  binit                         
000001c7  buttoninit                    
00002ed5  copysign                      
00002ed5  copysignl                     
00000cc3  dataWrite                     
00000bc1  delay_microsec                
00000b95  delay_ms                      
000005e1  displayinit                   
20000078  errno                         
2000005c  fasttimestatus                
00002b35  frexp                         
00002b35  frexpl                        
2000003e  hours                         
00000000  interruptVectors              
00002479  ldexp                         
00002479  ldexpl                        
00002bef  ltoa                          
00000111  main                          
00002e8b  memccpy                       
00002737  memcpy                        
0000297d  memset                        
2000003f  mins                          
20000034  nADC                          
20000038  nADC2                         
20000068  onoffstatus                   
00000c61  pushByte                      
00000c2d  pushNibble                    
20000050  pwmLCD                        
00000973  readpwm                       
000008cd  readtemp                      
20000058  realtimestatus                
00002479  scalbn                        
00002479  scalbnl                       
20000040  secs                          
20000064  setalarmstatus                
20000060  settimestatus                 
2000006c  snoozestatus                  
0000055d  speakerinit                   
00002d6d  sprintf                       
00002ebf  strchr                        
00002ee9  strlen                        
00000b73  systick_start                 
00000891  tempdisplay                   
20000070  temperature                   
20000000  time                          
20000044  time_update                   
00000765  timedisplay                   
000005a1  timerAinterrupt_init          
20000054  wakeup                        
00002f0f  wcslen                        
00000ca1  write_command                 


GLOBAL SYMBOLS: SORTED BY Symbol Address 

address   name                          
-------   ----                          
00000000  __TI_static_base__            
00000000  interruptVectors              
00000111  main                          
000001c7  buttoninit                    
00000200  __STACK_SIZE                  
00000331  LEDinit                       
000003cd  LCD_init                      
00000465  PortADC_init                  
000004ad  ADC14_init                    
00000509  RTC_Init                      
0000055d  speakerinit                   
000005a1  timerAinterrupt_init          
000005e1  displayinit                   
00000765  timedisplay                   
00000891  tempdisplay                   
000008cd  readtemp                      
00000973  readpwm                       
00000a0d  RTC_C_IRQHandler              
00000a0d  RTC_C_IRQHandler              
00000a8d  PORT1_IRQHandler              
00000a8d  PORT1_IRQHandler              
00000b1f  TA2_0_IRQHandler              
00000b1f  TA2_0_IRQHandler              
00000b73  systick_start                 
00000b95  delay_ms                      
00000bc1  delay_microsec                
00000bf5  PulseEnablePin                
00000c2d  pushNibble                    
00000c61  pushByte                      
00000ca1  write_command                 
00000cc3  dataWrite                     
00000d59  __TI_printfi                  
000017b7  __aeabi_idiv0                 
000017b7  __aeabi_ldiv0                 
000017b9  SystemCoreClockUpdate         
00001a31  SystemInit                    
00001f2d  __aeabi_dsub                  
00001f37  __aeabi_dadd                  
00002221  __aeabi_ddiv                  
00002479  ldexp                         
00002479  ldexpl                        
00002479  scalbn                        
00002479  scalbnl                       
00002589  __aeabi_dmul                  
00002737  __aeabi_memcpy                
00002737  __aeabi_memcpy4               
00002737  __aeabi_memcpy8               
00002737  memcpy                        
000027d3  __aeabi_uldivmod              
00002869  __aeabi_cdcmpeq               
00002869  __aeabi_cdcmple               
000028ef  __aeabi_cdrcmple              
00002975  __aeabi_memclr                
00002975  __aeabi_memclr4               
00002975  __aeabi_memclr8               
00002977  __aeabi_memset                
00002977  __aeabi_memset4               
00002977  __aeabi_memset8               
0000297d  memset                        
00002a5d  __aeabi_d2f                   
00002acb  __TI_decompress_lzss          
00002b35  frexp                         
00002b35  frexpl                        
00002bef  ltoa                          
00002c95  atoi                          
00002ce1  __aeabi_d2iz                  
00002d29  __TI_auto_init_nobinit_nopinit
00002d6d  sprintf                       
00002ded  _c_int00_noargs               
00002e25  __aeabi_f2d                   
00002e5d  __aeabi_i2d                   
00002e8b  memccpy                       
00002ebf  strchr                        
00002ed5  copysign                      
00002ed5  copysignl                     
00002ee9  strlen                        
00002efd  __TI_zero_init_nomemset       
00002f0f  wcslen                        
00002f21  __TI_decompress_none          
00002f2f  Reset_Handler                 
00002f3b  ADC14_IRQHandler              
00002f3b  AES256_IRQHandler             
00002f3b  BusFault_Handler              
00002f3b  COMP_E0_IRQHandler            
00002f3b  COMP_E1_IRQHandler            
00002f3b  CS_IRQHandler                 
00002f3b  DMA_ERR_IRQHandler            
00002f3b  DMA_INT0_IRQHandler           
00002f3b  DMA_INT1_IRQHandler           
00002f3b  DMA_INT2_IRQHandler           
00002f3b  DMA_INT3_IRQHandler           
00002f3b  DebugMon_Handler              
00002f3b  Default_Handler               
00002f3b  EUSCIA0_IRQHandler            
00002f3b  EUSCIA1_IRQHandler            
00002f3b  EUSCIA2_IRQHandler            
00002f3b  EUSCIA3_IRQHandler            
00002f3b  EUSCIB0_IRQHandler            
00002f3b  EUSCIB1_IRQHandler            
00002f3b  EUSCIB2_IRQHandler            
00002f3b  EUSCIB3_IRQHandler            
00002f3b  FLCTL_IRQHandler              
00002f3b  FPU_IRQHandler                
00002f3b  HardFault_Handler             
00002f3b  MemManage_Handler             
00002f3b  NMI_Handler                   
00002f3b  PCM_IRQHandler                
00002f3b  PORT2_IRQHandler              
00002f3b  PORT3_IRQHandler              
00002f3b  PORT4_IRQHandler              
00002f3b  PORT5_IRQHandler              
00002f3b  PORT6_IRQHandler              
00002f3b  PSS_IRQHandler                
00002f3b  PendSV_Handler                
00002f3b  SVC_Handler                   
00002f3b  SysTick_Handler               
00002f3b  T32_INT1_IRQHandler           
00002f3b  T32_INT2_IRQHandler           
00002f3b  T32_INTC_IRQHandler           
00002f3b  TA0_0_IRQHandler              
00002f3b  TA0_N_IRQHandler              
00002f3b  TA1_0_IRQHandler              
00002f3b  TA1_N_IRQHandler              
00002f3b  TA2_N_IRQHandler              
00002f3b  TA3_0_IRQHandler              
00002f3b  TA3_N_IRQHandler              
00002f3b  UsageFault_Handler            
00002f3b  WDT_A_IRQHandler              
00002f49  __aeabi_errno_addr            
00002f51  _system_pre_init              
00002f55  C$$EXIT                       
00002f55  abort                         
00002f58  _ctypes_                      
000030b0  __TI_Handler_Table_Base       
000030bc  __TI_Handler_Table_Limit      
000030c8  __TI_CINIT_Base               
000030d8  __TI_CINIT_Limit              
20000000  time                          
20000034  nADC                          
20000038  nADC2                         
2000003e  hours                         
2000003f  mins                          
20000040  secs                          
20000044  time_update                   
20000048  alarm_update                  
2000004c  XM                            
20000050  pwmLCD                        
20000054  wakeup                        
20000058  realtimestatus                
2000005c  fasttimestatus                
20000060  settimestatus                 
20000064  setalarmstatus                
20000068  onoffstatus                   
2000006c  snoozestatus                  
20000070  temperature                   
20000078  errno                         
2000007c  SystemCoreClock               
2000fe00  __stack                       
20010000  __STACK_END                   
4000480c  WDTCTL_SYM                    
ffffffff  __TI_pprof_out_hndl           
ffffffff  __TI_prof_data_size           
ffffffff  __TI_prof_data_start          
ffffffff  __binit__                     
ffffffff  __c_args__                    
ffffffff  binit                         
UNDEFED   __mpu_init                    
UNDEFED   _system_post_cinit            

[168 symbols]
