******************************************************************************
                  TI ARM Linker PC v18.1.3                     
******************************************************************************
>> Linked Sat Dec  1 19:18:19 2018

OUTPUT FILE NAME:   <226 Final Project.out>
ENTRY POINT SYMBOL: "_c_int00_noargs"  address: 00002ce9


MEMORY CONFIGURATION

         name            origin    length      used     unused   attr    fill
----------------------  --------  ---------  --------  --------  ----  --------
  MAIN                  00000000   00040000  00002fc8  0003d038  R  X
  INFO                  00200000   00004000  00000000  00004000  R  X
  SRAM_CODE             01000000   00010000  00000279  0000fd87  RW X
  SRAM_DATA             20000000   00010000  00000279  0000fd87  RW  


SEGMENT ALLOCATION MAP

run origin  load origin   length   init length attrs members
----------  ----------- ---------- ----------- ----- -------
00000000    00000000    00002fc8   00002fc8    r-x
  00000000    00000000    000000e4   000000e4    r-- .intvecs
  000000e4    000000e4    00002d70   00002d70    r-x .text
  00002e54    00002e54    00000134   00000134    r-- .const
  00002f88    00002f88    00000040   00000040    r-- .cinit
20000000    20000000    0000007c   00000000    rw-
  20000000    20000000    00000041   00000000    rw- .bss
  20000044    20000044    00000038   00000000    rw- .data
2000fe00    2000fe00    00000200   00000000    rw-
  2000fe00    2000fe00    00000200   00000000    rw- .stack


SECTION ALLOCATION MAP

 output                                  attributes/
section   page    origin      length       input sections
--------  ----  ----------  ----------   ----------------
.intvecs   0    00000000    000000e4     
                  00000000    000000e4     startup_msp432p401r_ccs.obj (.intvecs:retain)

.text      0    000000e4    00002d70     
                  000000e4    00000b70     main.obj (.text)
                  00000c54    00000a5e     rtsv7M4_T_le_v4SPD16_eabi.lib : _printfi.c.obj (.text:__TI_printfi)
                  000016b2    00000002                                   : div0.asm.obj (.text)
                  000016b4    00000334     system_msp432p401r.obj (.text)
                  000019e8    00000270     rtsv7M4_T_le_v4SPD16_eabi.lib : _printfi.c.obj (.text:_pconv_a)
                  00001c58    000001d0                                   : _printfi.c.obj (.text:_pconv_g)
                  00001e28    000001b6                                   : fd_add_t2.asm.obj (.text)
                  00001fde    00000002     --HOLE-- [fill = 0]
                  00001fe0    0000013c                                   : _printfi.c.obj (.text:_pconv_e)
                  0000211c    00000136                                   : fd_div_t2.asm.obj (.text)
                  00002252    00000002     --HOLE-- [fill = 0]
                  00002254    00000120                                   : _printfi.c.obj (.text:fcvt)
                  00002374    00000110                                   : s_scalbn.c.obj (.text:scalbn)
                  00002484    000000fc                                   : fd_mul_t2.asm.obj (.text)
                  00002580    000000b1                                   : _printfi.c.obj (.text:_ltostr)
                  00002631    00000001     --HOLE-- [fill = 0]
                  00002632    0000009c                                   : memcpy_t2.asm.obj (.text)
                  000026ce    00000096                                   : ull_div_t2.asm.obj (.text)
                  00002764    00000086                                   : fd_cmp_t2.asm.obj (.text:__aeabi_cdcmple)
                  000027ea    00000086                                   : fd_cmp_t2.asm.obj (.text:__aeabi_cdrcmple)
                  00002870    0000007a                                   : memset_t2.asm.obj (.text)
                  000028ea    0000006e                                   : _printfi.c.obj (.text:_mcpy)
                  00002958    0000006e                                   : fd_tos_t2.asm.obj (.text)
                  000029c6    00000068                                   : copy_decompress_lzss.c.obj (.text:decompress:lzss:__TI_decompress_lzss)
                  00002a2e    00000002     --HOLE-- [fill = 0]
                  00002a30    00000064                                   : s_frexp.c.obj (.text:frexp)
                  00002a94    00000056                                   : _printfi.c.obj (.text:_pconv_f)
                  00002aea    00000054                                   : ltoa.c.obj (.text:ltoa)
                  00002b3e    00000052                                   : _printfi.c.obj (.text:_ecpy)
                  00002b90    0000004c                                   : atoi.c.obj (.text:atoi)
                  00002bdc    00000048                                   : fd_toi_t2.asm.obj (.text)
                  00002c24    00000044                                   : autoinit.c.obj (.text:__TI_auto_init_nobinit_nopinit:__TI_auto_init_nobinit_nopinit)
                  00002c68    00000040                                   : sprintf.c.obj (.text:sprintf)
                  00002ca8    0000003e                                   : _printfi.c.obj (.text:_fcpy)
                  00002ce6    00000002     --HOLE-- [fill = 0]
                  00002ce8    00000038                                   : boot_cortex_m.c.obj (.text:_c_int00_noargs:_c_int00_noargs)
                  00002d20    00000038                                   : fs_tod_t2.asm.obj (.text)
                  00002d58    0000002e                                   : i_tofd_t2.asm.obj (.text)
                  00002d86    0000001c                                   : memccpy.c.obj (.text:memccpy)
                  00002da2    00000018                                   : sprintf.c.obj (.text:_outs)
                  00002dba    00000016                                   : strchr.c.obj (.text:strchr)
                  00002dd0    00000014                                   : s_copysign.c.obj (.text:copysign)
                  00002de4    00000014                                   : strlen.c.obj (.text:strlen)
                  00002df8    00000012                                   : copy_zero_init.c.obj (.text:decompress:ZI:__TI_zero_init_nomemset:__TI_zero_init_nomemset)
                  00002e0a    00000012                                   : wcslen.c.obj (.text:wcslen)
                  00002e1c    0000000e                                   : copy_decompress_none.c.obj (.text:decompress:none:__TI_decompress_none)
                  00002e2a    0000000e     startup_msp432p401r_ccs.obj (.text)
                  00002e38    0000000a     rtsv7M4_T_le_v4SPD16_eabi.lib : sprintf.c.obj (.text:_outc)
                  00002e42    00000002     --HOLE-- [fill = 0]
                  00002e44    00000008                                   : errno.c.obj (.text:__aeabi_errno_addr)
                  00002e4c    00000004                                   : pre_init.c.obj (.text:_system_pre_init)
                  00002e50    00000004                                   : exit.c.obj (.text:abort:abort)

.const     0    00002e54    00000134     
                  00002e54    00000101     rtsv7M4_T_le_v4SPD16_eabi.lib : ctype.c.obj (.const:.string:_ctypes_)
                  00002f55    0000000f     main.obj (.const:.string:$P$T0$1)
                  00002f64    0000000f     main.obj (.const:.string:$P$T2$3)
                  00002f73    0000000e     main.obj (.const:.string:$P$T3$4)
                  00002f81    00000007     main.obj (.const:.string:$P$T1$2)

.cinit     0    00002f88    00000040     
                  00002f88    00000017     (.cinit..data.load) [load image, compression = lzss]
                  00002f9f    00000001     --HOLE-- [fill = 0]
                  00002fa0    0000000c     (__TI_handler_table)
                  00002fac    00000004     --HOLE-- [fill = 0]
                  00002fb0    00000008     (.cinit..bss.load) [load image, compression = zero_init]
                  00002fb8    00000010     (__TI_cinit_table)

.init_array 
*          0    00000000    00000000     UNINITIALIZED

.binit     0    00000000    00000000     

.bss       0    20000000    00000041     UNINITIALIZED
                  20000000    00000034     (.common:time)
                  20000034    00000004     (.common:nADC)
                  20000038    00000004     (.common:nADC2)
                  2000003c    00000002     main.obj (.bss)
                  2000003e    00000001     (.common:hours)
                  2000003f    00000001     (.common:mins)
                  20000040    00000001     (.common:secs)

.data      0    20000044    00000038     UNINITIALIZED
                  20000044    00000028     main.obj (.data)
                  2000006c    00000005     main.obj (.data:temperature)
                  20000071    00000003     --HOLE--
                  20000074    00000004     rtsv7M4_T_le_v4SPD16_eabi.lib : errno.c.obj (.data)
                  20000078    00000004     system_msp432p401r.obj (.data)

.stack     0    2000fe00    00000200     UNINITIALIZED
                  2000fe00    00000004     rtsv7M4_T_le_v4SPD16_eabi.lib : boot_cortex_m.c.obj (.stack)
                  2000fe04    000001fc     --HOLE--

MODULE SUMMARY

       Module                        code    ro data   rw data
       ------                        ----    -------   -------
    .\
       main.obj                      2928    51        220    
       system_msp432p401r.obj        820     0         8      
       startup_msp432p401r_ccs.obj   14      228       0      
    +--+-----------------------------+-------+---------+---------+
       Total:                        3762    279       228    
                                                              
    C:\ti\ccsv8\tools\compiler\ti-cgt-arm_18.1.3.LTS\lib\rtsv7M4_T_le_v4SPD16_eabi.lib
       _printfi.c.obj                4863    0         0      
       fd_add_t2.asm.obj             438     0         0      
       fd_div_t2.asm.obj             310     0         0      
       s_scalbn.c.obj                272     0         0      
       fd_cmp_t2.asm.obj             268     0         0      
       ctype.c.obj                   0       257       0      
       fd_mul_t2.asm.obj             252     0         0      
       memcpy_t2.asm.obj             156     0         0      
       ull_div_t2.asm.obj            150     0         0      
       memset_t2.asm.obj             122     0         0      
       fd_tos_t2.asm.obj             110     0         0      
       copy_decompress_lzss.c.obj    104     0         0      
       s_frexp.c.obj                 100     0         0      
       sprintf.c.obj                 98      0         0      
       ltoa.c.obj                    84      0         0      
       atoi.c.obj                    76      0         0      
       fd_toi_t2.asm.obj             72      0         0      
       autoinit.c.obj                68      0         0      
       boot_cortex_m.c.obj           56      0         0      
       fs_tod_t2.asm.obj             56      0         0      
       i_tofd_t2.asm.obj             46      0         0      
       memccpy.c.obj                 28      0         0      
       strchr.c.obj                  22      0         0      
       s_copysign.c.obj              20      0         0      
       strlen.c.obj                  20      0         0      
       copy_zero_init.c.obj          18      0         0      
       wcslen.c.obj                  18      0         0      
       errno.c.obj                   8       0         8      
       copy_decompress_none.c.obj    14      0         0      
       exit.c.obj                    4       0         0      
       pre_init.c.obj                4       0         0      
       div0.asm.obj                  2       0         0      
    +--+-----------------------------+-------+---------+---------+
       Total:                        7859    257       8      
                                                              
       Stack:                        0       0         1024   
       Linker Generated:             0       59        0      
    +--+-----------------------------+-------+---------+---------+
       Grand Total:                  11621   595       1260   


LINKER GENERATED COPY TABLES

__TI_cinit_table @ 00002fb8 records: 2, size/record: 8, table size: 16
	.data: load addr=00002f88, load size=00000017 bytes, run addr=20000044, run size=00000038 bytes, compression=lzss
	.bss: load addr=00002fb0, load size=00000008 bytes, run addr=20000000, run size=00000041 bytes, compression=zero_init


LINKER GENERATED HANDLER TABLE

__TI_handler_table @ 00002fa0 records: 3, size/record: 4, table size: 12
	index: 0, handler: __TI_decompress_lzss
	index: 1, handler: __TI_decompress_none
	index: 2, handler: __TI_zero_init


GLOBAL SYMBOLS: SORTED ALPHABETICALLY BY Name 

address   name                          
-------   ----                          
00002e37  ADC14_IRQHandler              
000004ad  ADC14_init                    
00002e37  AES256_IRQHandler             
00002e37  BusFault_Handler              
00002e51  C$$EXIT                       
00002e37  COMP_E0_IRQHandler            
00002e37  COMP_E1_IRQHandler            
00002e37  CS_IRQHandler                 
00002e37  DMA_ERR_IRQHandler            
00002e37  DMA_INT0_IRQHandler           
00002e37  DMA_INT1_IRQHandler           
00002e37  DMA_INT2_IRQHandler           
00002e37  DMA_INT3_IRQHandler           
00002e37  DebugMon_Handler              
00002e37  Default_Handler               
00002e37  EUSCIA0_IRQHandler            
00002e37  EUSCIA1_IRQHandler            
00002e37  EUSCIA2_IRQHandler            
00002e37  EUSCIA3_IRQHandler            
00002e37  EUSCIB0_IRQHandler            
00002e37  EUSCIB1_IRQHandler            
00002e37  EUSCIB2_IRQHandler            
00002e37  EUSCIB3_IRQHandler            
00002e37  FLCTL_IRQHandler              
00002e37  FPU_IRQHandler                
00002e37  HardFault_Handler             
000003cd  LCD_init                      
00000331  LEDinit                       
00002e37  MemManage_Handler             
00002e37  NMI_Handler                   
00002e37  PCM_IRQHandler                
00000979  PORT1_IRQHandler              
00000979  PORT1_IRQHandler              
00002e37  PORT2_IRQHandler              
00002e37  PORT3_IRQHandler              
00002e37  PORT4_IRQHandler              
00002e37  PORT5_IRQHandler              
00002e37  PORT6_IRQHandler              
00002e37  PSS_IRQHandler                
00002e37  PendSV_Handler                
00000465  PortADC_init                  
00000ae9  PulseEnablePin                
00000923  RTC_C_IRQHandler              
00000923  RTC_C_IRQHandler              
00000509  RTC_Init                      
00002e2b  Reset_Handler                 
00002e37  SVC_Handler                   
00002e37  SysTick_Handler               
20000078  SystemCoreClock               
000016b5  SystemCoreClockUpdate         
0000192d  SystemInit                    
00002e37  T32_INT1_IRQHandler           
00002e37  T32_INT2_IRQHandler           
00002e37  T32_INTC_IRQHandler           
00002e37  TA0_0_IRQHandler              
00002e37  TA0_N_IRQHandler              
00002e37  TA1_0_IRQHandler              
00002e37  TA1_N_IRQHandler              
00000a21  TA2_0_IRQHandler              
00000a21  TA2_0_IRQHandler              
00002e37  TA2_N_IRQHandler              
00002e37  TA3_0_IRQHandler              
00002e37  TA3_N_IRQHandler              
00002e37  UsageFault_Handler            
4000480c  WDTCTL_SYM                    
00002e37  WDT_A_IRQHandler              
20010000  __STACK_END                   
00000200  __STACK_SIZE                  
00002fb8  __TI_CINIT_Base               
00002fc8  __TI_CINIT_Limit              
00002fa0  __TI_Handler_Table_Base       
00002fac  __TI_Handler_Table_Limit      
00002c25  __TI_auto_init_nobinit_nopinit
000029c7  __TI_decompress_lzss          
00002e1d  __TI_decompress_none          
ffffffff  __TI_pprof_out_hndl           
00000c55  __TI_printfi                  
ffffffff  __TI_prof_data_size           
ffffffff  __TI_prof_data_start          
00000000  __TI_static_base__            
00002df9  __TI_zero_init_nomemset       
00002765  __aeabi_cdcmpeq               
00002765  __aeabi_cdcmple               
000027eb  __aeabi_cdrcmple              
00002959  __aeabi_d2f                   
00002bdd  __aeabi_d2iz                  
00001e33  __aeabi_dadd                  
0000211d  __aeabi_ddiv                  
00002485  __aeabi_dmul                  
00001e29  __aeabi_dsub                  
00002e45  __aeabi_errno_addr            
00002d21  __aeabi_f2d                   
00002d59  __aeabi_i2d                   
000016b3  __aeabi_idiv0                 
000016b3  __aeabi_ldiv0                 
00002871  __aeabi_memclr                
00002871  __aeabi_memclr4               
00002871  __aeabi_memclr8               
00002633  __aeabi_memcpy                
00002633  __aeabi_memcpy4               
00002633  __aeabi_memcpy8               
00002873  __aeabi_memset                
00002873  __aeabi_memset4               
00002873  __aeabi_memset8               
000026cf  __aeabi_uldivmod              
ffffffff  __binit__                     
ffffffff  __c_args__                    
UNDEFED   __mpu_init                    
2000fe00  __stack                       
00002ce9  _c_int00_noargs               
00002e54  _ctypes_                      
UNDEFED   _system_post_cinit            
00002e4d  _system_pre_init              
00002e51  abort                         
20000048  alarm_update                  
00002b91  atoi                          
ffffffff  binit                         
000001c7  buttoninit                    
00002dd1  copysign                      
00002dd1  copysignl                     
00000bb9  dataWrite                     
00000abb  delay_microsec                
00000a95  delay_ms                      
000005e1  displayinit                   
20000074  errno                         
20000058  fasttimestatus                
00002a31  frexp                         
00002a31  frexpl                        
2000003e  hours                         
00000000  interruptVectors              
00002375  ldexp                         
00002375  ldexpl                        
00002aeb  ltoa                          
00000111  main                          
00002d87  memccpy                       
00002633  memcpy                        
00002879  memset                        
2000003f  mins                          
20000034  nADC                          
20000038  nADC2                         
20000064  onoffstatus                   
00000b55  pushByte                      
00000b29  pushNibble                    
2000004c  pwmLCD                        
000008a1  readpwm                       
000007e9  readtemp                      
20000054  realtimestatus                
00002375  scalbn                        
00002375  scalbnl                       
20000040  secs                          
20000060  setalarmstatus                
2000005c  settimestatus                 
20000068  snoozestatus                  
0000055d  speakerinit                   
00002c69  sprintf                       
00002dbb  strchr                        
00002de5  strlen                        
00000a79  systick_start                 
00000759  tempdisplay                   
2000006c  temperature                   
20000000  time                          
20000044  time_update                   
0000070d  timedisplay                   
000005a1  timerAinterrupt_init          
20000050  wakeup                        
00002e0b  wcslen                        
00000b8d  write_command                 


GLOBAL SYMBOLS: SORTED BY Symbol Address 

address   name                          
-------   ----                          
00000000  __TI_static_base__            
00000000  interruptVectors              
00000111  main                          
000001c7  buttoninit                    
00000200  __STACK_SIZE                  
00000331  LEDinit                       
000003cd  LCD_init                      
00000465  PortADC_init                  
000004ad  ADC14_init                    
00000509  RTC_Init                      
0000055d  speakerinit                   
000005a1  timerAinterrupt_init          
000005e1  displayinit                   
0000070d  timedisplay                   
00000759  tempdisplay                   
000007e9  readtemp                      
000008a1  readpwm                       
00000923  RTC_C_IRQHandler              
00000923  RTC_C_IRQHandler              
00000979  PORT1_IRQHandler              
00000979  PORT1_IRQHandler              
00000a21  TA2_0_IRQHandler              
00000a21  TA2_0_IRQHandler              
00000a79  systick_start                 
00000a95  delay_ms                      
00000abb  delay_microsec                
00000ae9  PulseEnablePin                
00000b29  pushNibble                    
00000b55  pushByte                      
00000b8d  write_command                 
00000bb9  dataWrite                     
00000c55  __TI_printfi                  
000016b3  __aeabi_idiv0                 
000016b3  __aeabi_ldiv0                 
000016b5  SystemCoreClockUpdate         
0000192d  SystemInit                    
00001e29  __aeabi_dsub                  
00001e33  __aeabi_dadd                  
0000211d  __aeabi_ddiv                  
00002375  ldexp                         
00002375  ldexpl                        
00002375  scalbn                        
00002375  scalbnl                       
00002485  __aeabi_dmul                  
00002633  __aeabi_memcpy                
00002633  __aeabi_memcpy4               
00002633  __aeabi_memcpy8               
00002633  memcpy                        
000026cf  __aeabi_uldivmod              
00002765  __aeabi_cdcmpeq               
00002765  __aeabi_cdcmple               
000027eb  __aeabi_cdrcmple              
00002871  __aeabi_memclr                
00002871  __aeabi_memclr4               
00002871  __aeabi_memclr8               
00002873  __aeabi_memset                
00002873  __aeabi_memset4               
00002873  __aeabi_memset8               
00002879  memset                        
00002959  __aeabi_d2f                   
000029c7  __TI_decompress_lzss          
00002a31  frexp                         
00002a31  frexpl                        
00002aeb  ltoa                          
00002b91  atoi                          
00002bdd  __aeabi_d2iz                  
00002c25  __TI_auto_init_nobinit_nopinit
00002c69  sprintf                       
00002ce9  _c_int00_noargs               
00002d21  __aeabi_f2d                   
00002d59  __aeabi_i2d                   
00002d87  memccpy                       
00002dbb  strchr                        
00002dd1  copysign                      
00002dd1  copysignl                     
00002de5  strlen                        
00002df9  __TI_zero_init_nomemset       
00002e0b  wcslen                        
00002e1d  __TI_decompress_none          
00002e2b  Reset_Handler                 
00002e37  ADC14_IRQHandler              
00002e37  AES256_IRQHandler             
00002e37  BusFault_Handler              
00002e37  COMP_E0_IRQHandler            
00002e37  COMP_E1_IRQHandler            
00002e37  CS_IRQHandler                 
00002e37  DMA_ERR_IRQHandler            
00002e37  DMA_INT0_IRQHandler           
00002e37  DMA_INT1_IRQHandler           
00002e37  DMA_INT2_IRQHandler           
00002e37  DMA_INT3_IRQHandler           
00002e37  DebugMon_Handler              
00002e37  Default_Handler               
00002e37  EUSCIA0_IRQHandler            
00002e37  EUSCIA1_IRQHandler            
00002e37  EUSCIA2_IRQHandler            
00002e37  EUSCIA3_IRQHandler            
00002e37  EUSCIB0_IRQHandler            
00002e37  EUSCIB1_IRQHandler            
00002e37  EUSCIB2_IRQHandler            
00002e37  EUSCIB3_IRQHandler            
00002e37  FLCTL_IRQHandler              
00002e37  FPU_IRQHandler                
00002e37  HardFault_Handler             
00002e37  MemManage_Handler             
00002e37  NMI_Handler                   
00002e37  PCM_IRQHandler                
00002e37  PORT2_IRQHandler              
00002e37  PORT3_IRQHandler              
00002e37  PORT4_IRQHandler              
00002e37  PORT5_IRQHandler              
00002e37  PORT6_IRQHandler              
00002e37  PSS_IRQHandler                
00002e37  PendSV_Handler                
00002e37  SVC_Handler                   
00002e37  SysTick_Handler               
00002e37  T32_INT1_IRQHandler           
00002e37  T32_INT2_IRQHandler           
00002e37  T32_INTC_IRQHandler           
00002e37  TA0_0_IRQHandler              
00002e37  TA0_N_IRQHandler              
00002e37  TA1_0_IRQHandler              
00002e37  TA1_N_IRQHandler              
00002e37  TA2_N_IRQHandler              
00002e37  TA3_0_IRQHandler              
00002e37  TA3_N_IRQHandler              
00002e37  UsageFault_Handler            
00002e37  WDT_A_IRQHandler              
00002e45  __aeabi_errno_addr            
00002e4d  _system_pre_init              
00002e51  C$$EXIT                       
00002e51  abort                         
00002e54  _ctypes_                      
00002fa0  __TI_Handler_Table_Base       
00002fac  __TI_Handler_Table_Limit      
00002fb8  __TI_CINIT_Base               
00002fc8  __TI_CINIT_Limit              
20000000  time                          
20000034  nADC                          
20000038  nADC2                         
2000003e  hours                         
2000003f  mins                          
20000040  secs                          
20000044  time_update                   
20000048  alarm_update                  
2000004c  pwmLCD                        
20000050  wakeup                        
20000054  realtimestatus                
20000058  fasttimestatus                
2000005c  settimestatus                 
20000060  setalarmstatus                
20000064  onoffstatus                   
20000068  snoozestatus                  
2000006c  temperature                   
20000074  errno                         
20000078  SystemCoreClock               
2000fe00  __stack                       
20010000  __STACK_END                   
4000480c  WDTCTL_SYM                    
ffffffff  __TI_pprof_out_hndl           
ffffffff  __TI_prof_data_size           
ffffffff  __TI_prof_data_start          
ffffffff  __binit__                     
ffffffff  __c_args__                    
ffffffff  binit                         
UNDEFED   __mpu_init                    
UNDEFED   _system_post_cinit            

[167 symbols]
