******************************************************************************
                  TI ARM Linker PC v18.1.3                     
******************************************************************************
>> Linked Fri Nov 30 12:51:56 2018

OUTPUT FILE NAME:   <226 Final Project.out>
ENTRY POINT SYMBOL: "_c_int00_noargs"  address: 00002bc5


MEMORY CONFIGURATION

         name            origin    length      used     unused   attr    fill
----------------------  --------  ---------  --------  --------  ----  --------
  MAIN                  00000000   00040000  00002e9c  0003d164  R  X
  INFO                  00200000   00004000  00000000  00004000  R  X
  SRAM_CODE             01000000   00010000  00000269  0000fd97  RW X
  SRAM_DATA             20000000   00010000  00000269  0000fd97  RW  


SEGMENT ALLOCATION MAP

run origin  load origin   length   init length attrs members
----------  ----------- ---------- ----------- ----- -------
00000000    00000000    00002ea0   00002ea0    r-x
  00000000    00000000    000000e4   000000e4    r-- .intvecs
  000000e4    000000e4    00002c4c   00002c4c    r-x .text
  00002d30    00002d30    00000134   00000134    r-- .const
  00002e68    00002e68    00000038   00000038    r-- .cinit
20000000    20000000    0000006c   00000000    rw-
  20000000    20000000    0000003d   00000000    rw- .bss
  20000040    20000040    0000002c   00000000    rw- .data
2000fe00    2000fe00    00000200   00000000    rw-
  2000fe00    2000fe00    00000200   00000000    rw- .stack


SECTION ALLOCATION MAP

 output                                  attributes/
section   page    origin      length       input sections
--------  ----  ----------  ----------   ----------------
.intvecs   0    00000000    000000e4     
                  00000000    000000e4     startup_msp432p401r_ccs.obj (.intvecs:retain)

.text      0    000000e4    00002c4c     
                  000000e4    00000a5e     rtsv7M4_T_le_v4SPD16_eabi.lib : _printfi.c.obj (.text:__TI_printfi)
                  00000b42    00000002                                   : div0.asm.obj (.text)
                  00000b44    00000a4c     main.obj (.text)
                  00001590    00000334     system_msp432p401r.obj (.text)
                  000018c4    00000270     rtsv7M4_T_le_v4SPD16_eabi.lib : _printfi.c.obj (.text:_pconv_a)
                  00001b34    000001d0                                   : _printfi.c.obj (.text:_pconv_g)
                  00001d04    000001b6                                   : fd_add_t2.asm.obj (.text)
                  00001eba    00000002     --HOLE-- [fill = 0]
                  00001ebc    0000013c                                   : _printfi.c.obj (.text:_pconv_e)
                  00001ff8    00000136                                   : fd_div_t2.asm.obj (.text)
                  0000212e    00000002     --HOLE-- [fill = 0]
                  00002130    00000120                                   : _printfi.c.obj (.text:fcvt)
                  00002250    00000110                                   : s_scalbn.c.obj (.text:scalbn)
                  00002360    000000fc                                   : fd_mul_t2.asm.obj (.text)
                  0000245c    000000b1                                   : _printfi.c.obj (.text:_ltostr)
                  0000250d    00000001     --HOLE-- [fill = 0]
                  0000250e    0000009c                                   : memcpy_t2.asm.obj (.text)
                  000025aa    00000096                                   : ull_div_t2.asm.obj (.text)
                  00002640    00000086                                   : fd_cmp_t2.asm.obj (.text:__aeabi_cdcmple)
                  000026c6    00000086                                   : fd_cmp_t2.asm.obj (.text:__aeabi_cdrcmple)
                  0000274c    0000007a                                   : memset_t2.asm.obj (.text)
                  000027c6    0000006e                                   : _printfi.c.obj (.text:_mcpy)
                  00002834    0000006e                                   : fd_tos_t2.asm.obj (.text)
                  000028a2    00000068                                   : copy_decompress_lzss.c.obj (.text:decompress:lzss:__TI_decompress_lzss)
                  0000290a    00000002     --HOLE-- [fill = 0]
                  0000290c    00000064                                   : s_frexp.c.obj (.text:frexp)
                  00002970    00000056                                   : _printfi.c.obj (.text:_pconv_f)
                  000029c6    00000054                                   : ltoa.c.obj (.text:ltoa)
                  00002a1a    00000052                                   : _printfi.c.obj (.text:_ecpy)
                  00002a6c    0000004c                                   : atoi.c.obj (.text:atoi)
                  00002ab8    00000048                                   : fd_toi_t2.asm.obj (.text)
                  00002b00    00000044                                   : autoinit.c.obj (.text:__TI_auto_init_nobinit_nopinit:__TI_auto_init_nobinit_nopinit)
                  00002b44    00000040                                   : sprintf.c.obj (.text:sprintf)
                  00002b84    0000003e                                   : _printfi.c.obj (.text:_fcpy)
                  00002bc2    00000002     --HOLE-- [fill = 0]
                  00002bc4    00000038                                   : boot_cortex_m.c.obj (.text:_c_int00_noargs:_c_int00_noargs)
                  00002bfc    00000038                                   : fs_tod_t2.asm.obj (.text)
                  00002c34    0000002e                                   : i_tofd_t2.asm.obj (.text)
                  00002c62    0000001c                                   : memccpy.c.obj (.text:memccpy)
                  00002c7e    00000018                                   : sprintf.c.obj (.text:_outs)
                  00002c96    00000016                                   : strchr.c.obj (.text:strchr)
                  00002cac    00000014                                   : s_copysign.c.obj (.text:copysign)
                  00002cc0    00000014                                   : strlen.c.obj (.text:strlen)
                  00002cd4    00000012                                   : copy_zero_init.c.obj (.text:decompress:ZI:__TI_zero_init_nomemset:__TI_zero_init_nomemset)
                  00002ce6    00000012                                   : wcslen.c.obj (.text:wcslen)
                  00002cf8    0000000e                                   : copy_decompress_none.c.obj (.text:decompress:none:__TI_decompress_none)
                  00002d06    0000000e     startup_msp432p401r_ccs.obj (.text)
                  00002d14    0000000a     rtsv7M4_T_le_v4SPD16_eabi.lib : sprintf.c.obj (.text:_outc)
                  00002d1e    00000002     --HOLE-- [fill = 0]
                  00002d20    00000008                                   : errno.c.obj (.text:__aeabi_errno_addr)
                  00002d28    00000004                                   : pre_init.c.obj (.text:_system_pre_init)
                  00002d2c    00000004                                   : exit.c.obj (.text:abort:abort)

.const     0    00002d30    00000134     
                  00002d30    00000101     rtsv7M4_T_le_v4SPD16_eabi.lib : ctype.c.obj (.const:.string:_ctypes_)
                  00002e31    0000000f     main.obj (.const:.string:$P$T0$1)
                  00002e40    0000000f     main.obj (.const:.string:$P$T2$3)
                  00002e4f    0000000e     main.obj (.const:.string:$P$T3$4)
                  00002e5d    00000007     main.obj (.const:.string:$P$T1$2)

.cinit     0    00002e68    00000038     
                  00002e68    00000011     (.cinit..data.load) [load image, compression = lzss]
                  00002e79    00000003     --HOLE-- [fill = 0]
                  00002e7c    0000000c     (__TI_handler_table)
                  00002e88    00000008     (.cinit..bss.load) [load image, compression = zero_init]
                  00002e90    00000010     (__TI_cinit_table)

.init_array 
*          0    00000000    00000000     UNINITIALIZED

.binit     0    00000000    00000000     

.bss       0    20000000    0000003d     UNINITIALIZED
                  20000000    00000034     (.common:temperature)
                  20000034    00000004     (.common:nADC)
                  20000038    00000002     main.obj (.bss)
                  2000003a    00000001     (.common:hours)
                  2000003b    00000001     (.common:mins)
                  2000003c    00000001     (.common:secs)

.data      0    20000040    0000002c     UNINITIALIZED
                  20000040    00000024     main.obj (.data)
                  20000064    00000004     rtsv7M4_T_le_v4SPD16_eabi.lib : errno.c.obj (.data)
                  20000068    00000004     system_msp432p401r.obj (.data)

.stack     0    2000fe00    00000200     UNINITIALIZED
                  2000fe00    00000004     rtsv7M4_T_le_v4SPD16_eabi.lib : boot_cortex_m.c.obj (.stack)
                  2000fe04    000001fc     --HOLE--

MODULE SUMMARY

       Module                        code    ro data   rw data
       ------                        ----    -------   -------
    .\
       main.obj                      2636    51        194    
       system_msp432p401r.obj        820     0         8      
       startup_msp432p401r_ccs.obj   14      228       0      
    +--+-----------------------------+-------+---------+---------+
       Total:                        3470    279       202    
                                                              
    C:\ti\ccsv8\tools\compiler\ti-cgt-arm_18.1.3.LTS\lib\rtsv7M4_T_le_v4SPD16_eabi.lib
       _printfi.c.obj                4863    0         0      
       fd_add_t2.asm.obj             438     0         0      
       fd_div_t2.asm.obj             310     0         0      
       s_scalbn.c.obj                272     0         0      
       fd_cmp_t2.asm.obj             268     0         0      
       ctype.c.obj                   0       257       0      
       fd_mul_t2.asm.obj             252     0         0      
       memcpy_t2.asm.obj             156     0         0      
       ull_div_t2.asm.obj            150     0         0      
       memset_t2.asm.obj             122     0         0      
       fd_tos_t2.asm.obj             110     0         0      
       copy_decompress_lzss.c.obj    104     0         0      
       s_frexp.c.obj                 100     0         0      
       sprintf.c.obj                 98      0         0      
       ltoa.c.obj                    84      0         0      
       atoi.c.obj                    76      0         0      
       fd_toi_t2.asm.obj             72      0         0      
       autoinit.c.obj                68      0         0      
       boot_cortex_m.c.obj           56      0         0      
       fs_tod_t2.asm.obj             56      0         0      
       i_tofd_t2.asm.obj             46      0         0      
       memccpy.c.obj                 28      0         0      
       strchr.c.obj                  22      0         0      
       s_copysign.c.obj              20      0         0      
       strlen.c.obj                  20      0         0      
       copy_zero_init.c.obj          18      0         0      
       wcslen.c.obj                  18      0         0      
       errno.c.obj                   8       0         8      
       copy_decompress_none.c.obj    14      0         0      
       exit.c.obj                    4       0         0      
       pre_init.c.obj                4       0         0      
       div0.asm.obj                  2       0         0      
    +--+-----------------------------+-------+---------+---------+
       Total:                        7859    257       8      
                                                              
       Stack:                        0       0         1024   
       Linker Generated:             0       53        0      
    +--+-----------------------------+-------+---------+---------+
       Grand Total:                  11329   589       1234   


LINKER GENERATED COPY TABLES

__TI_cinit_table @ 00002e90 records: 2, size/record: 8, table size: 16
	.data: load addr=00002e68, load size=00000011 bytes, run addr=20000040, run size=0000002c bytes, compression=lzss
	.bss: load addr=00002e88, load size=00000008 bytes, run addr=20000000, run size=0000003d bytes, compression=zero_init


LINKER GENERATED HANDLER TABLE

__TI_handler_table @ 00002e7c records: 3, size/record: 4, table size: 12
	index: 0, handler: __TI_decompress_lzss
	index: 1, handler: __TI_decompress_none
	index: 2, handler: __TI_zero_init


GLOBAL SYMBOLS: SORTED ALPHABETICALLY BY Name 

address   name                          
-------   ----                          
00002d13  ADC14_IRQHandler              
00000e83  ADC14_init                    
00002d13  AES256_IRQHandler             
00002d13  BusFault_Handler              
00002d2d  C$$EXIT                       
00002d13  COMP_E0_IRQHandler            
00002d13  COMP_E1_IRQHandler            
00002d13  CS_IRQHandler                 
00002d13  DMA_ERR_IRQHandler            
00002d13  DMA_INT0_IRQHandler           
00002d13  DMA_INT1_IRQHandler           
00002d13  DMA_INT2_IRQHandler           
00002d13  DMA_INT3_IRQHandler           
00002d13  DebugMon_Handler              
00002d13  Default_Handler               
00002d13  EUSCIA0_IRQHandler            
00002d13  EUSCIA1_IRQHandler            
00002d13  EUSCIA2_IRQHandler            
00002d13  EUSCIA3_IRQHandler            
00002d13  EUSCIB0_IRQHandler            
00002d13  EUSCIB1_IRQHandler            
00002d13  EUSCIB2_IRQHandler            
00002d13  EUSCIB3_IRQHandler            
00002d13  FLCTL_IRQHandler              
00002d13  FPU_IRQHandler                
00002d13  HardFault_Handler             
00000dad  LCD_init                      
00000d33  LEDinit                       
00002d13  MemManage_Handler             
00002d13  NMI_Handler                   
00002d13  PCM_IRQHandler                
00001439  PORT1_IRQHandler              
00001439  PORT1_IRQHandler              
00002d13  PORT2_IRQHandler              
00002d13  PORT3_IRQHandler              
00002d13  PORT4_IRQHandler              
00002d13  PORT5_IRQHandler              
00002d13  PORT6_IRQHandler              
00002d13  PSS_IRQHandler                
00002d13  PendSV_Handler                
00000e45  PortADC_init                  
0000110d  PulseEnablePin                
000013b9  RTC_C_IRQHandler              
000013b9  RTC_C_IRQHandler              
00000eb7  RTC_Init                      
00002d07  Reset_Handler                 
00002d13  SVC_Handler                   
00002d13  SysTick_Handler               
20000068  SystemCoreClock               
00001591  SystemCoreClockUpdate         
00001809  SystemInit                    
00002d13  T32_INT1_IRQHandler           
00002d13  T32_INT2_IRQHandler           
00002d13  T32_INTC_IRQHandler           
00002d13  TA0_0_IRQHandler              
00002d13  TA0_N_IRQHandler              
00002d13  TA1_0_IRQHandler              
00002d13  TA1_N_IRQHandler              
000014cb  TA2_0_IRQHandler              
000014cb  TA2_0_IRQHandler              
00002d13  TA2_N_IRQHandler              
00002d13  TA3_0_IRQHandler              
00002d13  TA3_N_IRQHandler              
00002d13  UsageFault_Handler            
4000480c  WDTCTL_SYM                    
00002d13  WDT_A_IRQHandler              
20010000  __STACK_END                   
00000200  __STACK_SIZE                  
00002e90  __TI_CINIT_Base               
00002ea0  __TI_CINIT_Limit              
00002e7c  __TI_Handler_Table_Base       
00002e88  __TI_Handler_Table_Limit      
00002b01  __TI_auto_init_nobinit_nopinit
000028a3  __TI_decompress_lzss          
00002cf9  __TI_decompress_none          
ffffffff  __TI_pprof_out_hndl           
000000e5  __TI_printfi                  
ffffffff  __TI_prof_data_size           
ffffffff  __TI_prof_data_start          
00000000  __TI_static_base__            
00002cd5  __TI_zero_init_nomemset       
00002641  __aeabi_cdcmpeq               
00002641  __aeabi_cdcmple               
000026c7  __aeabi_cdrcmple              
00002835  __aeabi_d2f                   
00002ab9  __aeabi_d2iz                  
00001d0f  __aeabi_dadd                  
00001ff9  __aeabi_ddiv                  
00002361  __aeabi_dmul                  
00001d05  __aeabi_dsub                  
00002d21  __aeabi_errno_addr            
00002bfd  __aeabi_f2d                   
00002c35  __aeabi_i2d                   
00000b43  __aeabi_idiv0                 
00000b43  __aeabi_ldiv0                 
0000274d  __aeabi_memclr                
0000274d  __aeabi_memclr4               
0000274d  __aeabi_memclr8               
0000250f  __aeabi_memcpy                
0000250f  __aeabi_memcpy4               
0000250f  __aeabi_memcpy8               
0000274f  __aeabi_memset                
0000274f  __aeabi_memset4               
0000274f  __aeabi_memset8               
000025ab  __aeabi_uldivmod              
ffffffff  __binit__                     
ffffffff  __c_args__                    
UNDEFED   __mpu_init                    
2000fe00  __stack                       
00002bc5  _c_int00_noargs               
00002d30  _ctypes_                      
UNDEFED   _system_post_cinit            
00002d29  _system_pre_init              
00002d2d  abort                         
20000044  alarm_update                  
00002a6d  atoi                          
ffffffff  binit                         
00000bc9  buttoninit                    
00002cad  copysign                      
00002cad  copysignl                     
000011e5  dataWrite                     
000010db  delay_microsec                
000010b5  delay_ms                      
00000f81  displayinit                   
20000064  errno                         
20000050  fasttimestatus                
0000290d  frexp                         
0000290d  frexpl                        
2000003a  hours                         
00000000  interruptVectors              
00002251  ldexp                         
00002251  ldexpl                        
000029c7  ltoa                          
00000b71  main                          
00002c63  memccpy                       
0000250f  memcpy                        
00002755  memset                        
2000003b  mins                          
20000034  nADC                          
2000005c  onoffstatus                   
00001179  pushByte                      
00001147  pushNibble                    
20000048  pwmLCD                        
0000132f  readpwm                       
00001289  readtemp                      
2000004c  realtimestatus                
00002251  scalbn                        
00002251  scalbnl                       
2000003c  secs                          
20000058  setalarmstatus                
20000054  settimestatus                 
20000060  snoozestatus                  
00000f09  speakerinit                   
00002b45  sprintf                       
00002c97  strchr                        
00002cc1  strlen                        
00001089  systick_start                 
20000000  temperature                   
20000040  time_update                   
00001239  timedisplay                   
00000f4d  timerAinterrupt_init          
000013ab  updatetime                    
00002ce7  wcslen                        
000011b5  write_command                 


GLOBAL SYMBOLS: SORTED BY Symbol Address 

address   name                          
-------   ----                          
00000000  __TI_static_base__            
00000000  interruptVectors              
000000e5  __TI_printfi                  
00000200  __STACK_SIZE                  
00000b43  __aeabi_idiv0                 
00000b43  __aeabi_ldiv0                 
00000b71  main                          
00000bc9  buttoninit                    
00000d33  LEDinit                       
00000dad  LCD_init                      
00000e45  PortADC_init                  
00000e83  ADC14_init                    
00000eb7  RTC_Init                      
00000f09  speakerinit                   
00000f4d  timerAinterrupt_init          
00000f81  displayinit                   
00001089  systick_start                 
000010b5  delay_ms                      
000010db  delay_microsec                
0000110d  PulseEnablePin                
00001147  pushNibble                    
00001179  pushByte                      
000011b5  write_command                 
000011e5  dataWrite                     
00001239  timedisplay                   
00001289  readtemp                      
0000132f  readpwm                       
000013ab  updatetime                    
000013b9  RTC_C_IRQHandler              
000013b9  RTC_C_IRQHandler              
00001439  PORT1_IRQHandler              
00001439  PORT1_IRQHandler              
000014cb  TA2_0_IRQHandler              
000014cb  TA2_0_IRQHandler              
00001591  SystemCoreClockUpdate         
00001809  SystemInit                    
00001d05  __aeabi_dsub                  
00001d0f  __aeabi_dadd                  
00001ff9  __aeabi_ddiv                  
00002251  ldexp                         
00002251  ldexpl                        
00002251  scalbn                        
00002251  scalbnl                       
00002361  __aeabi_dmul                  
0000250f  __aeabi_memcpy                
0000250f  __aeabi_memcpy4               
0000250f  __aeabi_memcpy8               
0000250f  memcpy                        
000025ab  __aeabi_uldivmod              
00002641  __aeabi_cdcmpeq               
00002641  __aeabi_cdcmple               
000026c7  __aeabi_cdrcmple              
0000274d  __aeabi_memclr                
0000274d  __aeabi_memclr4               
0000274d  __aeabi_memclr8               
0000274f  __aeabi_memset                
0000274f  __aeabi_memset4               
0000274f  __aeabi_memset8               
00002755  memset                        
00002835  __aeabi_d2f                   
000028a3  __TI_decompress_lzss          
0000290d  frexp                         
0000290d  frexpl                        
000029c7  ltoa                          
00002a6d  atoi                          
00002ab9  __aeabi_d2iz                  
00002b01  __TI_auto_init_nobinit_nopinit
00002b45  sprintf                       
00002bc5  _c_int00_noargs               
00002bfd  __aeabi_f2d                   
00002c35  __aeabi_i2d                   
00002c63  memccpy                       
00002c97  strchr                        
00002cad  copysign                      
00002cad  copysignl                     
00002cc1  strlen                        
00002cd5  __TI_zero_init_nomemset       
00002ce7  wcslen                        
00002cf9  __TI_decompress_none          
00002d07  Reset_Handler                 
00002d13  ADC14_IRQHandler              
00002d13  AES256_IRQHandler             
00002d13  BusFault_Handler              
00002d13  COMP_E0_IRQHandler            
00002d13  COMP_E1_IRQHandler            
00002d13  CS_IRQHandler                 
00002d13  DMA_ERR_IRQHandler            
00002d13  DMA_INT0_IRQHandler           
00002d13  DMA_INT1_IRQHandler           
00002d13  DMA_INT2_IRQHandler           
00002d13  DMA_INT3_IRQHandler           
00002d13  DebugMon_Handler              
00002d13  Default_Handler               
00002d13  EUSCIA0_IRQHandler            
00002d13  EUSCIA1_IRQHandler            
00002d13  EUSCIA2_IRQHandler            
00002d13  EUSCIA3_IRQHandler            
00002d13  EUSCIB0_IRQHandler            
00002d13  EUSCIB1_IRQHandler            
00002d13  EUSCIB2_IRQHandler            
00002d13  EUSCIB3_IRQHandler            
00002d13  FLCTL_IRQHandler              
00002d13  FPU_IRQHandler                
00002d13  HardFault_Handler             
00002d13  MemManage_Handler             
00002d13  NMI_Handler                   
00002d13  PCM_IRQHandler                
00002d13  PORT2_IRQHandler              
00002d13  PORT3_IRQHandler              
00002d13  PORT4_IRQHandler              
00002d13  PORT5_IRQHandler              
00002d13  PORT6_IRQHandler              
00002d13  PSS_IRQHandler                
00002d13  PendSV_Handler                
00002d13  SVC_Handler                   
00002d13  SysTick_Handler               
00002d13  T32_INT1_IRQHandler           
00002d13  T32_INT2_IRQHandler           
00002d13  T32_INTC_IRQHandler           
00002d13  TA0_0_IRQHandler              
00002d13  TA0_N_IRQHandler              
00002d13  TA1_0_IRQHandler              
00002d13  TA1_N_IRQHandler              
00002d13  TA2_N_IRQHandler              
00002d13  TA3_0_IRQHandler              
00002d13  TA3_N_IRQHandler              
00002d13  UsageFault_Handler            
00002d13  WDT_A_IRQHandler              
00002d21  __aeabi_errno_addr            
00002d29  _system_pre_init              
00002d2d  C$$EXIT                       
00002d2d  abort                         
00002d30  _ctypes_                      
00002e7c  __TI_Handler_Table_Base       
00002e88  __TI_Handler_Table_Limit      
00002e90  __TI_CINIT_Base               
00002ea0  __TI_CINIT_Limit              
20000000  temperature                   
20000034  nADC                          
2000003a  hours                         
2000003b  mins                          
2000003c  secs                          
20000040  time_update                   
20000044  alarm_update                  
20000048  pwmLCD                        
2000004c  realtimestatus                
20000050  fasttimestatus                
20000054  settimestatus                 
20000058  setalarmstatus                
2000005c  onoffstatus                   
20000060  snoozestatus                  
20000064  errno                         
20000068  SystemCoreClock               
2000fe00  __stack                       
20010000  __STACK_END                   
4000480c  WDTCTL_SYM                    
ffffffff  __TI_pprof_out_hndl           
ffffffff  __TI_prof_data_size           
ffffffff  __TI_prof_data_start          
ffffffff  __binit__                     
ffffffff  __c_args__                    
ffffffff  binit                         
UNDEFED   __mpu_init                    
UNDEFED   _system_post_cinit            

[164 symbols]
